01-02 04:19:14.493   827   827 I vold    : [libfs_mgr]__mount(source=/dev/block/dm-8,target=/data,type=f2fs)=0: Success
01-02 04:19:14.511   150   150 E ipa3_register_rmnet_ll_cb: 294 low lat data pipes are not supported
01-02 04:19:14.516   150   150 E rmnet_ll_ipa_ready(): Registering IPA LL callback failed with rc -6
01-02 04:19:14.493   827   827 D vold    : Mounted /data
01-02 04:19:14.532   150   150 I         : IPA driver is now in ready state
01-02 04:19:14.533   150   150 I ipa_ut_module_init: 1036 Loading IPA test module...
01-02 04:19:14.533   150   150 E ipa-lnx-stats ipa_tlpd_stats_ioctl_init: 1905 IPA ipa_lnx_stats_ioctl major(465) initial ok :>>>>
01-02 04:19:14.544   150   150 E ipa-lnx-stats ipa_tlpd_stats_init: 1928 IPA_LNX_STATS_IOCTL init success
01-02 04:19:14.553   150   150 I         : IPA driver initialization was successful.
01-02 04:19:14.558   827   827 I Checkpoint: cp_prepareCheckpoint called
01-02 04:19:14.581   970   970 D vdc     : Waited 0ms for vold
01-02 04:19:14.577   827   827 I vold    : fscrypt_initialize_systemwide_keys
01-02 04:19:14.577   827   827 D vold    : Key exists, using: /data/unencrypted/key
01-02 04:19:14.600   971   971 D vdc     : Waited 0ms for vold
01-02 04:19:14.635   827   827 D vold    : Installed fscrypt key with ref 19a0bc62d96f601d4610e581058253c9 to /data
01-02 04:19:14.635   827   827 D vold    : Added fscrypt-provisioning key for 19a0bc62d96f601d4610e581058253c9 to session keyring
01-02 04:19:14.636   827   827 I vold    : Wrote system DE key reference to:/data/unencrypted/ref
01-02 04:19:14.636   827   827 D vold    : Generating wrapped storage key
01-02 04:19:14.660   768   768 I fscrypt : AES-256-CTS-CBC using implementation "cts-cbc-aes-ce"
01-02 04:19:14.704   827   827 D vold    : Installed fscrypt key with ref 19c39cf0a5bc3765b00877273443d8b9 to /data
01-02 04:19:14.704   827   827 D vold    : Added fscrypt-provisioning key for 19c39cf0a5bc3765b00877273443d8b9 to session keyring
01-02 04:19:14.704   827   827 I vold    : Wrote per boot key reference to:/data/unencrypted/per_boot_ref
01-02 04:19:14.772   974   974 D vdc     : Waited 0ms for vold
01-02 04:19:14.750   827   827 I incfs   : Initial API level of the device: 33
01-02 04:19:14.750   827   827 I incfs   : ro.incremental.enable: yes
01-02 04:19:14.750   827   827 I incfs   : isFsAvailable: true
01-02 04:19:14.750   827   827 I incfs   : isFsAvailable: true
01-02 04:19:14.750   827   827 I incfs   : IncFs_Features: v2
01-02 04:19:14.751   907   933 I keystore2: keystore2::maintenance: In early_boot_ended.
01-02 04:19:14.752   907   933 I keystore2: keystore2::globals: Touching Keystore 2.0 database for this first time since boot.
01-02 04:19:14.752   907   933 I keystore2: keystore2::globals: Calling cleanup leftovers.
01-02 04:19:14.772   907   933 I keystore2: keystore2::super_key: Starting boot level watcher.
01-02 04:19:14.772   907   976 I keystore2: keystore2::super_key: Read keystore.boot_level value 30
01-02 04:19:14.772   907   933 I keystore2: keystore2::maintenance: Call to earlyBootEnded succeeded for security level TRUSTED_ENVIRONMENT.
01-02 04:19:14.772   907   976 I keystore2: keystore2::super_key: Read keystore.boot_level value 30
01-02 04:19:14.772   907   933 I keystore2: keystore2::maintenance: Call to earlyBootEnded succeeded for security level STRONGBOX.
01-02 04:19:14.831   978   978 I apexd   : This device does not support updatable APEX. Exiting
01-02 04:19:14.831   978   978 I apexd   : Marking APEXd as activated
01-02 04:19:14.895   186   186 F tc956x_pci-eth 0001: 05:00.1: TC956X: [1] Phy detected C22 at ID/ADDR 0
01-02 04:19:14.905   186   186 F tc956x_pci-eth 0001: 05:00.1: TC956X: [1] Phy detected C22 at ID/ADDR 1
01-02 04:19:14.917   186   186 I         : Half duplex not supported in Port0
01-02 04:19:14.922   186   186 F tc956x_pci-eth 0001: 05:00.1: <--tc956xmac_pci_probe : Adding DSP Cut Through Settings
01-02 04:19:14.932   186   186 F tc956x_pci-eth 0001: 05:00.1: tc956xmac_pci_probe : Setting B : Adding DSP Cut Through Settings for DSP2
01-02 04:19:14.943   186   186 F tc956x_pci-eth 0001: 05:00.1: tc956xmac_pci_probe : (Device Usage Count = [2])
01-02 04:19:14.954   186   186 E msm_pcie_probe: RC1 is enabled in bootup
01-02 04:19:14.960   186   186 I tcsr_cc-kalama 1fc0000.clock-controller: sync-state
01-02 04:19:14.960   186   186 I gcc-kalama 100000.clock-controller: sync-state
01-02 04:19:14.993   984   984 D vdc     : Waited 0ms for vold
01-02 04:19:14.970   827   827 D vold    : fscrypt_init_user0
01-02 04:19:14.970   827   827 D vold    : Preparing: /data/misc/vold/user_keys
01-02 04:19:14.971   827   827 D vold    : Preparing: /data/misc/vold/user_keys/ce
01-02 04:19:14.971   827   827 D vold    : Preparing: /data/misc/vold/user_keys/de
01-02 04:19:15.030   827   827 D vold    : Installed fscrypt key with ref 797a5d40def6b9aa0e483ecf21b9e9aa to /data
01-02 04:19:15.030   827   827 D vold    : Added fscrypt-provisioning key for 797a5d40def6b9aa0e483ecf21b9e9aa to session keyring
01-02 04:19:15.030   827   827 D vold    : Installed de key for user 0
01-02 04:19:15.030   827   827 D vold    : fscrypt_prepare_user_storage for volume null, user 0, serial 0, flags 1
01-02 04:19:15.030   827   827 D vold    : Preparing: /data/system/users/0
01-02 04:19:15.031   827   827 D vold    : Preparing: /data/misc/profiles/cur/0
01-02 04:19:15.031   827   827 D vold    : Preparing: /data/system_de/0
01-02 04:19:15.031   827   827 D vold    : Preparing: /data/vendor_de/0
01-02 04:19:15.031   827   827 D vold    : Preparing: /data/misc_de/0
01-02 04:19:15.032   827   827 D vold    : Preparing: /data/user_de/0
01-02 04:19:15.032   827   827 I vold    : Verified that /data/system_de/0 has the encryption policy 797a5d40def6b9aa0e483ecf21b9e9aa v2 modes 1/4 flags 0xa
01-02 04:19:15.032   827   827 I vold    : Verified that /data/vendor_de/0 has the encryption policy 797a5d40def6b9aa0e483ecf21b9e9aa v2 modes 1/4 flags 0xa
01-02 04:19:15.032   827   827 I vold    : Verified that /data/misc_de/0 has the encryption policy 797a5d40def6b9aa0e483ecf21b9e9aa v2 modes 1/4 flags 0xa
01-02 04:19:15.032   827   827 I vold    : Verified that /data/user_de/0 has the encryption policy 797a5d40def6b9aa0e483ecf21b9e9aa v2 modes 1/4 flags 0xa
01-02 04:19:15.032   827   827 D vold    : /system/bin/vold_prepare_subdirs
01-02 04:19:15.032   827   827 D vold    :     prepare
01-02 04:19:15.032   827   827 D vold    :     
01-02 04:19:15.032   827   827 D vold    :     0
01-02 04:19:15.032   827   827 D vold    :     1
01-02 04:19:15.064   827   827 D vold    : Detected support for FS_IOC_ADD_ENCRYPTION_KEY
01-02 04:19:15.116   995   995 I odsign  : Device doesn't support updatable APEX, exiting.
01-02 04:19:15.132   907   976 I keystore2: keystore2::super_key: keystore.boot_level 1000000000 hits maximum 1000000000, finishing.
01-02 04:19:15.171   997   997 I apexd   : This device does not support updatable APEX. Exiting
01-02 04:19:15.171   997   997 I apexd   : Marking APEXd as ready
01-02 04:19:15.218   216   216 I         : Mass Storage Function, version: 2009/09/11
01-02 04:19:15.218   216   216 I LUN     : removable file: (no medium)
01-02 04:19:15.220   216   216 I         : file system registered
01-02 04:19:15.221   216   216 I f_cdev_alloc: port_name:at_usb0 (ffffff8048b04800) portno:(0)
01-02 04:19:15.222   216   216 I f_cdev_alloc: port_name:at_usb1 (ffffff8048b07800) portno:(1)
01-02 04:19:15.223   216   216 I f_cdev_alloc: port_name:at_usb2 (ffffff8048b05800) portno:(2)
01-02 04:19:15.227   216   216 W         : using random self ethernet address
01-02 04:19:15.227   216   216 W         : using random host ethernet address
01-02 04:19:15.504   103   103 I msm_pcie_enable: PCIe: Assert the reset of endpoint of RC0.
01-02 04:19:15.508   103   103 I msm_pcie_enable: PCIe: RC0: PCIE20_PARF_INT_ALL_MASK: 0x7f80d202
01-02 04:19:15.510   103   103 I pcie_phy_init: PCIe RC0 PHY is ready!
01-02 04:19:15.520   103   103 I msm_pcie_enable: PCIe: Release the reset of endpoint of RC0.
01-02 04:19:15.558     1     1 E         : WARNING: Unprivileged eBPF is enabled, data leaks possible via Spectre v2 BHB attacks!
01-02 04:19:15.588  1044  1044 D LibBpfLoader: Loading optional ELF object /apex/com.android.tethering/etc/bpf/test.o with license Apache 2.0
01-02 04:19:15.588  1044  1044 I LibBpfLoader: Section bpfloader_min_ver value is 2 [0x2]
01-02 04:19:15.588  1044  1044 I LibBpfLoader: Section bpfloader_max_ver value is 65536 [0x10000]
01-02 04:19:15.588  1044  1044 I LibBpfLoader: Section size_of_bpf_map_def value is 116 [0x74]
01-02 04:19:15.588  1044  1044 I LibBpfLoader: Section size_of_bpf_prog_def value is 92 [0x5c]
01-02 04:19:15.588  1044  1044 I LibBpfLoader: BpfLoader version 0x00013 processing ELF object /apex/com.android.tethering/etc/bpf/test.o with ver [0x00002,0x10000)
01-02 04:19:15.588  1044  1044 D LibBpfLoader: Loaded code section 3 (xdp_drop_ipv4_udp_ether)
01-02 04:19:15.588  1044  1044 D LibBpfLoader: Adding section 3 to cs list
01-02 04:19:15.588  1044  1044 D LibBpfLoader: Couldn't find section btf_min_bpfloader_ver (defaulting to 0 [0x0]).
01-02 04:19:15.588  1044  1044 D LibBpfLoader: Couldn't find section btf_min_kernel_ver (defaulting to 0 [0x0]).
01-02 04:19:15.730   103   103 I msm_pcie_link_train: PCIe RC0 link initialized
01-02 04:19:15.753   103   103 W genirq  : irq_chip gic_msm_pci_msi did not update eff. affinity mask of irq 403
01-02 04:19:15.754   582   582 W cnss_pci 0000: 01:00.0: Direct firmware load for kiwi/amss20.bin failed with error -2
01-02 04:19:15.754   582   582 W cnss_pci 0000: 01:00.0: Falling back to sysfs fallback for: kiwi/amss20.bin
01-02 04:19:15.877   186   186 I (virq   : irq_count)- GICv3:IPI(2):204145 GICv3:IPI(1):13456 GICv3:arch_timer(11):7894 GICv3:IPI(6):4338 GICv3:ufshcd(33):3335 GICv3:i2c_geni(364):2331 GICv3:apps_rsc-drv-2(20):572 GICv3:ipcc_0(35):244 ipcc:aoss-qmp(359):193 GICv3:i2c_geni(363):78
01-02 04:19:15.877   186   186 I (cpu    : irq_count)- 0:35373 1:27844 2:28113 3:28672 4:28095 5:29447 6:28561 7:30722
01-02 04:19:15.877   186   186 I (ipi    : irq_count)- 0:13456 1:204145 2:0 3:0 4:0 5:4338 6:0
01-02 04:19:15.892  1044  1044 W printk  : bpfloader: 1650 output lines suppressed due to ratelimiting
01-02 04:19:15.892     1     1 I init    : Service 'bpfloader' (pid 1044) exited with status 0 waiting took 0.322000 seconds
01-02 04:19:15.892     1     1 I init    : Sending signal 9 to service 'bpfloader' (pid 1044) process group...
01-02 04:19:15.892     1     1 I libprocessgroup: Successfully killed process cgroup uid 0 pid 1044 in 0ms
01-02 04:19:15.893     1     1 I init    : processing action (ro.crypto.state=encrypted && ro.crypto.type=file && zygote-start) from (/system/etc/init/hw/init.rc:1063)
01-02 04:19:15.893     1     1 I init    : start_waiting_for_property("odsign.verification.done", "1"): already set
01-02 04:19:15.893     1     1 I init    : starting service 'update_verifier_nonencrypted'...
01-02 04:19:15.895     1     1 I init    : SVC_EXEC service 'update_verifier_nonencrypted' pid 1070 (uid 0 gid 2001+1 context default) started; waiting...
01-02 04:19:15.909  1070  1070 I update_verifier: Started with arg 1: nonencrypted
01-02 04:19:15.911  1070  1070 I update_verifier: Booting slot 0: isSlotMarkedSuccessful=1
01-02 04:19:15.911  1070  1070 I update_verifier: Leaving update_verifier.
01-02 04:19:15.914     1     1 I init    : Service 'update_verifier_nonencrypted' (pid 1070) exited with status 0 waiting took 0.020000 seconds
01-02 04:19:15.914     1     1 I init    : Sending signal 9 to service 'update_verifier_nonencrypted' (pid 1070) process group...
01-02 04:19:15.914     1     1 I libprocessgroup: Successfully killed process cgroup uid 0 pid 1070 in 0ms
01-02 04:19:16.001    84    84 I cfg80211: failed to load regulatory.db
01-02 04:19:16.025   716   716 I [drm:dsi_display_firmware_display [msm_drm]] [msm-dsi-info]: no firmware available, fallback to device node
01-02 04:19:16.025   157   157 I [drm:dsi_display_firmware_display [msm_drm]] [msm-dsi-info]: no firmware available, fallback to device node
01-02 04:19:16.026   716   716 E OF      : graph: no port node found in /soc/qcom,dsi-display-primary
01-02 04:19:16.033   716   716 W [drm] [msm-dsi-warn]: [boe4k edp ext video mode dsi bridge] fallback to default te-pin-select
01-02 04:19:16.034   716   716 W msm-dsi-display soc: qcom,dsi-display-primary: supply 12v_en not found, using dummy regulator
01-02 04:19:16.038   716   716 W msm-dsi-display soc: qcom,dsi-display-primary: supply 3v33_en not found, using dummy regulator
01-02 04:19:16.038   716   716 W msm-dsi-display soc: qcom,dsi-display-primary: supply 1v25_en not found, using dummy regulator
01-02 04:19:16.172   716   716 I [drm:dsi_display_bind [msm_drm]] [msm-dsi-info]: Successfully bind display panel 'qcom,mdss_dsi_edp_ext_boe_9711_bridge '
01-02 04:19:16.172   716   716 I msm_drm ae00000.qcom,mdss_mdp: bound soc:qcom,dsi-display-primary (ops dsi_display_comp_ops [msm_drm])
01-02 04:19:16.173   716   716 I msm_drm ae00000.qcom,mdss_mdp: bound soc:qcom,dsi-display-secondary (ops dsi_display_comp_ops [msm_drm])
01-02 04:19:16.173   716   716 I msm_drm ae00000.qcom,mdss_mdp: bound soc:qcom,smmu_sde_unsec_cb (ops msm_smmu_comp_ops [msm_drm])
01-02 04:19:16.173   716   716 I msm_drm ae00000.qcom,mdss_mdp: bound soc:qcom,wb-display@1 (ops sde_wb_comp_ops [msm_drm])
01-02 04:19:16.173   716   716 I msm_drm ae00000.qcom,mdss_mdp: bound soc:qcom,wb-display@2 (ops sde_wb_comp_ops [msm_drm])
01-02 04:19:16.174   716   716 I msm_drm ae00000.qcom,mdss_mdp: bound af20000.qcom,sde_rscc (ops sde_rsc_comp_ops [msm_drm])
01-02 04:19:16.174   716   716 I msm_drm ae00000.qcom,mdss_mdp: bound ae90000.qcom,dp_display (ops dp_display_comp_ops [msm_drm])
01-02 04:19:16.174   716   716 I         : [drm] mapped mdp address space @ffffffc017c00000
01-02 04:19:16.175   716   716 I         : [drm:_sde_kms_hw_init_blocks:4910] sde hardware revision:0x90000001
01-02 04:19:16.186   716   716 I [drm:dsi_panel_get_mode [msm_drm]] [msm-dsi-info]: default topology: lm: 2 comp_enc:0 intf: 2
01-02 04:19:16.188   716   716 I         : [drm:dp_pll_get][msm-dp-info][716 ]revision=DP_PLL_4NM_V1_1, ssc_en=0, bonding_en=0
01-02 04:19:16.190   716   716 I irq     : IRQ439: trimming hierarchy from :soc:interrupt-controller@b220000-9
01-02 04:19:16.190   716   716 I         : [drm:dp_display_initialize_hdcp][msm-dp-info][716 ]HDCP 1.3 initialized
01-02 04:19:16.190   716   716 I         : [drm:dp_display_initialize_hdcp][msm-dp-info][716 ]HDCP 2.2 initialized
01-02 04:19:16.192   716   716 I         : [drm:dp_mst_init][msm-dp-info][716 ]dp drm mst topology manager init completed
01-02 04:19:16.195   716   716 I gh_msgq : Registered client for label: 2
01-02 04:19:16.203   716   716 I         : [drm] Initialized msm_drm 1.4.0 20130625 for ae00000.qcom,mdss_mdp on minor 0
01-02 04:19:16.203   716   716 I         : [drm] cont_splash feature not enabled
01-02 04:19:16.229   716   716 I remoteproc1: powering up 3000000.remoteproc-adsp
01-02 04:19:16.229   716   716 W remoteproc1: Direct firmware load for adsp.mdt failed with error -2
01-02 04:19:16.229   716   716 W remoteproc1: Falling back to sysfs fallback for: adsp.mdt
01-02 04:19:16.232  1140  1140 I remoteproc2: powering up 32300000.remoteproc-cdsp
01-02 04:19:16.232  1140  1140 W remoteproc2: Direct firmware load for cdsp.mdt failed with error -2
01-02 04:19:16.232  1140  1140 W remoteproc2: Falling back to sysfs fallback for: cdsp.mdt
01-02 04:19:16.240  1141  1141 I msm_cvp : sess: init.qti.write. opening cvp instance: ffffff8808340000 type 3 cnt 0
01-02 04:19:16.242  1144  1144 I ueventd : firmware: loading 'adsp.mdt' for '/devices/platform/soc/3000000.remoteproc-adsp/remoteproc/remoteproc1/adsp.mdt'
01-02 04:19:16.243  1141  1141 I msm_cvp : pwr: cvp (eva) powered on
01-02 04:19:16.243  1141  1141 W msm_cvp ab00000.qcom,cvp: Direct firmware load for evass.mbn failed with error -2
01-02 04:19:16.243  1141  1141 W msm_cvp ab00000.qcom,cvp: Falling back to sysfs fallback for: evass.mbn
01-02 04:19:16.243  1144  1144 I ueventd : loading /devices/platform/soc/3000000.remoteproc-adsp/remoteproc/remoteproc1/adsp.mdt took 1ms
01-02 04:19:16.245   716   716 I remoteproc1: Booting fw image adsp.mdt, size 8364
01-02 04:19:16.245   716   716 W qcom_q6v5_pas 3000000.remoteproc-adsp: Direct firmware load for adsp_dtb.mdt failed with error -2
01-02 04:19:16.245   716   716 W qcom_q6v5_pas 3000000.remoteproc-adsp: Falling back to sysfs fallback for: adsp_dtb.mdt
01-02 04:19:16.248  1145  1145 I ueventd : firmware: loading 'cdsp.mdt' for '/devices/platform/soc/32300000.remoteproc-cdsp/remoteproc/remoteproc2/cdsp.mdt'
01-02 04:19:16.249  1146  1146 I ueventd : firmware: loading 'evass.mbn' for '/devices/platform/soc/ab00000.qcom,cvp/firmware/evass.mbn'
01-02 04:19:16.249  1145  1145 I ueventd : loading /devices/platform/soc/32300000.remoteproc-cdsp/remoteproc/remoteproc2/cdsp.mdt took 1ms
01-02 04:19:16.249  1140  1140 I remoteproc2: Booting fw image cdsp.mdt, size 5084
01-02 04:19:16.249  1140  1140 W qcom_q6v5_pas 32300000.remoteproc-cdsp: Direct firmware load for cdsp_dtb.mdt failed with error -2
01-02 04:19:16.249  1140  1140 W qcom_q6v5_pas 32300000.remoteproc-cdsp: Falling back to sysfs fallback for: cdsp_dtb.mdt
01-02 04:19:16.255  1147  1147 I ueventd : firmware: loading 'adsp_dtb.mdt' for '/devices/platform/soc/3000000.remoteproc-adsp/firmware/adsp_dtb.mdt'
01-02 04:19:16.256  1147  1147 I ueventd : loading /devices/platform/soc/3000000.remoteproc-adsp/firmware/adsp_dtb.mdt took 1ms
01-02 04:19:16.256   716   716 W qcom_q6v5_pas 3000000.remoteproc-adsp: Direct firmware load for adsp_dtb.b02 failed with error -2
01-02 04:19:16.256   716   716 W qcom_q6v5_pas 3000000.remoteproc-adsp: Falling back to sysfs fallback for: adsp_dtb.b02
01-02 04:19:16.257  1146  1146 I ueventd : loading /devices/platform/soc/ab00000.qcom,cvp/firmware/evass.mbn took 8ms
01-02 04:19:16.259  1149  1149 I ueventd : firmware: loading 'cdsp_dtb.mdt' for '/devices/platform/soc/32300000.remoteproc-cdsp/firmware/cdsp_dtb.mdt'
01-02 04:19:16.262  1152  1152 I ueventd : firmware: loading 'adsp_dtb.b02' for '/devices/platform/soc/3000000.remoteproc-adsp/firmware/adsp_dtb.b02'
01-02 04:19:16.267  1143  1143 I         : read descriptors
01-02 04:19:16.267  1143  1143 I         : read strings
01-02 04:19:16.267  1143  1143 I         : read descriptors
01-02 04:19:16.267  1143  1143 I         : read strings
01-02 04:19:16.268   103   103 I cnss    : QMI WLFW service connected, state: 0x2c00009
01-02 04:19:16.270  1140  1140 W qcom_q6v5_pas 32300000.remoteproc-cdsp: Direct firmware load for cdsp_dtb.b02 failed with error -2
01-02 04:19:16.270  1140  1140 W qcom_q6v5_pas 32300000.remoteproc-cdsp: Falling back to sysfs fallback for: cdsp_dtb.b02
01-02 04:19:16.274  1143  1143 I         : read descriptors
01-02 04:19:16.274  1143  1143 I         : read strings
01-02 04:19:16.275   716   716 W qcom_q6v5_pas 3000000.remoteproc-adsp: Direct firmware load for adsp_dtb.b01 failed with error -2
01-02 04:19:16.275   716   716 W qcom_q6v5_pas 3000000.remoteproc-adsp: Falling back to sysfs fallback for: adsp_dtb.b01
01-02 04:19:16.291   716   716 I adsprpc : fastrpc_restart_notifier_cb: subsystem lpass is about to start
01-02 04:19:16.296   689   689 I msm_cvp : err: hfi_process_sys_get_prop_image_version: bad_pkt: -316
01-02 04:19:16.296   689   689 I msm_cvp : fw: <CFW_E:HostDr:--------:-> [13368941]: VenusHostDriver_SetSysProperty(595): QC_IMAGE_VERSION_STRING=EVA.FIRMWARE.3.1-17
01-02 04:19:16.297  1141  1141 E synx    : session 0 not available, pid: 1141
01-02 04:19:16.298  1140  1140 W qcom_q6v5_pas 32300000.remoteproc-cdsp: Direct firmware load for cdsp_dtb.b01 failed with error -2
01-02 04:19:16.302  1140  1140 W qcom_q6v5_pas 32300000.remoteproc-cdsp: Falling back to sysfs fallback for: cdsp_dtb.b01
01-02 04:19:16.303  1141  1141 E synx    : synx_uninitialize: invalid session id 0
01-02 04:19:16.309  1141  1141 I msm_cvp : init.qti.write.: closed cvp instance: ffffff8808340000 session_id = 0 type 3 0
01-02 04:19:16.317   716   716 W qcom_q6v5_pas 3000000.remoteproc-adsp: Direct firmware load for adsp.b56 failed with error -2
01-02 04:19:16.317   716   716 W qcom_q6v5_pas 3000000.remoteproc-adsp: Falling back to sysfs fallback for: adsp.b56
01-02 04:19:16.318  1140  1140 I adsprpc : fastrpc_restart_notifier_cb: subsystem cdsp is about to start
01-02 04:19:16.322  1140  1140 W qcom_q6v5_pas 32300000.remoteproc-cdsp: Direct firmware load for cdsp.b15 failed with error -2
01-02 04:19:16.322  1140  1140 W qcom_q6v5_pas 32300000.remoteproc-cdsp: Falling back to sysfs fallback for: cdsp.b15
01-02 04:19:16.335   716   716 W qcom_q6v5_pas 3000000.remoteproc-adsp: Direct firmware load for adsp.b01 failed with error -2
01-02 04:19:16.335   716   716 W qcom_q6v5_pas 3000000.remoteproc-adsp: Falling back to sysfs fallback for: adsp.b01
01-02 04:19:16.338  1140  1140 W qcom_q6v5_pas 32300000.remoteproc-cdsp: Direct firmware load for cdsp.b01 failed with error -2
01-02 04:19:16.338  1140  1140 W qcom_q6v5_pas 32300000.remoteproc-cdsp: Falling back to sysfs fallback for: cdsp.b01
01-02 04:19:16.339   103   103 I cnss    : serial id  0x0 0x5bcd8020
01-02 04:19:16.345   716   716 W qcom_q6v5_pas 3000000.remoteproc-adsp: Direct firmware load for adsp.b02 failed with error -2
01-02 04:19:16.345   716   716 W qcom_q6v5_pas 3000000.remoteproc-adsp: Falling back to sysfs fallback for: adsp.b02
01-02 04:19:16.358  1140  1140 W qcom_q6v5_pas 32300000.remoteproc-cdsp: Direct firmware load for cdsp.b02 failed with error -2
01-02 04:19:16.358  1140  1140 W qcom_q6v5_pas 32300000.remoteproc-cdsp: Falling back to sysfs fallback for: cdsp.b02
01-02 04:19:16.385   716   716 W qcom_q6v5_pas 3000000.remoteproc-adsp: Direct firmware load for adsp.b03 failed with error -2
01-02 04:19:16.385   716   716 W qcom_q6v5_pas 3000000.remoteproc-adsp: Falling back to sysfs fallback for: adsp.b03
01-02 04:19:16.388  1220  1220 E smcinvoke: process_accept_req: Setting pid:1220, server id : 32 state to defunct
01-02 04:19:16.395   716   716 W qcom_q6v5_pas 3000000.remoteproc-adsp: Direct firmware load for adsp.b04 failed with error -2
01-02 04:19:16.397   716   716 W qcom_q6v5_pas 3000000.remoteproc-adsp: Falling back to sysfs fallback for: adsp.b04
--------- beginning of crash
01-02 04:19:15.853  1142  1255 F libc    : FORTIFY: pthread_mutex_lock called on a destroyed mutex (0x65004f0968)
01-02 04:19:15.853  1142  1255 F libc    : Fatal signal 6 (SIGABRT), code -1 (SI_QUEUE) in tid 1255 (qwes exp), pid 1142 (ssgtzd)
01-02 04:19:15.856  1142  1237 F libc    : FORTIFY: pthread_mutex_lock called on a destroyed mutex (0x65004f0968)
01-02 04:19:16.414   716   716 W qcom_q6v5_pas 3000000.remoteproc-adsp: Direct firmware load for adsp.b05 failed with error -2
01-02 04:19:16.414   716   716 W qcom_q6v5_pas 3000000.remoteproc-adsp: Falling back to sysfs fallback for: adsp.b05
01-02 04:19:16.428  1140  1140 W qcom_q6v5_pas 32300000.remoteproc-cdsp: Direct firmware load for cdsp.b03 failed with error -2
01-02 04:19:16.428  1140  1140 W qcom_q6v5_pas 32300000.remoteproc-cdsp: Falling back to sysfs fallback for: cdsp.b03
01-02 04:19:15.875  1207  1207 I android.hardware.wifi@1.0-service: Wifi Hal is booting up...
01-02 04:19:16.431   716   716 W qcom_q6v5_pas 3000000.remoteproc-adsp: Direct firmware load for adsp.b06 failed with error -2
01-02 04:19:16.431   716   716 W qcom_q6v5_pas 3000000.remoteproc-adsp: Falling back to sysfs fallback for: adsp.b06
01-02 04:19:16.433   103   103 I cnss    : Host BDF config: HW_XPA: 1 CalDB: 0
01-02 04:19:15.878  1207  1207 I HidlServiceManagement: Registered android.hardware.wifi@1.6::IWifi/default
01-02 04:19:16.443  1140  1140 W qcom_q6v5_pas 32300000.remoteproc-cdsp: Direct firmware load for cdsp.b04 failed with error -2
01-02 04:19:16.443  1140  1140 W qcom_q6v5_pas 32300000.remoteproc-cdsp: Falling back to sysfs fallback for: cdsp.b04
01-02 04:19:16.444   716   716 W qcom_q6v5_pas 3000000.remoteproc-adsp: Direct firmware load for adsp.b07 failed with error -2
01-02 04:19:16.444   716   716 W qcom_q6v5_pas 3000000.remoteproc-adsp: Falling back to sysfs fallback for: adsp.b07
01-02 04:19:16.455   716   716 W qcom_q6v5_pas 3000000.remoteproc-adsp: Direct firmware load for adsp.b08 failed with error -2
01-02 04:19:16.455   716   716 W qcom_q6v5_pas 3000000.remoteproc-adsp: Falling back to sysfs fallback for: adsp.b08
01-02 04:19:16.459  1140  1140 W qcom_q6v5_pas 32300000.remoteproc-cdsp: Direct firmware load for cdsp.b05 failed with error -2
01-02 04:19:16.459  1140  1140 W qcom_q6v5_pas 32300000.remoteproc-cdsp: Falling back to sysfs fallback for: cdsp.b05
01-02 04:19:15.907  1233  1233 D spcomlib: [spcom_register_client] SPCom register client: ch_name[spuhalssr], PID[0x43d4b4f8]
01-02 04:19:15.907  1233  1233 D spcomlib: [spcom_ch_register] SPCom channel register cmd: ch_name[spuhalssr], PID [0x43d4b4f8]
01-02 04:19:15.907  1233  1233 D spcomlib: [open_control_ch] Control channel opened successfully
01-02 04:19:15.907  1233  1233 D spcomlib: [spcom_ioctl] spcom_ioctl: command ID [1075860458]
01-02 04:19:15.907  1233  1233 D spcomlib: [spcom_ch_register] SPCom register cmd done: ch_name[spuhalssr]
01-02 04:19:15.907  1233  1233 D spcomlib: [spcom_add_ssr_cb] SPCom add SSR callback: ch_name[spuhalssr], cb[0x618a3a5b98]
01-02 04:19:15.907  1233  1233 D spcomlib: [add_ssr_cb] ssr cb added at entry 0!
01-02 04:19:15.907  1233  1233 D spcomlib: [start_ssr_thread] main thread pid[0x43d4b4f8]
01-02 04:19:15.907  1233  1233 D spcomlib: [start_ssr_thread] Wait for SSR thread to run
01-02 04:19:15.908  1233  1233 D spcomlib: [start_ssr_thread] pthread_cond_wait ret [0]
01-02 04:19:15.908  1233  1233 D spcomlib: [start_ssr_thread] start ssr thread done
01-02 04:19:15.908  1233  1233 D spcomlib: [spcom_add_ssr_cb] SPCom add SSR callback done: ch_name[spuhalssr], cb[0x618a3a5b98]
01-02 04:19:15.908  1233  1233 D spcomlib: [add_ch] add ch [spuhalssr].
01-02 04:19:15.908  1233  1233 D spcomlib: [spcom_register_client] SPCom register done: ch_name[spuhalssr]
01-02 04:19:15.909  1233  1286 D spcomlib: [notify_ssr_thread] notify SSR thread started
01-02 04:19:15.909  1233  1286 D spcomlib: [spcom_check_link_up_state] SPCom check for link up: wait[1], event_id[100]
01-02 04:19:15.909  1233  1286 D spcomlib: [spcom_ioctl] spcom_ioctl: command ID [3222295528]
01-02 04:19:16.472   716   716 W qcom_q6v5_pas 3000000.remoteproc-adsp: Direct firmware load for adsp.b09 failed with error -2
01-02 04:19:16.472   716   716 W qcom_q6v5_pas 3000000.remoteproc-adsp: Falling back to sysfs fallback for: adsp.b09
01-02 04:19:16.474  1187  1187 E smcinvoke: process_accept_req: process_accept_req txn 2 either invalid or removed from Q
01-02 04:19:16.477  1140  1140 W qcom_q6v5_pas 32300000.remoteproc-cdsp: Direct firmware load for cdsp.b06 failed with error -2
01-02 04:19:16.485  1140  1140 W qcom_q6v5_pas 32300000.remoteproc-cdsp: Falling back to sysfs fallback for: cdsp.b06
01-02 04:19:16.533   716   716 W qcom_q6v5_pas 3000000.remoteproc-adsp: Direct firmware load for adsp.b10 failed with error -2
01-02 04:19:16.533   716   716 W qcom_q6v5_pas 3000000.remoteproc-adsp: Falling back to sysfs fallback for: adsp.b10
01-02 04:19:16.535   712   712 I binder  : undelivered transaction 601, process died.
01-02 04:19:16.539  1293  1293 W kgsl-3d 3d00000.qcom,kgsl-3d0: Direct firmware load for a740_sqe.fw failed with error -2
01-02 04:19:16.539  1293  1293 W kgsl-3d 3d00000.qcom,kgsl-3d0: Falling back to sysfs fallback for: a740_sqe.fw
01-02 04:19:16.544  1140  1140 W qcom_q6v5_pas 32300000.remoteproc-cdsp: Direct firmware load for cdsp.b07 failed with error -2
01-02 04:19:16.544  1140  1140 W qcom_q6v5_pas 32300000.remoteproc-cdsp: Falling back to sysfs fallback for: cdsp.b07
01-02 04:19:16.556   716   716 W qcom_q6v5_pas 3000000.remoteproc-adsp: Direct firmware load for adsp.b11 failed with error -2
01-02 04:19:16.556   716   716 W qcom_q6v5_pas 3000000.remoteproc-adsp: Falling back to sysfs fallback for: adsp.b11
01-02 04:19:16.007  1272  1272 F DEBUG   : *** *** *** *** *** *** *** *** *** *** *** *** *** *** *** ***
01-02 04:19:16.007  1272  1272 F DEBUG   : Build fingerprint: 'qti/kalama/kalama:13/TKQ1.240913.001/eng.bsp.20241126.112927:userdebug/test-keys'
01-02 04:19:16.565  1140  1140 W qcom_q6v5_pas 32300000.remoteproc-cdsp: Direct firmware load for cdsp.b08 failed with error -2
01-02 04:19:16.565  1140  1140 W qcom_q6v5_pas 32300000.remoteproc-cdsp: Falling back to sysfs fallback for: cdsp.b08
01-02 04:19:16.567   150   150 I cnss    : CAL DB file not required as per BDF
01-02 04:19:16.007  1272  1272 F DEBUG   : Revision: '0'
01-02 04:19:16.007  1272  1272 F DEBUG   : ABI: 'arm64'
01-02 04:19:16.007  1272  1272 F DEBUG   : Timestamp: 1970-01-02 04:19:15.925840155+0000
01-02 04:19:16.007  1272  1272 F DEBUG   : Process uptime: 1s
01-02 04:19:16.007  1272  1272 F DEBUG   : Cmdline: /vendor/bin/ssgtzd
01-02 04:19:16.007  1272  1272 F DEBUG   : pid: 1142, tid: 1255, name: qwes exp  >>> /vendor/bin/ssgtzd <<<
01-02 04:19:16.007  1272  1272 F DEBUG   : uid: 1000
01-02 04:19:16.007  1272  1272 F DEBUG   : tagged_addr_ctrl: 0000000000000001 (PR_TAGGED_ADDR_ENABLE)
01-02 04:19:16.007  1272  1272 F DEBUG   : pac_enabled_keys: 000000000000000f (PR_PAC_APIAKEY, PR_PAC_APIBKEY, PR_PAC_APDAKEY, PR_PAC_APDBKEY)
01-02 04:19:16.008  1272  1272 F DEBUG   : signal 6 (SIGABRT), code -1 (SI_QUEUE), fault addr --------
01-02 04:19:16.008  1272  1272 F DEBUG   : Abort message: 'FORTIFY: pthread_mutex_lock called on a destroyed mutex (0x65004f0968)'
01-02 04:19:16.008  1272  1272 F DEBUG   :     x0  0000000000000000  x1  00000000000004e7  x2  0000000000000006  x3  0000006ea5c37340
01-02 04:19:16.008  1272  1272 F DEBUG   :     x4  0000000000008080  x5  0000000000008080  x6  0000000000008080  x7  8080000000000000
01-02 04:19:16.008  1272  1272 F DEBUG   :     x8  00000000000000f0  x9  00000071a54d0b28  x10 0000000000000001  x11 00000071a551084c
01-02 04:19:16.008  1272  1272 F DEBUG   :     x12 0101010101010101  x13 000000007fffffff  x14 0000000000000f1a  x15 0000000000000078
01-02 04:19:16.008  1272  1272 F DEBUG   :     x16 00000071a5578d68  x17 00000071a55544e0  x18 0000006e98256000  x19 0000000000000476
01-02 04:19:16.008  1272  1272 F DEBUG   :     x20 00000000000004e7  x21 00000000ffffffff  x22 00000071ad80e3a0  x23 00000065004f0000
01-02 04:19:16.008  1272  1272 F DEBUG   :     x24 00000065004f0000  x25 0000006ea5c38000  x26 0000000195a64334  x27 00000071ad80e3a0
01-02 04:19:16.008  1272  1272 F DEBUG   :     x28 b400006ecfe27c70  x29 0000006ea5c373c0
01-02 04:19:16.008  1272  1272 F DEBUG   :     lr  00000071a5501788  sp  0000006ea5c37320  pc  00000071a55017b4  pst 0000000000001000
01-02 04:19:16.008  1272  1272 F DEBUG   : backtrace:
01-02 04:19:16.008  1272  1272 F DEBUG   :       #00 pc 00000000000527b4  /apex/com.android.runtime/lib64/bionic/libc.so (abort+168) (BuildId: bf5f1ce73f89cca7d6a062eb7877e86a)
01-02 04:19:16.009  1272  1272 F DEBUG   :       #01 pc 0000000000054614  /apex/com.android.runtime/lib64/bionic/libc.so (__fortify_fatal(char const*, ...)+128) (BuildId: bf5f1ce73f89cca7d6a062eb7877e86a)
01-02 04:19:16.009  1272  1272 F DEBUG   :       #02 pc 00000000000bb848  /apex/com.android.runtime/lib64/bionic/libc.so (HandleUsingDestroyedMutex(pthread_mutex_t*, char const*)+68) (BuildId: bf5f1ce73f89cca7d6a062eb7877e86a)
01-02 04:19:16.009  1272  1272 F DEBUG   :       #03 pc 00000000000bb6c8  /apex/com.android.runtime/lib64/bionic/libc.so (pthread_mutex_lock+248) (BuildId: bf5f1ce73f89cca7d6a062eb7877e86a)
01-02 04:19:16.009  1272  1272 F DEBUG   :       #04 pc 000000000001d1c0  /vendor/bin/ssgtzd (GetObjectById+84) (BuildId: 9122396d81b1d56de92778548fca84b4)
01-02 04:19:16.012  1272  1272 F DEBUG   :       #05 pc 000000000001d548  /vendor/bin/ssgtzd (GetOrLoadById+84) (BuildId: 9122396d81b1d56de92778548fca84b4)
01-02 04:19:16.012  1272  1272 F DEBUG   :       #06 pc 0000000000024f54  /vendor/bin/ssgtzd (GetLicenseManager+156) (BuildId: 9122396d81b1d56de92778548fca84b4)
01-02 04:19:16.012  1272  1272 F DEBUG   :       #07 pc 0000000000022ed0  /vendor/bin/ssgtzd (ExpirationThread.cfi+408) (BuildId: 9122396d81b1d56de92778548fca84b4)
01-02 04:19:16.012  1272  1272 F DEBUG   :       #08 pc 00000000000ba650  /apex/com.android.runtime/lib64/bionic/libc.so (__pthread_start(void*)+208) (BuildId: bf5f1ce73f89cca7d6a062eb7877e86a)
01-02 04:19:16.012  1272  1272 F DEBUG   :       #09 pc 0000000000053ffc  /apex/com.android.runtime/lib64/bionic/libc.so (__start_thread+68) (BuildId: bf5f1ce73f89cca7d6a062eb7877e86a)
01-02 04:19:16.576   716   716 W qcom_q6v5_pas 3000000.remoteproc-adsp: Direct firmware load for adsp.b12 failed with error -2
01-02 04:19:16.576   716   716 W qcom_q6v5_pas 3000000.remoteproc-adsp: Falling back to sysfs fallback for: adsp.b12
01-02 04:19:16.588  1293  1293 W adreno-gen7-gmu 3d68000.qcom,gmu: Direct firmware load for gmu_gen70200.bin failed with error -2
01-02 04:19:16.589  1293  1293 W adreno-gen7-gmu 3d68000.qcom,gmu: Falling back to sysfs fallback for: gmu_gen70200.bin
01-02 04:19:16.595   716   716 W qcom_q6v5_pas 3000000.remoteproc-adsp: Direct firmware load for adsp.b13 failed with error -2
01-02 04:19:16.595   716   716 W qcom_q6v5_pas 3000000.remoteproc-adsp: Falling back to sysfs fallback for: adsp.b13
01-02 04:19:16.597  1140  1140 W qcom_q6v5_pas 32300000.remoteproc-cdsp: Direct firmware load for cdsp.b09 failed with error -2
01-02 04:19:16.597  1140  1140 W qcom_q6v5_pas 32300000.remoteproc-cdsp: Falling back to sysfs fallback for: cdsp.b09
01-02 04:19:16.620  1239  1239 E smcinvoke: process_tzcb_req: server is defunct, state= 1 tzhandle = -2147483611
01-02 04:19:16.621  1140  1140 W qcom_q6v5_pas 32300000.remoteproc-cdsp: Direct firmware load for cdsp.b10 failed with error -2
01-02 04:19:16.630  1140  1140 W qcom_q6v5_pas 32300000.remoteproc-cdsp: Falling back to sysfs fallback for: cdsp.b10
01-02 04:19:16.630   716   716 W qcom_q6v5_pas 3000000.remoteproc-adsp: Direct firmware load for adsp.b14 failed with error -2
01-02 04:19:16.630   716   716 W qcom_q6v5_pas 3000000.remoteproc-adsp: Falling back to sysfs fallback for: adsp.b14
01-02 04:19:16.630  1239  1239 E smcinvoke: process_tzcb_req: server invalid, res: -90
01-02 04:19:16.639  1140  1140 W qcom_q6v5_pas 32300000.remoteproc-cdsp: Direct firmware load for cdsp.b11 failed with error -2
01-02 04:19:16.639  1140  1140 W qcom_q6v5_pas 32300000.remoteproc-cdsp: Falling back to sysfs fallback for: cdsp.b11
01-02 04:19:16.639  1293  1293 W kgsl-3d 3d00000.qcom,kgsl-3d0: Direct firmware load for a740_zap.mbn failed with error -2
01-02 04:19:16.639  1293  1293 W kgsl-3d 3d00000.qcom,kgsl-3d0: Falling back to sysfs fallback for: a740_zap.mbn
01-02 04:19:16.641  1239  1239 E smcinvoke: process_tzcb_req: server is defunct, state= 1 tzhandle = -2147483614
01-02 04:19:16.641   716   716 W qcom_q6v5_pas 3000000.remoteproc-adsp: Direct firmware load for adsp.b15 failed with error -2
01-02 04:19:16.650   716   716 W qcom_q6v5_pas 3000000.remoteproc-adsp: Falling back to sysfs fallback for: adsp.b15
01-02 04:19:16.651  1239  1239 E smcinvoke: process_tzcb_req: server invalid, res: -90
01-02 04:19:16.660   716   716 W qcom_q6v5_pas 3000000.remoteproc-adsp: Direct firmware load for adsp.b16 failed with error -2
01-02 04:19:16.660   716   716 W qcom_q6v5_pas 3000000.remoteproc-adsp: Falling back to sysfs fallback for: adsp.b16
01-02 04:19:16.115  1373  1373 I irsc_util: Starting irsc tool
01-02 04:19:16.116  1373  1373 I irsc_util: Num of entries:298
01-02 04:19:16.117  1373  1373 I irsc_util: Ending irsc tool
01-02 04:19:16.683  1140  1140 W qcom_q6v5_pas 32300000.remoteproc-cdsp: Direct firmware load for cdsp.b12 failed with error -2
01-02 04:19:16.683  1140  1140 W qcom_q6v5_pas 32300000.remoteproc-cdsp: Falling back to sysfs fallback for: cdsp.b12
01-02 04:19:16.684   716   716 W qcom_q6v5_pas 3000000.remoteproc-adsp: Direct firmware load for adsp.b17 failed with error -2
01-02 04:19:16.684   716   716 W qcom_q6v5_pas 3000000.remoteproc-adsp: Falling back to sysfs fallback for: adsp.b17
01-02 04:19:16.696  1140  1140 W qcom_q6v5_pas 32300000.remoteproc-cdsp: Direct firmware load for cdsp.b13 failed with error -2
01-02 04:19:16.696  1140  1140 W qcom_q6v5_pas 32300000.remoteproc-cdsp: Falling back to sysfs fallback for: cdsp.b13
01-02 04:19:16.699   716   716 W qcom_q6v5_pas 3000000.remoteproc-adsp: Direct firmware load for adsp.b18 failed with error -2
01-02 04:19:16.699   716   716 W qcom_q6v5_pas 3000000.remoteproc-adsp: Falling back to sysfs fallback for: adsp.b18
01-02 04:19:16.711   716   716 W qcom_q6v5_pas 3000000.remoteproc-adsp: Direct firmware load for adsp.b19 failed with error -2
01-02 04:19:16.711   716   716 W qcom_q6v5_pas 3000000.remoteproc-adsp: Falling back to sysfs fallback for: adsp.b19
01-02 04:19:16.750   216   216 W SELinux : inode_doinit_use_xattr:  getxattr returned 13 for dev=overlay ino=1452
01-02 04:19:16.222  1074  1074 V Zygote32Timing: PostZygoteInitGC took to complete: 34ms
01-02 04:19:16.222  1074  1074 V Zygote32Timing: ZygoteInit took to complete: 56ms
01-02 04:19:16.787  1364  1364 E         : Error: adsprpc (4513): vppservice: fastrpc_get_info_from_dsp: could not obtain dsp information, err val -19
01-02 04:19:16.810  1140  1140 I adsprpc : fastrpc_restart_notifier_cb: cdsp subsystem is up
01-02 04:19:16.810  1140  1140 I remoteproc2: remote processor 32300000.remoteproc-cdsp is now up
01-02 04:19:16.262   895   895 D spcomlib: [spcom_get_message] SPCom get message cmd done: ch_name[cryptoapp], message size[8]
01-02 04:19:16.263   895   895 D spcomlib: [spcom_sp_sysparam_read_ext] SP_CMD_ID_SYSPARAM_READ returned value (0xA9A3F7D8).
01-02 04:19:16.263   895   895 I spdaemon: sp_keymaster, v73.0.A9A3F7D8
01-02 04:19:16.263   895   895 D spcomlib: [spcom_sp_sysparam_read_ext] Issue SP_CMD_ID_SYSPARAM_READ (3).
01-02 04:19:16.263   895   895 D spcomlib: [spcom_send_message] SPCom send message cmd: ch_name [cryptoapp], buffer_size [16], timeout_ms [9000]
01-02 04:19:16.263   895   895 D spcomlib: [spcom_ioctl] spcom_ioctl: command ID [1076384749]
01-02 04:19:16.263   895   895 D spcomlib: [spcom_send_message] SPCom send message cmd done: ch_name[cryptoapp], ret[16]
01-02 04:19:16.263   895   895 D spcomlib: [spcom_get_message] SPCom get message cmd: ch_name [cryptoapp], buffer_size [8], timeout_ms [9000]
01-02 04:19:16.263   895   895 D spcomlib: [spcom_ioctl] spcom_ioctl: command ID [3223868400]
01-02 04:19:16.269   895   895 D spcomlib: [spcom_get_message] SPCom get message cmd done: ch_name[cryptoapp], message size[4]
01-02 04:19:16.822   716   716 W qcom_q6v5_pas 3000000.remoteproc-adsp: Direct firmware load for adsp.b20 failed with error -2
01-02 04:19:16.269   895   895 E spcomlib: [spcom_sp_sysparam_read_ext] SP SP_CMD_ID_SYSPARAM_READ response error [-2]
01-02 04:19:16.822   716   716 W qcom_q6v5_pas 3000000.remoteproc-adsp: Falling back to sysfs fallback for: adsp.b20
01-02 04:19:16.824   580   580 I qcom_smd_qrtr_probe: SMD QRTR driver probed
01-02 04:19:16.825   580   580 I         : Info: adsprpc (101): kworker/0:1H: fastrpc_rpmsg_probe: opened rpmsg channel for cdsp
01-02 04:19:16.834   105   105 I coresight-remote-etm soc: turing_etm0: Connection established between QMI handle and 13 service
01-02 04:19:16.834   352   352 I cdsprm  : resmgr pdkill config set to 0
01-02 04:19:16.835   716   716 W qcom_q6v5_pas 3000000.remoteproc-adsp: Direct firmware load for adsp.b21 failed with error -2
01-02 04:19:16.835   716   716 W qcom_q6v5_pas 3000000.remoteproc-adsp: Falling back to sysfs fallback for: adsp.b21
01-02 04:19:16.837   580   580 I qcom,msm_ipclite_rpmsg 32300000.remoteproc-cdsp: glink-edge.ipcliteglink-apps-dsp.-1.-1: rpmsg_probe for ipc_lite done
01-02 04:19:16.837   717   717 I msm_cvp : warn: cvp_dsp_send_hfi_queue: Done init of HFI queue headers
01-02 04:19:16.849   716   716 W qcom_q6v5_pas 3000000.remoteproc-adsp: Direct firmware load for adsp.b22 failed with error -2
01-02 04:19:16.849   716   716 W qcom_q6v5_pas 3000000.remoteproc-adsp: Falling back to sysfs fallback for: adsp.b22
01-02 04:19:16.299   895   895 D spcomlib: [spcom_sp_sysparam_read_ext] Issue SP_CMD_ID_SYSPARAM_READ (3).
01-02 04:19:16.299   895   895 D spcomlib: [spcom_send_message] SPCom send message cmd: ch_name [cryptoapp], buffer_size [16], timeout_ms [9000]
01-02 04:19:16.299   895   895 D spcomlib: [spcom_ioctl] spcom_ioctl: command ID [1076384749]
01-02 04:19:16.299   895   895 D spcomlib: [spcom_send_message] SPCom send message cmd done: ch_name[cryptoapp], ret[16]
01-02 04:19:16.299   895   895 D spcomlib: [spcom_get_message] SPCom get message cmd: ch_name [cryptoapp], buffer_size [8], timeout_ms [9000]
01-02 04:19:16.299   895   895 D spcomlib: [spcom_ioctl] spcom_ioctl: command ID [3223868400]
01-02 04:19:16.854   716   716 W qcom_q6v5_pas 3000000.remoteproc-adsp: Direct firmware load for adsp.b23 failed with error -2
01-02 04:19:16.854   716   716 W qcom_q6v5_pas 3000000.remoteproc-adsp: Falling back to sysfs fallback for: adsp.b23
01-02 04:19:16.860  1414  1414 I rmt_storage: INFO:check_support_using_libmdm: Modem subsystem found on target!
01-02 04:19:16.860  1414  1414 I rmt_storage: INFO:main: Done with init now waiting for messages!
01-02 04:19:16.862   716   716 W qcom_q6v5_pas 3000000.remoteproc-adsp: Direct firmware load for adsp.b24 failed with error -2
01-02 04:19:16.862   716   716 W qcom_q6v5_pas 3000000.remoteproc-adsp: Falling back to sysfs fallback for: adsp.b24
01-02 04:19:16.311   895   895 D spcomlib: [spcom_get_message] SPCom get message cmd done: ch_name[cryptoapp], message size[4]
01-02 04:19:16.311   895   895 E spcomlib: [spcom_sp_sysparam_read_ext] SP SP_CMD_ID_SYSPARAM_READ response error [-2]
01-02 04:19:16.881   716   716 W qcom_q6v5_pas 3000000.remoteproc-adsp: Direct firmware load for adsp.b25 failed with error -2
01-02 04:19:16.881   716   716 W qcom_q6v5_pas 3000000.remoteproc-adsp: Falling back to sysfs fallback for: adsp.b25
01-02 04:19:16.341   895   895 D spcomlib: [spcom_sp_sysparam_read_ext] Issue SP_CMD_ID_SYSPARAM_READ (3).
01-02 04:19:16.341   895   895 D spcomlib: [spcom_send_message] SPCom send message cmd: ch_name [cryptoapp], buffer_size [16], timeout_ms [9000]
01-02 04:19:16.341   895   895 D spcomlib: [spcom_ioctl] spcom_ioctl: command ID [1076384749]
01-02 04:19:16.341   895   895 D spcomlib: [spcom_send_message] SPCom send message cmd done: ch_name[cryptoapp], ret[16]
01-02 04:19:16.341   895   895 D spcomlib: [spcom_get_message] SPCom get message cmd: ch_name [cryptoapp], buffer_size [8], timeout_ms [9000]
01-02 04:19:16.341   895   895 D spcomlib: [spcom_ioctl] spcom_ioctl: command ID [3223868400]
01-02 04:19:16.354   895   895 D spcomlib: [spcom_get_message] SPCom get message cmd done: ch_name[cryptoapp], message size[4]
01-02 04:19:16.354   895   895 E spcomlib: [spcom_sp_sysparam_read_ext] SP SP_CMD_ID_SYSPARAM_READ response error [-2]
01-02 04:19:16.931   716   716 W qcom_q6v5_pas 3000000.remoteproc-adsp: Direct firmware load for adsp.b26 failed with error -2
01-02 04:19:16.931   716   716 W qcom_q6v5_pas 3000000.remoteproc-adsp: Falling back to sysfs fallback for: adsp.b26
01-02 04:19:16.934   716   716 W qcom_q6v5_pas 3000000.remoteproc-adsp: Direct firmware load for adsp.b27 failed with error -2
01-02 04:19:16.934   716   716 W qcom_q6v5_pas 3000000.remoteproc-adsp: Falling back to sysfs fallback for: adsp.b27
01-02 04:19:16.937   716   716 W qcom_q6v5_pas 3000000.remoteproc-adsp: Direct firmware load for adsp.b28 failed with error -2
01-02 04:19:16.937   716   716 W qcom_q6v5_pas 3000000.remoteproc-adsp: Falling back to sysfs fallback for: adsp.b28
01-02 04:19:16.384   895   895 D spcomlib: [spcom_sp_sysparam_read_ext] Issue SP_CMD_ID_SYSPARAM_READ (3).
01-02 04:19:16.384   895   895 D spcomlib: [spcom_send_message] SPCom send message cmd: ch_name [cryptoapp], buffer_size [16], timeout_ms [9000]
01-02 04:19:16.384   895   895 D spcomlib: [spcom_ioctl] spcom_ioctl: command ID [1076384749]
01-02 04:19:16.384   895   895 D spcomlib: [spcom_send_message] SPCom send message cmd done: ch_name[cryptoapp], ret[16]
01-02 04:19:16.384   895   895 D spcomlib: [spcom_get_message] SPCom get message cmd: ch_name [cryptoapp], buffer_size [8], timeout_ms [9000]
01-02 04:19:16.384   895   895 D spcomlib: [spcom_ioctl] spcom_ioctl: command ID [3223868400]
01-02 04:19:16.941   716   716 W qcom_q6v5_pas 3000000.remoteproc-adsp: Direct firmware load for adsp.b29 failed with error -2
01-02 04:19:16.941   716   716 W qcom_q6v5_pas 3000000.remoteproc-adsp: Falling back to sysfs fallback for: adsp.b29
01-02 04:19:16.396   895   895 D spcomlib: [spcom_get_message] SPCom get message cmd done: ch_name[cryptoapp], message size[4]
01-02 04:19:16.396   895   895 E spcomlib: [spcom_sp_sysparam_read_ext] SP SP_CMD_ID_SYSPARAM_READ response error [-2]
01-02 04:19:16.950   716   716 W qcom_q6v5_pas 3000000.remoteproc-adsp: Direct firmware load for adsp.b30 failed with error -2
01-02 04:19:16.950   716   716 W qcom_q6v5_pas 3000000.remoteproc-adsp: Falling back to sysfs fallback for: adsp.b30
01-02 04:19:16.951   656   656 I msm_vidc: fw: <VFW_E:HostDr:unkn:--------:--> VenusHostDriver_ParseC2SysPacket(907): QC_IMAGE_VERSION_STRING=vfw-0:rel000-226074a0230c8eef1506e05afa9d33f7733c263f
01-02 04:19:16.952   656   656 I msm_vidc: fw: <VFW_E:HostDr:unkn:--------:--> VenusHostDriver_ParseC2SysPacket(908): IMAGE_VARIANT_STRING=16MB
01-02 04:19:16.952   656   656 I msm_vidc: fw: <VFW_E:HostDr:unkn:--------:--> VenusHostDriver_ParseC2SysPacket(909): OEM_IMAGE_VERSION_STRING=hyd-lablnx446
01-02 04:19:16.952   656   656 I msm_vidc: fw: <VFW_E:HostDr:unkn:--------:--> VenusHostDriver_ParseC2SysPacket(910): BUILD_TIME: Aug 20 2024 14:57:38
01-02 04:19:16.952   656   656 I msm_vidc: fw: <VFW_E:HostDr:unkn:--------:--> VenusHostDriver_ParseC2SysPacket(1073): licence unique code is not matched
01-02 04:19:16.953   716   716 W qcom_q6v5_pas 3000000.remoteproc-adsp: Direct firmware load for adsp.b31 failed with error -2
01-02 04:19:16.953   716   716 W qcom_q6v5_pas 3000000.remoteproc-adsp: Falling back to sysfs fallback for: adsp.b31
01-02 04:19:16.957   716   716 W qcom_q6v5_pas 3000000.remoteproc-adsp: Direct firmware load for adsp.b33 failed with error -2
01-02 04:19:16.957   716   716 W qcom_q6v5_pas 3000000.remoteproc-adsp: Falling back to sysfs fallback for: adsp.b33
01-02 04:19:16.963   716   716 W qcom_q6v5_pas 3000000.remoteproc-adsp: Direct firmware load for adsp.b34 failed with error -2
01-02 04:19:16.963   716   716 W qcom_q6v5_pas 3000000.remoteproc-adsp: Falling back to sysfs fallback for: adsp.b34
01-02 04:19:16.978   716   716 W qcom_q6v5_pas 3000000.remoteproc-adsp: Direct firmware load for adsp.b35 failed with error -2
01-02 04:19:16.978   716   716 W qcom_q6v5_pas 3000000.remoteproc-adsp: Falling back to sysfs fallback for: adsp.b35
01-02 04:19:16.426   895   895 D spdaemon: Load SP App [macchiato].
01-02 04:19:16.426   895   895 E iardb   : [iar_db_get_iar_state] failed to open file /mnt/vendor/spunvm/iar_db/iar_state.bin [2] [No such file or directory]
01-02 04:19:16.426   895   895 D iarlib  : [iar_get_state] Can't get iar_state, return DISABLED
01-02 04:19:16.426   895   895 D spdaemon: Load [macchiato] from path [/vendor/firmware_mnt/image/macch1p.sig].
01-02 04:19:16.426   895   895 D spcomlib: [spcom_load_app] Version 4.0.
01-02 04:19:16.426   895   895 D spcomlib: [spcom_load_app] file [/vendor/firmware_mnt/image/macch1p.sig] size [21204] st_nlink #1.
01-02 04:19:16.427   895   895 D spcomlib: [spcom_load_app] file [/vendor/firmware_mnt/image/macch1p.sig] read size [21204].
01-02 04:19:16.427   895   895 D spcomlib: [get_file_name_from_path] file_name [macch1p]
01-02 04:19:16.427   895   895 D spcomlib: [spcom_load_app_from_buffer] load app from buffer: [macch1p]
01-02 04:19:16.427   895   895 D iarlib  : [is_double_signed_image] double_signed: false
01-02 04:19:16.427   895   895 D spcomlib: [calc_app_swap_size] phnum [0], app is probably SINGLE-signed
01-02 04:19:16.427   895   895 D spcomlib: [calc_app_swap_size] e_phnum [7]
01-02 04:19:16.427   895   895 D spcomlib: [calc_app_swap_size] sum_filesz   [0x028c0]
01-02 04:19:16.427   895   895 D spcomlib: [calc_app_swap_size] sum_memsz    [0x074c0]
01-02 04:19:16.427   895   895 D spcomlib: [calc_app_swap_size] sum_aligned  [0x0c000]
01-02 04:19:16.427   895   895 D spcomlib: [calc_app_swap_size] sum_non_load [0x02000]
01-02 04:19:16.427   895   895 D spcomlib: [calc_app_swap_size] swap_size    [0x0e000]
01-02 04:19:16.427   895   895 D spcomlib: [spcom_load_app_from_buffer] app_buf_size [0x20000] after round up by [65536]
01-02 04:19:16.997   716   716 W qcom_q6v5_pas 3000000.remoteproc-adsp: Direct firmware load for adsp.b36 failed with error -2
01-02 04:19:16.997   716   716 W qcom_q6v5_pas 3000000.remoteproc-adsp: Falling back to sysfs fallback for: adsp.b36
01-02 04:19:17.004   716   716 W qcom_q6v5_pas 3000000.remoteproc-adsp: Direct firmware load for adsp.b38 failed with error -2
01-02 04:19:17.004   716   716 W qcom_q6v5_pas 3000000.remoteproc-adsp: Falling back to sysfs fallback for: adsp.b38
01-02 04:19:17.012   656   656 I msm_vidc: fw: <VFW_E:HostDr:unkn:--------:--> VenusHostDriver_ParseC2SysPacket(907): QC_IMAGE_VERSION_STRING=vfw-0:rel000-226074a0230c8eef1506e05afa9d33f7733c263f
01-02 04:19:17.012   656   656 I msm_vidc: fw: <VFW_E:HostDr:unkn:--------:--> VenusHostDriver_ParseC2SysPacket(908): IMAGE_VARIANT_STRING=16MB
01-02 04:19:17.012   656   656 I msm_vidc: fw: <VFW_E:HostDr:unkn:--------:--> VenusHostDriver_ParseC2SysPacket(909): OEM_IMAGE_VERSION_STRING=hyd-lablnx446
