01-02 04:19:17.789  2195  2195 F DEBUG   :       #02 pc 00000000000bb848  /apex/com.android.runtime/lib64/bionic/libc.so (HandleUsingDestroyedMutex(pthread_mutex_t*, char const*)+68) (BuildId: bf5f1ce73f89cca7d6a062eb7877e86a)
01-02 04:19:17.789  2195  2195 F DEBUG   :       #03 pc 00000000000bb6c8  /apex/com.android.runtime/lib64/bionic/libc.so (pthread_mutex_lock+248) (BuildId: bf5f1ce73f89cca7d6a062eb7877e86a)
01-02 04:19:17.789  2195  2195 F DEBUG   :       #04 pc 000000000001d1c0  /vendor/bin/ssgtzd (GetObjectById+84) (BuildId: 9122396d81b1d56de92778548fca84b4)
01-02 04:19:17.789  2195  2195 F DEBUG   :       #05 pc 000000000001d548  /vendor/bin/ssgtzd (GetOrLoadById+84) (BuildId: 9122396d81b1d56de92778548fca84b4)
01-02 04:19:17.789  2195  2195 F DEBUG   :       #06 pc 0000000000024f54  /vendor/bin/ssgtzd (GetLicenseManager+156) (BuildId: 9122396d81b1d56de92778548fca84b4)
01-02 04:19:17.789  2195  2195 F DEBUG   :       #07 pc 0000000000022ed0  /vendor/bin/ssgtzd (ExpirationThread.cfi+408) (BuildId: 9122396d81b1d56de92778548fca84b4)
01-02 04:19:17.789  2195  2195 F DEBUG   :       #08 pc 00000000000ba650  /apex/com.android.runtime/lib64/bionic/libc.so (__pthread_start(void*)+208) (BuildId: bf5f1ce73f89cca7d6a062eb7877e86a)
01-02 04:19:17.789  2195  2195 F DEBUG   :       #09 pc 0000000000053ffc  /apex/com.android.runtime/lib64/bionic/libc.so (__start_thread+68) (BuildId: bf5f1ce73f89cca7d6a062eb7877e86a)
01-02 04:19:18.345   188   188 E msm_cdc_pinctrl_get_gpiodata: platform device not found!
01-02 04:19:18.352   188   188 E lpass_cdc_va_macro va-macro: lpass_cdc_va_macro_probe: failed to get swr pin state
01-02 04:19:18.370  2168  2168 E smcinvoke: process_tzcb_req: server is defunct, state= 1 tzhandle = -2147483602
01-02 04:19:18.375   575   575 E lpass_cdc_rx_macro rx-macro: lpass_cdc_rx_macro_probe: va-macro not registered yet, defer
01-02 04:19:18.379  2168  2168 E smcinvoke: process_tzcb_req: server invalid, res: -90
01-02 04:19:18.398  2168  2168 E smcinvoke: process_tzcb_req: server is defunct, state= 1 tzhandle = -2147483604
01-02 04:19:18.402     0     0 I [    C0] CAM_INFO: CAM-CCI: cam_cci_irq: 352: Base:ffffffc00dcb5000, cci: 0, M1_Q1 NACK ERROR: 0x40000000
01-02 04:19:18.408  1277  1277 I CAM_INFO: CAM-CCI: cam_cci_read: 1449: CCI0_I2C_M1_Q1 ERROR with Slave 0x20
01-02 04:19:18.408  1277  1277 I CAM_INFO: CAM-CCI: cam_cci_read_bytes: 1820: CCI0_I2C_M1 Failed to read rc:-22
01-02 04:19:18.408  1277  1277 I CAM_INFO: CAM-SENSOR: cam_cci_i2c_read: 39: rc = -22
01-02 04:19:18.408  1277  1277 I CAM_WARN: CAM-SENSOR: cam_sensor_match_id: 1145: imx586 read id: 0x0 expected id 0x586:
01-02 04:19:18.408  1277  1277 I CAM_INFO: CAM-SENSOR: cam_sensor_driver_cmd: 1311: Probe failed for imx586 slot:1, slave_addr:0x20, sensor_id:0x586
01-02 04:19:18.408  2168  2168 E smcinvoke: process_tzcb_req: server invalid, res: -90
01-02 04:19:18.411   575   575 I wcd938x_codec wcd938x-codec: msm_cdc_dt_parse_vreg_info: cdc-vdd-rxtx: vol=[1800000 1800000]uV, curr=[30000]uA, ond 0 lpm 1 rem 0
01-02 04:19:18.418  2168  2168 E smcinvoke: process_tzcb_req: server is defunct, state= 1 tzhandle = -2147483608
01-02 04:19:18.419   575   575 I wcd938x_codec wcd938x-codec: msm_cdc_dt_parse_vreg_info: cdc-vddio: vol=[1800000 1800000]uV, curr=[30000]uA, ond 0 lpm 1 rem 0
01-02 04:19:18.427  2168  2168 E smcinvoke: process_tzcb_req: server invalid, res: -90
01-02 04:19:18.436   575   575 I wcd938x_codec wcd938x-codec: msm_cdc_dt_parse_vreg_info: cdc-vdd-mic-bias: vol=[3296000 3296000]uV, curr=[30000]uA, ond 0 lpm 0 rem 0
01-02 04:19:18.436   575   575 I wcd938x_codec wcd938x-codec: msm_cdc_dt_parse_vreg_info: cdc-vdd-buck: vol=[1800000 1800000]uV, curr=[650000]uA, ond 1 lpm 1 rem 0
01-02 04:19:18.438   188   188 E lpass_cdc_tx_macro tx-macro: lpass_cdc_tx_macro_probe: va-macro not registered yet, defer
01-02 04:19:18.476   188   188 I lpass_cdc_va_macro va-macro: lpass_cdc_register_macro: register macro successful:3
01-02 04:19:18.478   711   711 I prm_gpr_send_pkt: apm ready check not done
01-02 04:19:18.478   711   711 E spf-core-platform soc: spf_core_platform: __spf_core_is_apm_ready: send_command ret
01-02 04:19:18.488     0     0 I         : [    C0] qcom-spf_core gprsvc:spf_core:2:3: spf_core_callback: Payload 2001007
01-02 04:19:18.488     0     0 I         : [    C0] qcom-spf_core gprsvc:spf_core:2:3: spf_core_callback: sucess response received
01-02 04:19:18.488   711   711 I prm_gpr_send_pkt: apm ready check done
01-02 04:19:18.491   188   188 I lpass_cdc_rx_macro rx-macro: lpass_cdc_register_macro: register macro successful:1
01-02 04:19:18.493   188   188 I lpass_cdc_tx_macro tx-macro: lpass_cdc_register_macro: register macro successful:0
01-02 04:19:18.499     0     0 I [    C0] CAM_INFO: CAM-CCI: cam_cci_irq: 310: Base:ffffffc00dcb7000,cci: 1, M0_Q1 NACK ERROR: 0x10000000
01-02 04:19:18.499  1277  1277 I CAM_INFO: CAM-CCI: cam_cci_read: 1449: CCI1_I2C_M0_Q1 ERROR with Slave 0x20
01-02 04:19:18.499  1277  1277 I CAM_INFO: CAM-CCI: cam_cci_read_bytes: 1820: CCI1_I2C_M0 Failed to read rc:-22
01-02 04:19:18.499  1277  1277 I CAM_INFO: CAM-SENSOR: cam_cci_i2c_read: 39: rc = -22
01-02 04:19:18.499  1277  1277 I CAM_WARN: CAM-SENSOR: cam_sensor_match_id: 1145: imx586 read id: 0x0 expected id 0x586:
01-02 04:19:18.499  1277  1277 I CAM_INFO: CAM-SENSOR: cam_sensor_driver_cmd: 1311: Probe failed for imx586 slot:2, slave_addr:0x20, sensor_id:0x586
01-02 04:19:18.519   157   157 I swr-wcd rx_swr_ctrl: swrm_get_logical_dev_num: devnum 1 assigned for dev 2f0170220
01-02 04:19:18.526   157   157 I swr-wcd rx_swr_ctrl: swrm_get_logical_dev_num: devnum 2 assigned for dev d01170224
01-02 04:19:18.526   157   157 I wcd938x_codec wcd938x-codec: bound wcd938x-slave.d01170224 (ops wcd938x_slave_comp_ops [wcd938x_slave_dlkm])
01-02 04:19:18.526   157   157 I swr-wcd va_swr_ctrl: swrm_get_logical_dev_num: devnum 1 assigned for dev d01170223
01-02 04:19:18.526   157   157 I wcd938x_codec wcd938x-codec: bound wcd938x-slave.d01170223 (ops wcd938x_slave_comp_ops [wcd938x_slave_dlkm])
01-02 04:19:18.550   188   188 I wcd938x_codec wcd938x-codec: wcd938x_soc_codec_probe()
01-02 04:19:18.614   188   188 I input   : kalama-qrd-snd-card Headset Jack as /devices/platform/soc/soc:spf_core_platform/soc:spf_core_platform:sound/sound/card0/input4
01-02 04:19:18.614   188   188 I input   : kalama-qrd-snd-card Button Jack as /devices/platform/soc/soc:spf_core_platform/soc:spf_core_platform:sound/sound/card0/input5
01-02 04:19:18.614   188   188 I kalama-asoc-snd soc: spf_core_platform:sound: msm_asoc_machine_probe: Sound card kalama-qrd-snd-card registered
01-02 04:19:18.616   188   188 I kalama-asoc-snd soc: spf_core_platform:sound: msm_common_snd_init: No DT match for tdm clk attribute, set to default
01-02 04:19:18.616   188   188 I kalama-asoc-snd soc: spf_core_platform:sound: msm_common_snd_init: No DT match for mi2s clk attribute, set to default
01-02 04:19:18.616   188   188 I kalama-asoc-snd soc: spf_core_platform:sound: num_links 33
01-02 04:19:18.618     0     0 E [    C0] audio_prm_callback: Failed response received
01-02 04:19:18.618   188   188 E prm_gpr_send_pkt: DSP returned error 2
01-02 04:19:18.630   188   188 E msm_set_upd_config: upd cdc duty cycling registration failed
01-02 04:19:18.648  1447  1447 I msm-dcc 100ff000.dcc_v2: DCC list passed 4
01-02 04:19:18.649  1447  1447 I msm-dcc 100ff000.dcc_v2: All values written to enable.
01-02 04:19:18.649  1447  1447 I msm-dcc 100ff000.dcc_v2: DCC list passed 6
01-02 04:19:18.651  1447  1447 I msm-dcc 100ff000.dcc_v2: All values written to enable.
01-02 04:19:18.656  1447  1447 I coresight-tpda 13863000.tpda: TPDA inport 4 enabled
01-02 04:19:18.656  1447  1447 I coresight-tpdm 13861000.tpdm: TPDM tracing enabled
01-02 04:19:18.657  1447  1447 I coresight-tpda 13863000.tpda: TPDA inport 2 enabled
01-02 04:19:18.657  1447  1447 I coresight-tpdm 138c0000.tpdm: TPDM tracing enabled
01-02 04:19:18.657  1447  1447 I coresight-tpda 13863000.tpda: TPDA inport 3 enabled
01-02 04:19:18.657  1447  1447 I coresight-tpdm 13860000.tpdm: TPDM tracing enabled
01-02 04:19:18.115  2234  2234 D SystemServerTiming: InitBeforeStartServices
01-02 04:19:18.117  2234  2234 I SystemServer: Entered the Android system server!
01-02 04:19:18.705   188   188 I msm-dwc3 a600000.ssusb: DWC3 exited from low power mode
01-02 04:19:18.708   188   188 I eusb2-repeater c42d000.qcom,spmi: qcom,pm8550b@7:eusb2-repeater@fd00: eUSB2 repeater status:OK
01-02 04:19:18.715   188   188 I dwc3 a600000.dwc3: Adding to iommu group 51
01-02 04:19:18.717   188   188 I eusb2-repeater c42d000.qcom,spmi: qcom,pm8550b@7:eusb2-repeater@fd00: eUSB2 repeater status:OK
01-02 04:19:18.752   188   188 I sps_register_bam_device: sps:BAM 0x000000000a704000 is registered
01-02 04:19:18.757   188   188 I msm-dwc3 a600000.ssusb: dwc3 msm iommu fault handler registered
01-02 04:19:18.227  2234  2234 I SystemServerInitThreadPool: Creating instance with 8 threads
01-02 04:19:18.305  1713  2319 D BootAnimation: BootAnimationShownTiming start time: 12931ms
01-02 04:19:18.855  1447  1447 E msm_mem_dump soc: mem_dump: Couldn't add system reg config, no enough memory
01-02 04:19:18.871  2215  2215 I dwc3 a600000.dwc3: Set IRQ thread:irq/402-dwc3 pid:2339 to SCHED_NORMAL prio
01-02 04:19:18.935  1119  1119 I [drm:dsi_display_set_mode [msm_drm]] [msm-dsi-info]: mdp_transfer_time=0, hactive=3840, vactive=2160, fps=60, clk_rate=607392000
01-02 04:19:18.936  1119  1119 I [drm:dsi_ctrl_isr_configure [msm_drm]] [msm-dsi-info]: dsi-ctrl-0: IRQ 457 registered
01-02 04:19:18.937  1119  1119 I [drm:dsi_ctrl_isr_configure [msm_drm]] [msm-dsi-info]: dsi-ctrl-1: IRQ 458 registered
01-02 04:19:18.399  2234  2234 V SystemServerTiming: InitBeforeStartServices took to complete: 284ms
01-02 04:19:18.399  2234  2234 D SystemServerTiming: StartServices
01-02 04:19:18.400  2234  2234 D SystemServerTiming: startBootstrapServices
01-02 04:19:18.400  2234  2234 D SystemServerTiming: StartWatchdog
01-02 04:19:18.405  2234  2234 V SystemServerTiming: StartWatchdog took to complete: 6ms
01-02 04:19:18.406  2234  2234 I SystemServer: Reading configuration...
01-02 04:19:18.406  2234  2234 D SystemServerTiming: ReadingSystemConfig
01-02 04:19:18.406  2234  2234 V SystemServerTiming: ReadingSystemConfig took to complete: 0ms
01-02 04:19:18.406  2234  2234 D SystemServerTiming: PlatformCompat
01-02 04:19:18.406  2234  2412 D SystemServerTimingAsync: InitThreadPoolExec:ReadingSystemConfig
01-02 04:19:18.406  2234  2412 D SystemServerInitThreadPool: Started executing ReadingSystemConfig
01-02 04:19:18.407  2234  2234 D CompatConfig: Found a config file: /system/etc/compatconfig/framework-platform-compat-config.xml
01-02 04:19:18.408  2234  2234 D CompatConfig: Adding: com.android.server.compat.config.Change@8d2914
01-02 04:19:18.408  2234  2234 D CompatConfig: Adding: com.android.server.compat.config.Change@816c5bd
01-02 04:19:18.408  2234  2234 D CompatConfig: Adding: com.android.server.compat.config.Change@f1ff7b2
01-02 04:19:18.408  2234  2234 D CompatConfig: Adding: com.android.server.compat.config.Change@3c0e303
01-02 04:19:18.408  2234  2234 D CompatConfig: Adding: com.android.server.compat.config.Change@59dc280
01-02 04:19:18.408  2234  2234 D CompatConfig: Adding: com.android.server.compat.config.Change@46f00b9
01-02 04:19:18.408  2234  2234 D CompatConfig: Adding: com.android.server.compat.config.Change@d91dcfe
01-02 04:19:18.408  2234  2234 D CompatConfig: Adding: com.android.server.compat.config.Change@2e4ac5f
01-02 04:19:18.408  2234  2234 D CompatConfig: Adding: com.android.server.compat.config.Change@85c86ac
01-02 04:19:18.408  2234  2234 D CompatConfig: Adding: com.android.server.compat.config.Change@575ef75
01-02 04:19:18.408  2234  2234 D CompatConfig: Adding: com.android.server.compat.config.Change@baacb0a
01-02 04:19:18.408  2234  2234 D CompatConfig: Adding: com.android.server.compat.config.Change@551af7b
01-02 04:19:18.408  2234  2234 D CompatConfig: Adding: com.android.server.compat.config.Change@b616198
01-02 04:19:18.408  2234  2234 D CompatConfig: Adding: com.android.server.compat.config.Change@7c30df1
01-02 04:19:18.408  2234  2234 D CompatConfig: Adding: com.android.server.compat.config.Change@5b28dd6
01-02 04:19:18.408  2234  2234 D CompatConfig: Adding: com.android.server.compat.config.Change@dc1c857
01-02 04:19:18.408  2234  2234 D CompatConfig: Adding: com.android.server.compat.config.Change@d6ff44
01-02 04:19:18.408  2234  2234 D CompatConfig: Adding: com.android.server.compat.config.Change@fe9982d
01-02 04:19:18.408  2234  2234 D CompatConfig: Adding: com.android.server.compat.config.Change@2a1b162
01-02 04:19:18.408  2234  2234 D CompatConfig: Adding: com.android.server.compat.config.Change@6b092f3
01-02 04:19:18.408  2234  2234 D CompatConfig: Adding: com.android.server.compat.config.Change@e6cbb0
01-02 04:19:18.408  2234  2234 D CompatConfig: Adding: com.android.server.compat.config.Change@e748a29
01-02 04:19:18.408  2234  2234 D CompatConfig: Adding: com.android.server.compat.config.Change@e6d81ae
01-02 04:19:18.408  2234  2234 D CompatConfig: Adding: com.android.server.compat.config.Change@cb76b4f
01-02 04:19:18.408  2234  2234 D CompatConfig: Adding: com.android.server.compat.config.Change@ae4f2dc
01-02 04:19:18.409  2234  2234 D CompatConfig: Adding: com.android.server.compat.config.Change@7a29fe5
01-02 04:19:18.409  2234  2234 D CompatConfig: Adding: com.android.server.compat.config.Change@d140aba
01-02 04:19:18.409  2234  2234 D CompatConfig: Adding: com.android.server.compat.config.Change@2a96d6b
01-02 04:19:18.409  2234  2234 D CompatConfig: Adding: com.android.server.compat.config.Change@d3c60c8
01-02 04:19:18.409  2234  2234 D CompatConfig: Adding: com.android.server.compat.config.Change@ae25561
01-02 04:19:18.409  2234  2234 D CompatConfig: Adding: com.android.server.compat.config.Change@2681886
01-02 04:19:18.409  2234  2234 D CompatConfig: Adding: com.android.server.compat.config.Change@b6f7547
01-02 04:19:18.409  2234  2234 D CompatConfig: Adding: com.android.server.compat.config.Change@1ac174
01-02 04:19:18.409  2234  2234 D CompatConfig: Adding: com.android.server.compat.config.Change@60de69d
01-02 04:19:18.409  2234  2234 D CompatConfig: Adding: com.android.server.compat.config.Change@a9d3712
01-02 04:19:18.409  2234  2234 D CompatConfig: Adding: com.android.server.compat.config.Change@5a41ee3
01-02 04:19:18.409  2234  2234 D CompatConfig: Adding: com.android.server.compat.config.Change@edc80e0
01-02 04:19:18.409  2234  2234 D CompatConfig: Adding: com.android.server.compat.config.Change@674f99
01-02 04:19:18.409  2234  2234 D CompatConfig: Adding: com.android.server.compat.config.Change@f93b25e
01-02 04:19:18.409  2234  2234 D CompatConfig: Adding: com.android.server.compat.config.Change@4efc63f
01-02 04:19:18.409  2234  2234 D CompatConfig: Adding: com.android.server.compat.config.Change@c38cb0c
01-02 04:19:18.409  2234  2234 D CompatConfig: Adding: com.android.server.compat.config.Change@9544c55
01-02 04:19:18.409  2234  2234 D CompatConfig: Adding: com.android.server.compat.config.Change@6e4966a
01-02 04:19:18.409  2234  2234 D CompatConfig: Adding: com.android.server.compat.config.Change@524875b
01-02 04:19:18.409  2234  2234 D CompatConfig: Adding: com.android.server.compat.config.Change@d2d8bf8
01-02 04:19:18.409  2234  2234 D CompatConfig: Adding: com.android.server.compat.config.Change@6da58d1
01-02 04:19:18.409  2234  2234 D CompatConfig: Adding: com.android.server.compat.config.Change@4adaf36
01-02 04:19:18.409  2234  2234 D CompatConfig: Adding: com.android.server.compat.config.Change@31a3e37
01-02 04:19:18.409  2234  2234 D CompatConfig: Adding: com.android.server.compat.config.Change@6ab6fa4
01-02 04:19:18.409  2234  2234 D CompatConfig: Adding: com.android.server.compat.config.Change@fdab10d
01-02 04:19:18.409  2234  2234 D CompatConfig: Adding: com.android.server.compat.config.Change@f1d88c2
01-02 04:19:18.409  2234  2234 D CompatConfig: Adding: com.android.server.compat.config.Change@74a86d3
01-02 04:19:18.409  2234  2234 D CompatConfig: Adding: com.android.server.compat.config.Change@a01e210
01-02 04:19:18.409  2234  2234 D CompatConfig: Adding: com.android.server.compat.config.Change@e0e5109
01-02 04:19:18.409  2234  2234 D CompatConfig: Adding: com.android.server.compat.config.Change@ebf6f0e
01-02 04:19:18.409  2234  2234 D CompatConfig: Adding: com.android.server.compat.config.Change@e2cbd2f
01-02 04:19:18.409  2234  2234 D CompatConfig: Adding: com.android.server.compat.config.Change@c0b0f3c
01-02 04:19:18.409  2234  2234 D CompatConfig: Adding: com.android.server.compat.config.Change@3c1f4c5
01-02 04:19:18.409  2234  2234 D CompatConfig: Adding: com.android.server.compat.config.Change@7876e1a
01-02 04:19:18.409  2234  2234 D CompatConfig: Adding: com.android.server.compat.config.Change@a51fd4b
01-02 04:19:18.409  2234  2234 D CompatConfig: Adding: com.android.server.compat.config.Change@317e328
01-02 04:19:18.409  2234  2234 D CompatConfig: Adding: com.android.server.compat.config.Change@1521841
01-02 04:19:18.409  2234  2234 D CompatConfig: Adding: com.android.server.compat.config.Change@69e51e6
01-02 04:19:18.409  2234  2234 D CompatConfig: Adding: com.android.server.compat.config.Change@c412327
01-02 04:19:18.409  2234  2234 D CompatConfig: Adding: com.android.server.compat.config.Change@79c09d4
01-02 04:19:18.409  2234  2234 D CompatConfig: Adding: com.android.server.compat.config.Change@666f77d
01-02 04:19:18.409  2234  2234 D CompatConfig: Adding: com.android.server.compat.config.Change@eda672
01-02 04:19:18.409  2234  2234 D CompatConfig: Adding: com.android.server.compat.config.Change@c12cac3
01-02 04:19:18.409  2234  2234 D CompatConfig: Adding: com.android.server.compat.config.Change@399ef40
01-02 04:19:18.409  2234  2234 D CompatConfig: Adding: com.android.server.compat.config.Change@af08e79
01-02 04:19:18.409  2234  2234 D CompatConfig: Adding: com.android.server.compat.config.Change@e6bb7be
01-02 04:19:18.409  2234  2234 D CompatConfig: Adding: com.android.server.compat.config.Change@cd501f
01-02 04:19:18.409  2234  2234 D CompatConfig: Adding: com.android.server.compat.config.Change@ccebf6c
01-02 04:19:18.409  2234  2234 D CompatConfig: Adding: com.android.server.compat.config.Change@be29935
01-02 04:19:18.409  2234  2234 D CompatConfig: Adding: com.android.server.compat.config.Change@e2791ca
01-02 04:19:18.409  2234  2234 D CompatConfig: Adding: com.android.server.compat.config.Change@180cf3b
01-02 04:19:18.409  2234  2234 D CompatConfig: Adding: com.android.server.compat.config.Change@59e6658
01-02 04:19:18.409  2234  2234 D CompatConfig: Adding: com.android.server.compat.config.Change@7b093b1
01-02 04:19:18.410  2234  2234 D CompatConfig: Adding: com.android.server.compat.config.Change@f150096
01-02 04:19:18.410  2234  2234 D CompatConfig: Adding: com.android.server.compat.config.Change@c232417
01-02 04:19:18.410  2234  2234 D CompatConfig: Adding: com.android.server.compat.config.Change@bf9004
01-02 04:19:18.410  2234  2234 D CompatConfig: Adding: com.android.server.compat.config.Change@689b9ed
01-02 04:19:18.410  2234  2234 D CompatConfig: Adding: com.android.server.compat.config.Change@9989022
01-02 04:19:18.410  2234  2234 D CompatConfig: Adding: com.android.server.compat.config.Change@e2beab3
01-02 04:19:18.410  2234  2234 D CompatConfig: Adding: com.android.server.compat.config.Change@3a7a870
01-02 04:19:18.410  2234  2234 D CompatConfig: Adding: com.android.server.compat.config.Change@a5507e9
01-02 04:19:18.410  2234  2234 D CompatConfig: Adding: com.android.server.compat.config.Change@5d38c6e
01-02 04:19:18.410  2234  2234 D CompatConfig: Adding: com.android.server.compat.config.Change@af07f0f
01-02 04:19:18.410  2234  2234 D CompatConfig: Adding: com.android.server.compat.config.Change@3b6db9c
01-02 04:19:18.410  2234  2234 D CompatConfig: Adding: com.android.server.compat.config.Change@26d39a5
01-02 04:19:18.410  2234  2234 D CompatConfig: Adding: com.android.server.compat.config.Change@bbffd2b
01-02 04:19:18.410  2234  2234 D CompatConfig: Adding: com.android.server.compat.config.Change@a241588
01-02 04:19:18.410  2234  2234 D CompatConfig: Adding: com.android.server.compat.config.Change@f1ccb21
01-02 04:19:18.410  2234  2234 D CompatConfig: Adding: com.android.server.compat.config.Change@1acbb46
01-02 04:19:18.410  2234  2234 D CompatConfig: Adding: com.android.server.compat.config.Change@5bf4107
01-02 04:19:18.410  2234  2234 D CompatConfig: Adding: com.android.server.compat.config.Change@aa90234
01-02 04:19:18.410  2234  2412 I SystemConfig: Reading permissions from /system/etc/sysconfig/hiddenapi-package-whitelist.xml
01-02 04:19:18.410  2234  2234 D CompatConfig: Adding: com.android.server.compat.config.Change@d9f85d
01-02 04:19:18.411  2234  2234 D CompatConfig: Adding: com.android.server.compat.config.Change@b6945d2
01-02 04:19:18.411  2234  2234 D CompatConfig: Adding: com.android.server.compat.config.Change@184e6a3
01-02 04:19:18.411  2234  2234 D CompatConfig: Adding: com.android.server.compat.config.Change@8ee0da0
01-02 04:19:18.412  2234  2234 D CompatConfig: Found a config file: /system/etc/compatconfig/contacts-provider-platform-compat-config.xml
01-02 04:19:18.412  2234  2412 I SystemConfig: Reading permissions from /system/etc/sysconfig/preinstalled-packages-platform-full-base.xml
01-02 04:19:18.412  2234  2234 D CompatConfig: Found a config file: /system/etc/compatconfig/calendar-provider-compat-config.xml
01-02 04:19:18.413  2234  2234 D CompatConfig: Adding: com.android.server.compat.config.Change@8b663cc
01-02 04:19:18.413  2234  2412 I SystemConfig: Reading permissions from /system/etc/sysconfig/preinstalled-packages-com.android.providers.media.module.xml
01-02 04:19:18.413  2234  2234 D CompatConfig: Found a config file: /system/etc/compatconfig/TeleService-platform-compat-config.xml
01-02 04:19:18.414  2234  2412 I SystemConfig: Reading permissions from /system/etc/sysconfig/preinstalled-packages-platform.xml
01-02 04:19:18.414  2234  2234 D CompatConfig: Adding: com.android.server.compat.config.Change@4cbf0b8
01-02 04:19:18.414  2234  2234 D CompatConfig: Adding: com.android.server.compat.config.Change@47dbe91
01-02 04:19:18.414  2234  2234 D CompatConfig: Adding: com.android.server.compat.config.Change@ec081f6
01-02 04:19:18.414  2234  2234 D CompatConfig: Adding: com.android.server.compat.config.Change@9d479f7
01-02 04:19:18.414  2234  2234 D CompatConfig: Adding: com.android.server.compat.config.Change@8ab6064
01-02 04:19:18.414  2234  2234 D CompatConfig: Adding: com.android.server.compat.config.Change@9aeb2cd
01-02 04:19:18.414  2234  2412 I SystemConfig: Reading permissions from /system/etc/sysconfig/qti_whitelist.xml
01-02 04:19:18.415  2234  2234 D CompatConfig: Found a config file: /system/etc/compatconfig/services-platform-compat-config.xml
01-02 04:19:18.415  2234  2412 I SystemConfig: Reading permissions from /system/etc/sysconfig/framework-sysconfig.xml
01-02 04:19:18.416  2234  2234 D CompatConfig: Adding: com.android.server.compat.config.Change@c80aec9
01-02 04:19:18.416  2234  2234 D CompatConfig: Adding: com.android.server.compat.config.Change@81d9ce
01-02 04:19:18.416  2234  2234 D CompatConfig: Adding: com.android.server.compat.config.Change@afab0ef
01-02 04:19:18.416  2234  2234 D CompatConfig: Adding: com.android.server.compat.config.Change@68057fc
01-02 04:19:18.416  2234  2234 D CompatConfig: Adding: com.android.server.compat.config.Change@85c6e85
01-02 04:19:18.416  2234  2234 D CompatConfig: Adding: com.android.server.compat.config.Change@8e5c4da
01-02 04:19:18.416  2234  2234 D CompatConfig: Adding: com.android.server.compat.config.Change@66b6d0b
01-02 04:19:18.416  2234  2234 D CompatConfig: Adding: com.android.server.compat.config.Change@878f7e8
01-02 04:19:18.416  2234  2234 D CompatConfig: Adding: com.android.server.compat.config.Change@c7a6e01
01-02 04:19:18.416  2234  2234 D CompatConfig: Adding: com.android.server.compat.config.Change@36b54a6
01-02 04:19:18.416  2234  2234 D CompatConfig: Adding: com.android.server.compat.config.Change@6e1cee7
01-02 04:19:18.416  2234  2234 D CompatConfig: Adding: com.android.server.compat.config.Change@8d9aa94
01-02 04:19:18.416  2234  2234 D CompatConfig: Adding: com.android.server.compat.config.Change@f681532
01-02 04:19:18.416  2234  2234 D CompatConfig: Adding: com.android.server.compat.config.Change@c727283
01-02 04:19:18.416  2234  2234 D CompatConfig: Adding: com.android.server.compat.config.Change@ff0dc00
01-02 04:19:18.416  2234  2234 D CompatConfig: Adding: com.android.server.compat.config.Change@495dc39
01-02 04:19:18.416  2234  2234 D CompatConfig: Adding: com.android.server.compat.config.Change@9fe527e
01-02 04:19:18.416  2234  2412 I SystemConfig: Reading permissions from /system/etc/permissions/com.android.mediadrm.signer.xml
01-02 04:19:18.416  2234  2234 D CompatConfig: Adding: com.android.server.compat.config.Change@9dfb3df
01-02 04:19:18.416  2234  2234 D CompatConfig: Adding: com.android.server.compat.config.Change@a87b82c
01-02 04:19:18.416  2234  2234 D CompatConfig: Adding: com.android.server.compat.config.Change@3ef02f5
01-02 04:19:18.416  2234  2234 D CompatConfig: Adding: com.android.server.compat.config.Change@e29188a
01-02 04:19:18.416  2234  2234 D CompatConfig: Adding: com.android.server.compat.config.Change@1b5aefb
01-02 04:19:18.416  2234  2234 D CompatConfig: Adding: com.android.server.compat.config.Change@6ce2b18
01-02 04:19:18.417  2234  2234 D CompatConfig: Adding: com.android.server.compat.config.Change@379d971
01-02 04:19:18.417  2234  2234 D CompatConfig: Adding: com.android.server.compat.config.Change@9883356
01-02 04:19:18.417  2234  2234 D CompatConfig: Adding: com.android.server.compat.config.Change@9263fd7
01-02 04:19:18.417  2234  2234 D CompatConfig: Adding: com.android.server.compat.config.Change@406e0c4
01-02 04:19:18.417  2234  2234 D CompatConfig: Adding: com.android.server.compat.config.Change@b019bad
01-02 04:19:18.417  2234  2234 D CompatConfig: Adding: com.android.server.compat.config.Change@1ec2ee2
01-02 04:19:18.417  2234  2234 D CompatConfig: Adding: com.android.server.compat.config.Change@ca50273
01-02 04:19:18.417  2234  2234 D CompatConfig: Adding: com.android.server.compat.config.Change@f34530
01-02 04:19:18.417  2234  2234 D CompatConfig: Adding: com.android.server.compat.config.Change@9c945a9
01-02 04:19:18.417  2234  2234 D CompatConfig: Adding: com.android.server.compat.config.Change@7a2572e
01-02 04:19:18.417  2234  2234 D CompatConfig: Adding: com.android.server.compat.config.Change@24352cf
01-02 04:19:18.417  2234  2234 D CompatConfig: Adding: com.android.server.compat.config.Change@6479365
01-02 04:19:18.417  2234  2234 D CompatConfig: Adding: com.android.server.compat.config.Change@80b83a
01-02 04:19:18.417  2234  2412 I SystemConfig: Reading permissions from /system/etc/permissions/android.software.live_wallpaper.xml
01-02 04:19:18.417  2234  2234 D CompatConfig: Adding: com.android.server.compat.config.Change@5cc4ceb
01-02 04:19:18.417  2234  2234 D CompatConfig: Adding: com.android.server.compat.config.Change@2e8a48
01-02 04:19:18.417  2234  2234 D CompatConfig: Adding: com.android.server.compat.config.Change@da300e1
01-02 04:19:18.417  2234  2234 D CompatConfig: Adding: com.android.server.compat.config.Change@7b21e06
01-02 04:19:18.417  2234  2234 D CompatConfig: Adding: com.android.server.compat.config.Change@aa0ccc7
01-02 04:19:18.417  2234  2234 D CompatConfig: Adding: com.android.server.compat.config.Change@dc602f4
01-02 04:19:18.417  2234  2234 D CompatConfig: Adding: com.android.server.compat.config.Change@eedca1d
01-02 04:19:18.417  2234  2234 D CompatConfig: Adding: com.android.server.compat.config.Change@e421492
01-02 04:19:18.417  2234  2234 D CompatConfig: Adding: com.android.server.compat.config.Change@f536e63
01-02 04:19:18.417  2234  2234 D CompatConfig: Adding: com.android.server.compat.config.Change@5ba5a60
01-02 04:19:18.417  2234  2234 D CompatConfig: Adding: com.android.server.compat.config.Change@e21eb19
01-02 04:19:18.417  2234  2234 D CompatConfig: Adding: com.android.server.compat.config.Change@868e7de
01-02 04:19:18.417  2234  2234 D CompatConfig: Adding: com.android.server.compat.config.Change@f048dbf
01-02 04:19:18.417  2234  2234 D CompatConfig: Adding: com.android.server.compat.config.Change@8dabc8c
01-02 04:19:18.417  2234  2234 D CompatConfig: Adding: com.android.server.compat.config.Change@add1fd5
01-02 04:19:18.417  2234  2234 D CompatConfig: Adding: com.android.server.compat.config.Change@c7e46db
01-02 04:19:18.417  2234  2412 I SystemConfig: Reading permissions from /system/etc/permissions/android.software.managed_users.xml
01-02 04:19:18.418  2234  2234 D CompatConfig: Adding: com.android.server.compat.config.Change@3bd1578
01-02 04:19:18.418  2234  2234 D CompatConfig: Adding: com.android.server.compat.config.Change@6dce451
01-02 04:19:18.418  2234  2234 D CompatConfig: Adding: com.android.server.compat.config.Change@14414b6
01-02 04:19:18.418  2234  2234 D CompatConfig: Adding: com.android.server.compat.config.Change@31075b7
01-02 04:19:18.418  2234  2234 D CompatConfig: Adding: com.android.server.compat.config.Change@46a1124
01-02 04:19:18.418  2234  2234 D CompatConfig: Adding: com.android.server.compat.config.Change@83a748d
01-02 04:19:18.418  2234  2234 D CompatConfig: Adding: com.android.server.compat.config.Change@274c642
01-02 04:19:18.418  2234  2234 D CompatConfig: Adding: com.android.server.compat.config.Change@92cb653
01-02 04:19:18.418  2234  2234 D CompatConfig: Adding: com.android.server.compat.config.Change@ec91b90
01-02 04:19:18.418  2234  2234 D CompatConfig: Adding: com.android.server.compat.config.Change@366cc89
01-02 04:19:18.418  2234  2234 D CompatConfig: Adding: com.android.server.compat.config.Change@d048e
01-02 04:19:18.418  2234  2234 D CompatConfig: Adding: com.android.server.compat.config.Change@c264af
01-02 04:19:18.418  2234  2234 D CompatConfig: Adding: com.android.server.compat.config.Change@bcc60bc
01-02 04:19:18.418  2234  2234 D CompatConfig: Adding: com.android.server.compat.config.Change@8e6a845
01-02 04:19:18.418  2234  2412 I SystemConfig: Reading permissions from /system/etc/permissions/privapp_allowlist_com.android.providers.media.module.xml
01-02 04:19:18.418  2234  2234 D CompatConfig: Found a config file: /system/etc/compatconfig/documents-ui-compat-config.xml
01-02 04:19:18.419  2234  2234 D CompatConfig: Adding: com.android.server.compat.config.Change@f5ccca8
01-02 04:19:18.419  2234  2412 I SystemConfig: Reading permissions from /system/etc/permissions/android.software.webview.xml
01-02 04:19:18.419  2234  2234 D CompatConfig: Found a config file: /system/etc/compatconfig/icu4j-platform-compat-config.xml
01-02 04:19:18.419  2234  2412 I SystemConfig: Reading permissions from /system/etc/permissions/com.android.networkstack.xml
01-02 04:19:18.419  2234  2234 D CompatConfig: Adding: com.android.server.compat.config.Change@1060b54
01-02 04:19:18.420  2234  2412 I SystemConfig: Reading permissions from /system/etc/permissions/privapp-permissions-qti.xml
01-02 04:19:18.420  2234  2234 D CompatConfig: Found a config file: /system/system_ext/etc/compatconfig/settings-platform-compat-config.xml
01-02 04:19:18.421  2234  2412 I SystemConfig: Reading permissions from /system/etc/permissions/android.test.runner.xml
01-02 04:19:18.421  2234  2234 D CompatConfig: Adding: com.android.server.compat.config.Change@36288c0
01-02 04:19:18.422  2234  2412 I SystemConfig: Reading permissions from /system/etc/permissions/privapp_allowlist_com.android.adservices.api.xml
01-02 04:19:18.422  2234  2234 D CompatConfig: No directory /apex/com.android.vndk.v32/etc/compatconfig, skipping
01-02 04:19:18.422  2234  2234 D CompatConfig: No directory /apex/com.android.vndk.v31/etc/compatconfig, skipping
01-02 04:19:18.422  2234  2234 D CompatConfig: No directory /apex/com.android.vndk.v30/etc/compatconfig, skipping
01-02 04:19:18.423  2234  2412 I SystemConfig: Reading permissions from /system/etc/permissions/com.android.intentresolver.xml
01-02 04:19:18.423  2234  2234 D CompatConfig: Found a config file: /apex/com.android.wifi/etc/compatconfig/wifi-compat-config.xml
01-02 04:19:18.423  2234  2412 I SystemConfig: Reading permissions from /system/etc/permissions/uimremoteclient.xml
01-02 04:19:18.423  2234  2234 D CompatConfig: Adding: com.android.server.compat.config.Change@35b2cb5
01-02 04:19:18.423  2234  2234 D CompatConfig: Adding: com.android.server.compat.config.Change@e6f5f4a
01-02 04:19:18.424  2234  2234 D CompatConfig: No directory /apex/com.android.vndk.v33/etc/compatconfig, skipping
01-02 04:19:18.424  2234  2234 D CompatConfig: No directory /apex/com.android.uwb/etc/compatconfig, skipping
01-02 04:19:18.424  2234  2234 D CompatConfig: No directory /apex/com.android.tzdata/etc/compatconfig, skipping
01-02 04:19:18.424  2234  2412 I SystemConfig: Reading permissions from /system/etc/permissions/com.android.location.provider.xml
01-02 04:19:18.424  2234  2234 D CompatConfig: Found a config file: /apex/com.android.tethering/etc/compatconfig/connectivity-platform-compat-config.xml
01-02 04:19:18.425  2234  2412 I SystemConfig: Reading permissions from /system/etc/permissions/com.android.nfc_extras.xml
01-02 04:19:18.425  2234  2234 D CompatConfig: Adding: com.android.server.compat.config.Change@3cc2616
01-02 04:19:18.425  2234  2412 I SystemConfig: Reading permissions from /system/etc/permissions/privapp-permissions-platform.xml
01-02 04:19:18.425  2234  2234 D CompatConfig: No directory /apex/com.android.sdkext/etc/compatconfig, skipping
01-02 04:19:18.425  2234  2234 D CompatConfig: No directory /apex/com.android.scheduling/etc/compatconfig, skipping
01-02 04:19:18.425  2234  2234 D CompatConfig: No directory /apex/com.android.runtime/etc/compatconfig, skipping
01-02 04:19:18.425  2234  2234 D CompatConfig: No directory /apex/com.android.resolv/etc/compatconfig, skipping
01-02 04:19:18.426  2234  2234 D CompatConfig: No directory /apex/com.android.permission/etc/compatconfig, skipping
01-02 04:19:18.426  2234  2234 D CompatConfig: No directory /apex/com.android.os.statsd/etc/compatconfig, skipping
01-02 04:19:18.426  2234  2234 D CompatConfig: No directory /apex/com.android.ondevicepersonalization/etc/compatconfig, skipping
01-02 04:19:18.426  2234  2234 D CompatConfig: No directory /apex/com.android.neuralnetworks/etc/compatconfig, skipping
01-02 04:19:18.426  2234  2234 D CompatConfig: Found a config file: /apex/com.android.mediaprovider/etc/compatconfig/media-provider-platform-compat-config.xml
01-02 04:19:18.426  2234  2234 D CompatConfig: Adding: com.android.server.compat.config.Change@b113d6d
01-02 04:19:18.427  2234  2234 D CompatConfig: Adding: com.android.server.compat.config.Change@65c8da2
01-02 04:19:18.427  2234  2234 D CompatConfig: Adding: com.android.server.compat.config.Change@5dbda33
01-02 04:19:18.427  2234  2234 D CompatConfig: Adding: com.android.server.compat.config.Change@189a1f0
01-02 04:19:18.427  2234  2234 D CompatConfig: Adding: com.android.server.compat.config.Change@6914369
01-02 04:19:18.427  2234  2234 D CompatConfig: Adding: com.android.server.compat.config.Change@a99e1ee
01-02 04:19:18.427  2234  2234 D CompatConfig: Adding: com.android.server.compat.config.Change@26fe68f
01-02 04:19:18.427  2234  2412 I SystemConfig: Reading permissions from /system/etc/permissions/android.test.mock.xml
01-02 04:19:18.427  2234  2234 D CompatConfig: No directory /apex/com.android.media.swcodec/etc/compatconfig, skipping
01-02 04:19:18.427  2234  2234 D CompatConfig: No directory /apex/com.android.media/etc/compatconfig, skipping
01-02 04:19:18.427  2234  2234 D CompatConfig: No directory /apex/com.android.ipsec/etc/compatconfig, skipping
01-02 04:19:18.427  2234  2234 D CompatConfig: No directory /apex/com.android.i18n/etc/compatconfig, skipping
01-02 04:19:18.427  2234  2234 D CompatConfig: No directory /apex/com.android.extservices/etc/compatconfig, skipping
01-02 04:19:18.428  2234  2412 I SystemConfig: Reading permissions from /system/etc/permissions/com.android.future.usb.accessory.xml
01-02 04:19:18.428  2234  2234 D CompatConfig: No directory /apex/com.android.conscrypt/etc/compatconfig, skipping
01-02 04:19:18.428  2234  2234 D CompatConfig: No directory /apex/com.android.cellbroadcast/etc/compatconfig, skipping
01-02 04:19:18.428  2234  2412 I SystemConfig: Reading permissions from /system/etc/permissions/javax.obex.xml
01-02 04:19:18.428  2234  2234 D CompatConfig: Found a config file: /apex/com.android.art/etc/compatconfig/libcore-platform-compat-config.xml
01-02 04:19:18.435  2234  2234 D CompatConfig: Adding: com.android.server.compat.config.Change@1bbf08
01-02 04:19:18.435  2234  2234 D CompatConfig: Adding: com.android.server.compat.config.Change@834f6a1
01-02 04:19:18.435  2234  2234 D CompatConfig: Adding: com.android.server.compat.config.Change@33840c6
01-02 04:19:18.435  2234  2234 D CompatConfig: Adding: com.android.server.compat.config.Change@1d41887
01-02 04:19:18.435  2234  2234 D CompatConfig: Adding: com.android.server.compat.config.Change@631c3b4
01-02 04:19:18.435  2234  2234 D CompatConfig: Adding: com.android.server.compat.config.Change@e095bdd
01-02 04:19:18.435  2234  2412 I SystemConfig: Reading permissions from /system/etc/permissions/uimremoteserver.xml
01-02 04:19:18.436  2234  2234 D CompatConfig: No directory /apex/com.android.appsearch/etc/compatconfig, skipping
01-02 04:19:18.436  2234  2234 D CompatConfig: No directory /apex/com.android.adservices/etc/compatconfig, skipping
01-02 04:19:18.436  2234  2412 I SystemConfig: Reading permissions from /system/etc/permissions/com.android.documentsui.xml
01-02 04:19:18.436  2234  2234 D CompatConfig: No directory /apex/com.android.adbd/etc/compatconfig, skipping
01-02 04:19:18.437  2234  2412 I SystemConfig: Reading permissions from /system/etc/permissions/org.apache.http.legacy.xml
01-02 04:19:18.984    24    24 E msm_eusb2_phy 88e3000.hsphy: Could not get usb psy
01-02 04:19:18.437  2234  2412 I SystemConfig: Reading permissions from /system/etc/permissions/com.android.media.remotedisplay.xml
01-02 04:19:18.438  2234  2234 V SystemServerTiming: PlatformCompat took to complete: 31ms
01-02 04:19:18.438  2234  2234 D SystemServerTiming: StartFileIntegrityService
01-02 04:19:18.438  2234  2234 I SystemServiceManager: Starting com.android.server.security.FileIntegrityService
01-02 04:19:18.438  2234  2412 I SystemConfig: Reading permissions from /system/etc/permissions/android.test.base.xml
01-02 04:19:18.439  2234  2412 I SystemConfig: Reading permissions from /system/etc/permissions/platform.xml
01-02 04:19:18.439  2234  2234 V SystemServerTiming: StartFileIntegrityService took to complete: 2ms
01-02 04:19:18.439  2234  2234 D SystemServerTiming: StartInstaller
01-02 04:19:18.439  2234  2234 I SystemServiceManager: Starting com.android.server.pm.Installer
01-02 04:19:18.441  2234  2412 I SystemConfig: Reading permissions from /vendor/etc/permissions/android.software.midi.xml
01-02 04:19:18.441  2234  2412 I SystemConfig: Reading permissions from /vendor/etc/permissions/android.hardware.se.omapi.ese.xml
01-02 04:19:18.441  2234  2234 V SystemServerTiming: StartInstaller took to complete: 2ms
01-02 04:19:18.441  2234  2234 D SystemServerTiming: DeviceIdentifiersPolicyService
01-02 04:19:18.441  2234  2234 I SystemServiceManager: Starting com.android.server.os.DeviceIdentifiersPolicyService
01-02 04:19:18.442  2234  2412 I SystemConfig: Reading permissions from /vendor/etc/permissions/com.android.se.xml
01-02 04:19:18.442  2234  2234 V SystemServerTiming: DeviceIdentifiersPolicyService took to complete: 0ms
01-02 04:19:18.442  2234  2234 D SystemServerTiming: UriGrantsManagerService
01-02 04:19:18.442  2234  2234 I SystemServiceManager: Starting com.android.server.uri.UriGrantsManagerService$Lifecycle
01-02 04:19:18.442  2234  2412 I SystemConfig: Reading permissions from /vendor/etc/permissions/android.hardware.location.gps.xml
01-02 04:19:18.442  2234  2234 V SystemServerTiming: UriGrantsManagerService took to complete: 1ms
01-02 04:19:18.442  2234  2234 D SystemServerTiming: StartPowerStatsService
01-02 04:19:18.442  2234  2234 I SystemServiceManager: Starting com.android.server.powerstats.PowerStatsService
01-02 04:19:18.442  2234  2412 I SystemConfig: Reading permissions from /vendor/etc/permissions/android.software.opengles.deqp.level.xml
01-02 04:19:18.443  2234  2412 I SystemConfig: Reading permissions from /vendor/etc/permissions/android.hardware.wifi.passpoint.xml
01-02 04:19:18.443  2234  2412 I SystemConfig: Reading permissions from /vendor/etc/permissions/vendor.qti.dcf.xml
01-02 04:19:18.444  2234  2412 I SystemConfig: Reading permissions from /vendor/etc/permissions/android.hardware.nfc.ese.xml
01-02 04:19:18.444  2234  2234 V SystemServerTiming: StartPowerStatsService took to complete: 2ms
01-02 04:19:18.444  2234  2234 D SystemServerTiming: StartIStatsService
01-02 04:19:18.445  2234  2412 I SystemConfig: Reading permissions from /vendor/etc/permissions/android.hardware.nfc.uicc.xml
01-02 04:19:18.445  2234  2412 I SystemConfig: Reading permissions from /vendor/etc/permissions/android.hardware.camera.flash-autofocus.xml
01-02 04:19:18.446  2234  2412 I SystemConfig: Reading permissions from /vendor/etc/permissions/android.software.device_id_attestation.xml
01-02 04:19:18.446  2234  2234 V SystemServerTiming: StartIStatsService took to complete: 1ms
01-02 04:19:18.446  2234  2234 D SystemServerTiming: MemtrackProxyService
01-02 04:19:18.446  2234  2412 I SystemConfig: Reading permissions from /vendor/etc/permissions/android.hardware.telephony.mbms.xml
01-02 04:19:18.446  2234  2412 I SystemConfig: Reading permissions from /vendor/etc/permissions/vendor-qti-hardware-sensorscalibrate.xml
01-02 04:19:18.447  2234  2412 I SystemConfig: Ignore shared library vendor.qti.hardware.sensorscalibrate-V1.0: /system/framework/vendor.qti.hardware.sensorscalibrate-V1.0-java.jar does not exist
01-02 04:19:18.447  2234  2412 I SystemConfig: Reading permissions from /vendor/etc/permissions/com.android.nfc_extras.xml
01-02 04:19:18.447  2234  2234 V SystemServerTiming: MemtrackProxyService took to complete: 2ms
01-02 04:19:18.447  2234  2234 D SystemServerTiming: StartActivityManager
01-02 04:19:18.447  2234  2234 I SystemServiceManager: Starting com.android.server.wm.ActivityTaskManagerService$Lifecycle
01-02 04:19:18.447  2234  2412 I SystemConfig: Reading permissions from /vendor/etc/permissions/android.hardware.vulkan.version-1_3.xml
01-02 04:19:18.448  2234  2412 I SystemConfig: Reading permissions from /vendor/etc/permissions/android.hardware.wifi.xml
01-02 04:19:18.448  2234  2412 I SystemConfig: Reading permissions from /vendor/etc/permissions/android.hardware.nfc.hce.xml
01-02 04:19:18.449  2234  2234 I SystemServiceManager: Starting com.android.server.am.ActivityManagerService$Lifecycle
01-02 04:19:18.449  2234  2412 I SystemConfig: Reading permissions from /vendor/etc/permissions/android.hardware.camera.concurrent.xml
01-02 04:19:18.449  2234  2412 I SystemConfig: Reading permissions from /vendor/etc/permissions/android.hardware.hardware_keystore.xml
01-02 04:19:18.450  2234  2234 I ActivityManager: Memory class: 256
01-02 04:19:18.450  2234  2412 I SystemConfig: Reading permissions from /vendor/etc/permissions/android.hardware.camera.full.xml
01-02 04:19:18.451  2234  2412 I SystemConfig: Reading permissions from /vendor/etc/permissions/android.hardware.wifi.rtt.xml
01-02 04:19:18.451  2234  2412 I SystemConfig: Reading permissions from /vendor/etc/permissions/android.hardware.strongbox_keystore.xml
01-02 04:19:18.452  2234  2420 I Binder  : Setting heavy hitter watcher config: false, 0, 0.0
01-02 04:19:18.452  2234  2412 I SystemConfig: Reading permissions from /vendor/etc/permissions/android.hardware.camera.raw.xml
01-02 04:19:18.452  2234  2412 I SystemConfig: Reading permissions from /vendor/etc/permissions/android.hardware.nfc.xml
01-02 04:19:18.453  2234  2412 I SystemConfig: Reading permissions from /vendor/etc/permissions/android.hardware.vulkan.level-1.xml
01-02 04:19:18.453  2234  2412 I SystemConfig: Reading permissions from /vendor/etc/permissions/android.hardware.se.omapi.uicc.xml
01-02 04:19:18.454  2234  2412 I SystemConfig: Reading permissions from /vendor/etc/permissions/android.hardware.wifi.aware.xml
01-02 04:19:18.454  2234  2412 I SystemConfig: Reading permissions from /vendor/etc/permissions/vendor.qti.hardware.factory.xml
01-02 04:19:18.454  2234  2412 I SystemConfig: Ignore shared library vendor.qti.hardware.factory-V1.0: /system/framework/vendor.qti.hardware.factory-V1.0-java.jar does not exist
01-02 04:19:18.454  2234  2412 I SystemConfig: Ignore shared library vendor.qti.hardware.factory-V1.1: /system/framework/vendor.qti.hardware.factory-V1.1-java.jar does not exist
01-02 04:19:18.455  2234  2412 I SystemConfig: Reading permissions from /vendor/etc/permissions/android.software.verified_boot.xml
01-02 04:19:18.455  2234  2412 I SystemConfig: Reading permissions from /vendor/etc/permissions/android.hardware.telephony.cdma.xml
01-02 04:19:18.455  2234  2412 I SystemConfig: Reading permissions from /vendor/etc/permissions/android.hardware.usb.host.xml
01-02 04:19:18.456  2234  2412 I SystemConfig: Reading permissions from /vendor/etc/permissions/android.hardware.telephony.ims.xml
01-02 04:19:18.456  2234  2412 I SystemConfig: Reading permissions from /vendor/etc/permissions/android.hardware.usb.accessory.xml
01-02 04:19:18.457  2234  2412 I SystemConfig: Reading permissions from /vendor/etc/permissions/android.hardware.audio.low_latency.xml
01-02 04:19:18.457  2234  2412 I SystemConfig: Reading permissions from /vendor/etc/permissions/android.hardware.vulkan.compute-0.xml
01-02 04:19:18.458  2234  2412 I SystemConfig: Reading permissions from /vendor/etc/permissions/android.hardware.light.xml
01-02 04:19:18.458  2234  2412 I SystemConfig: Ignore shared library android.hardware.light-V2.0: /system/framework/android.hardware.light-V2.0-java.jar does not exist
01-02 04:19:18.458  2234  2412 I SystemConfig: Reading permissions from /vendor/etc/permissions/qti_fingerprint_interface.xml
01-02 04:19:18.458  2234  2412 I SystemConfig: Ignore shared library vendor.qti.hardware.fingerprint.V1_0.IQfpAndroidServices: /system/framework/vendor.qti.hardware.fingerprint-V1.0-java.jar does not exist
01-02 04:19:18.458  2234  2412 I SystemConfig: Ignore shared library vendor.qti.hardware.fingerprint.V1_0.IQtiExtendedFingerprint: /system/framework/vendor.qti.hardware.fingerprint-V1.0-java.jar does not exist
01-02 04:19:18.459  2234  2412 I SystemConfig: Reading permissions from /vendor/etc/permissions/android.hardware.opengles.aep.xml
01-02 04:19:18.459  2234  2412 I SystemConfig: Reading permissions from /vendor/etc/permissions/android.software.vulkan.deqp.level.xml
01-02 04:19:18.459  2234  2412 I SystemConfig: Reading permissions from /vendor/etc/permissions/android.hardware.nfc.hcef.xml
01-02 04:19:18.460  2234  2412 I SystemConfig: Reading permissions from /vendor/etc/permissions/android.hardware.camera.front.xml
01-02 04:19:18.460  2234  2412 I SystemConfig: Reading permissions from /vendor/etc/permissions/android.hardware.touchscreen.multitouch.jazzhand.xml
01-02 04:19:18.461  2234  2412 I SystemConfig: Reading permissions from /vendor/etc/permissions/android.software.sip.voip.xml
01-02 04:19:18.461  2234  2412 I SystemConfig: Reading permissions from /vendor/etc/permissions/android.hardware.vulkan.version-1_1.xml
01-02 04:19:18.461  2234  2412 I SystemConfig: Reading permissions from /vendor/etc/permissions/handheld_core_hardware.xml
01-02 04:19:18.462  2234  2412 I SystemConfig: Reading permissions from /vendor/etc/permissions/android.hardware.audio.pro.xml
01-02 04:19:18.462  2234  2412 I SystemConfig: Reading permissions from /vendor/etc/permissions/android.software.ipsec_tunnels.xml
01-02 04:19:18.463  2234  2412 I SystemConfig: Reading permissions from /vendor/etc/permissions/android.hardware.wifi.direct.xml
01-02 04:19:18.463  2234  2412 I SystemConfig: Reading permissions from /vendor/etc/permissions/android.hardware.bluetooth_le.xml
01-02 04:19:18.463  2234  2412 I SystemConfig: Reading permissions from /vendor/etc/permissions/android.hardware.telephony.gsm.xml
01-02 04:19:18.464  2234  2412 I SystemConfig: Reading permissions from /vendor/etc/permissions/com.nxp.mifare.xml
01-02 04:19:18.464  2234  2412 I SystemConfig: Reading permissions from /vendor/etc/permissions/android.hardware.fingerprint.xml
01-02 04:19:18.465  2234  2412 I SystemConfig: Reading permissions from /vendor/etc/permissions/android.hardware.bluetooth.xml
01-02 04:19:18.466  2234  2412 I SystemConfig: Reading permissions from /vendor/etc/permissions/sku_kalama/android.hardware.sensor.light.xml
01-02 04:19:18.466  2234  2412 I SystemConfig: Reading permissions from /vendor/etc/permissions/sku_kalama/android.hardware.sensor.relative_humidity.xml
01-02 04:19:18.466  2234  2412 I SystemConfig: Reading permissions from /vendor/etc/permissions/sku_kalama/android.hardware.sensor.accelerometer.xml
01-02 04:19:18.467  2234  2412 I SystemConfig: Reading permissions from /vendor/etc/permissions/sku_kalama/android.hardware.sensor.stepdetector.xml
01-02 04:19:18.467  2234  2412 I SystemConfig: Reading permissions from /vendor/etc/permissions/sku_kalama/android.hardware.sensor.hifi_sensors.xml
01-02 04:19:18.468  2234  2412 I SystemConfig: Reading permissions from /vendor/etc/permissions/sku_kalama/android.hardware.sensor.gyroscope.xml
01-02 04:19:18.468  2234  2412 I SystemConfig: Reading permissions from /vendor/etc/permissions/sku_kalama/android.hardware.sensor.dynamic.head_tracker.xml
