01-02 04:19:17.012   656   656 I msm_vidc: fw: <VFW_E:HostDr:unkn:--------:--> VenusHostDriver_ParseC2SysPacket(910): BUILD_TIME: Aug 20 2024 14:57:38
01-02 04:19:17.012   656   656 I msm_vidc: fw: <VFW_E:HostDr:unkn:--------:--> VenusHostDriver_ParseC2SysPacket(1073): licence unique code is not matched
01-02 04:19:17.012   716   716 W qcom_q6v5_pas 3000000.remoteproc-adsp: Direct firmware load for adsp.b39 failed with error -2
01-02 04:19:17.012   716   716 W qcom_q6v5_pas 3000000.remoteproc-adsp: Falling back to sysfs fallback for: adsp.b39
01-02 04:19:16.458   895   895 D spcomlib: [spcom_ion_alloc_ex] Allocated dma_buf: fd [10] size [0x20000] OK.
01-02 04:19:16.458   895   895 D spcomlib: [spcom_ion_alloc_ex] call hyp_assign() for fd [10].
01-02 04:19:16.458   895   895 D spcomlib: [spcom_ion_alloc_ex] FindVmByName() ret vm_sp [12].
01-02 04:19:16.458   895   895 D spcomlib: [spcom_ion_alloc_ex] FindVmByName() ret vm_hlos [13].
01-02 04:19:16.459   895   895 D spcomlib: [spcom_load_app_from_buffer] app buf successfully created for [macchiato].
01-02 04:19:16.459   895   895 D iarlib  : [iar_handle_pre_app_load] pre load app: [macch1p]
01-02 04:19:16.459   895   895 E iardb   : [iar_db_get_iar_state] failed to open file /mnt/vendor/spunvm/iar_db/iar_state.bin [2] [No such file or directory]
01-02 04:19:16.459   895   895 D iarlib  : [iar_get_state] Can't get iar_state, return DISABLED
01-02 04:19:16.459   895   895 I iarlib  : [iar_handle_pre_app_load] IAR is NOT Activated.
01-02 04:19:16.459   895   895 D spcomlib: [spcom_load_app_from_buffer] IAR handle pre-app load: 0
01-02 04:19:16.459   895   895 D spcomlib: [spcom_register_client] SPCom register client: ch_name[sp_kernel], PID[0x5f4194f8]
01-02 04:19:16.459   895   895 D spcomlib: [spcom_ch_register] SPCom channel register cmd: ch_name[sp_kernel], PID [0x5f4194f8]
01-02 04:19:16.459   895   895 D spcomlib: [spcom_ioctl] spcom_ioctl: command ID [1075860458]
01-02 04:19:16.459   895   895 D spcomlib: [spcom_ch_register] SPCom register cmd done: ch_name[sp_kernel]
01-02 04:19:16.459   895   895 D spcomlib: [add_ch] add ch [sp_kernel].
01-02 04:19:16.459   895   895 D spcomlib: [spcom_register_client] SPCom register done: ch_name[sp_kernel]
01-02 04:19:16.459   895   895 D spcomlib: [spcom_client_is_server_connected] SPCom client is sever connected cmd: ch_name[sp_kernel]
01-02 04:19:16.459   895   895 D spcomlib: [spcom_ioctl] spcom_ioctl: command ID [1075860460]
01-02 04:19:16.459   895   895 D spcomlib: [spcom_manage_dma_buffer_lock] SPCom manage DMA buffer lock cmd: ch_name[sp_kernel], fd[10], PID[0x5f4194f8]
01-02 04:19:16.459   895   895 D spcomlib: [spcom_ioctl] spcom_ioctl: command ID [1076384753]
01-02 04:19:16.459   895   895 D spcomlib: [spcom_manage_dma_buffer_lock] SPCom manage DMA buffer lock cmd done: ch_name[sp_kernel], ret[0]
01-02 04:19:16.459   895   895 D spcomlib: [spcom_send_modified_message] SPCom send modified message cmd: ch_name [sp_kernel], buffer_size [52], timeout_ms [9000]
01-02 04:19:16.459   895   895 D spcomlib: [spcom_send_modified_message] DMA info table [10]: fd[8] - offset[2139062143]
01-02 04:19:16.459   895   895 D spcomlib: [spcom_send_modified_message] DMA info table [-1]: fd[0] - offset[2139062143]
01-02 04:19:16.459   895   895 D spcomlib: [spcom_send_modified_message] DMA info table [-1]: fd[0] - offset[2139062143]
01-02 04:19:16.459   895   895 D spcomlib: [spcom_send_modified_message] DMA info table [-1]: fd[0] - offset[2139062143]
01-02 04:19:16.459   895   895 D spcomlib: [spcom_ioctl] spcom_ioctl: command ID [1078481902]
01-02 04:19:16.459   895   895 D spcomlib: [spcom_send_modified_message] SPCom send modified message cmd done: ch_name[sp_kernel], ret[52]
01-02 04:19:16.459   895   895 D spcomlib: [spcom_get_message] SPCom get message cmd: ch_name [sp_kernel], buffer_size [20], timeout_ms [9000]
01-02 04:19:16.459   895   895 D spcomlib: [spcom_ioctl] spcom_ioctl: command ID [3223868400]
01-02 04:19:17.027   716   716 W qcom_q6v5_pas 3000000.remoteproc-adsp: Direct firmware load for adsp.b40 failed with error -2
01-02 04:19:17.027   716   716 W qcom_q6v5_pas 3000000.remoteproc-adsp: Falling back to sysfs fallback for: adsp.b40
01-02 04:19:17.042   716   716 W qcom_q6v5_pas 3000000.remoteproc-adsp: Direct firmware load for adsp.b41 failed with error -2
01-02 04:19:17.042   716   716 W qcom_q6v5_pas 3000000.remoteproc-adsp: Falling back to sysfs fallback for: adsp.b41
01-02 04:19:17.063   716   716 W qcom_q6v5_pas 3000000.remoteproc-adsp: Direct firmware load for adsp.b42 failed with error -2
01-02 04:19:17.063   716   716 W qcom_q6v5_pas 3000000.remoteproc-adsp: Falling back to sysfs fallback for: adsp.b42
01-02 04:19:17.071   716   716 W qcom_q6v5_pas 3000000.remoteproc-adsp: Direct firmware load for adsp.b43 failed with error -2
01-02 04:19:17.071   716   716 W qcom_q6v5_pas 3000000.remoteproc-adsp: Falling back to sysfs fallback for: adsp.b43
01-02 04:19:16.517   895   895 D spcomlib: [spcom_get_message] SPCom get message cmd done: ch_name[sp_kernel], message size[20]
01-02 04:19:16.517   895   895 D spcomlib: [spcom_load_app_from_buffer] Load App [macchiato] ret [20]
01-02 04:19:16.517   895   895 E iardb   : [iar_db_get_iar_state] failed to open file /mnt/vendor/spunvm/iar_db/iar_state.bin [2] [No such file or directory]
01-02 04:19:16.517   895   895 D iarlib  : [iar_get_state] Can't get iar_state, return DISABLED
01-02 04:19:16.517   895   895 I iarlib  : [iar_handle_post_app_load] IAR not activated
01-02 04:19:16.517   895   895 D spcomlib: [spcom_load_app_from_buffer] IAR handle post-app load: 0
01-02 04:19:16.517   895   895 D spcomlib: [spcom_ion_free_ex] Free DmaBuf fd [10] size [0x00020000]
01-02 04:19:16.517   895   895 D spcomlib: [spcom_unregister_client] SPCom unregister client
01-02 04:19:16.517   895   895 D spcomlib: [spcom_unregister] SPCom unregister cmd: ch_name[sp_kernel], PID[0x5f4194f8]
01-02 04:19:16.517   895   895 D spcomlib: [spcom_ioctl] spcom_ioctl: command ID [1075860459]
01-02 04:19:16.517   895   895 D spcomlib: [del_ch] del ch [sp_kernel].
01-02 04:19:16.517   895   895 D spcomlib: [stop_ssr_thread] ssr_cb_num = 2 > 0 , don't kill yet
01-02 04:19:16.517   895   895 D spcomlib: [spcom_unregister] SPCom unregister cmd done: ch_name[sp_kernel], ret[0]
01-02 04:19:16.517   895   895 D spcomlib: [spcom_load_app_from_buffer] Load App resp->error_code: [0].
01-02 04:19:16.517   895   895 D spcomlib: [spcom_load_app_from_buffer] Load App [macchiato] completed ok.
01-02 04:19:16.519  1516  1516 I gsid    : no DSU: No such file or directory
01-02 04:19:16.522  1073  1073 V Zygote64Timing: BeginPreload took to complete: 89ms
01-02 04:19:16.528   895   895 D spdaemon: SP App [macchiato] is loaded successfully.
01-02 04:19:16.528   895   895 D spcomlib: [spcom_sp_sysparam_read_ext] Issue SP_CMD_ID_SYSPARAM_READ (3).
01-02 04:19:16.528   895   895 D spcomlib: [spcom_send_message] SPCom send message cmd: ch_name [cryptoapp], buffer_size [16], timeout_ms [9000]
01-02 04:19:16.528   895   895 D spcomlib: [spcom_ioctl] spcom_ioctl: command ID [1076384749]
01-02 04:19:16.528   895   895 D spcomlib: [spcom_send_message] SPCom send message cmd done: ch_name[cryptoapp], ret[16]
01-02 04:19:16.528   895   895 D spcomlib: [spcom_get_message] SPCom get message cmd: ch_name [cryptoapp], buffer_size [8], timeout_ms [9000]
01-02 04:19:16.528   895   895 D spcomlib: [spcom_ioctl] spcom_ioctl: command ID [3223868400]
01-02 04:19:17.086   656   656 I msm_vidc: fw: <VFW_E:HostDr:unkn:--------:--> VenusHostDriver_ParseC2SysPacket(907): QC_IMAGE_VERSION_STRING=vfw-0:rel000-226074a0230c8eef1506e05afa9d33f7733c263f
01-02 04:19:17.086   656   656 I msm_vidc: fw: <VFW_E:HostDr:unkn:--------:--> VenusHostDriver_ParseC2SysPacket(908): IMAGE_VARIANT_STRING=16MB
01-02 04:19:17.086   656   656 I msm_vidc: fw: <VFW_E:HostDr:unkn:--------:--> VenusHostDriver_ParseC2SysPacket(909): OEM_IMAGE_VERSION_STRING=hyd-lablnx446
01-02 04:19:17.086   656   656 I msm_vidc: fw: <VFW_E:HostDr:unkn:--------:--> VenusHostDriver_ParseC2SysPacket(910): BUILD_TIME: Aug 20 2024 14:57:38
01-02 04:19:17.086   656   656 I msm_vidc: fw: <VFW_E:HostDr:unkn:--------:--> VenusHostDriver_ParseC2SysPacket(1073): licence unique code is not matched
01-02 04:19:17.087   716   716 W qcom_q6v5_pas 3000000.remoteproc-adsp: Direct firmware load for adsp.b44 failed with error -2
01-02 04:19:17.087   716   716 W qcom_q6v5_pas 3000000.remoteproc-adsp: Falling back to sysfs fallback for: adsp.b44
01-02 04:19:17.094   716   716 W qcom_q6v5_pas 3000000.remoteproc-adsp: Direct firmware load for adsp.b45 failed with error -2
01-02 04:19:17.094   716   716 W qcom_q6v5_pas 3000000.remoteproc-adsp: Falling back to sysfs fallback for: adsp.b45
01-02 04:19:16.541   895   895 D spcomlib: [spcom_get_message] SPCom get message cmd done: ch_name[cryptoapp], message size[8]
01-02 04:19:16.541   895   895 D spcomlib: [spcom_sp_sysparam_read_ext] SP_CMD_ID_SYSPARAM_READ returned value (0x00490000).
01-02 04:19:16.541   895   895 D spcomlib: [spcom_sp_sysparam_read_ext] Issue SP_CMD_ID_SYSPARAM_READ (4).
01-02 04:19:16.541   895   895 D spcomlib: [spcom_send_message] SPCom send message cmd: ch_name [cryptoapp], buffer_size [16], timeout_ms [9000]
01-02 04:19:16.541   895   895 D spcomlib: [spcom_ioctl] spcom_ioctl: command ID [1076384749]
01-02 04:19:16.541   895   895 D spcomlib: [spcom_send_message] SPCom send message cmd done: ch_name[cryptoapp], ret[16]
01-02 04:19:16.541   895   895 D spcomlib: [spcom_get_message] SPCom get message cmd: ch_name [cryptoapp], buffer_size [8], timeout_ms [9000]
01-02 04:19:16.541   895   895 D spcomlib: [spcom_ioctl] spcom_ioctl: command ID [3223868400]
01-02 04:19:17.101   716   716 W qcom_q6v5_pas 3000000.remoteproc-adsp: Direct firmware load for adsp.b46 failed with error -2
01-02 04:19:17.101   716   716 W qcom_q6v5_pas 3000000.remoteproc-adsp: Falling back to sysfs fallback for: adsp.b46
01-02 04:19:17.107   716   716 W qcom_q6v5_pas 3000000.remoteproc-adsp: Direct firmware load for adsp.b47 failed with error -2
01-02 04:19:17.107   716   716 W qcom_q6v5_pas 3000000.remoteproc-adsp: Falling back to sysfs fallback for: adsp.b47
01-02 04:19:16.553   895   895 D spcomlib: [spcom_get_message] SPCom get message cmd done: ch_name[cryptoapp], message size[8]
01-02 04:19:16.553   895   895 D spcomlib: [spcom_sp_sysparam_read_ext] SP_CMD_ID_SYSPARAM_READ returned value (0xA9A3F7D8).
01-02 04:19:16.553   895   895 I spdaemon: macchiato, v73.0.A9A3F7D8
01-02 04:19:16.553   895   895 D spdaemon: SP Apps were loaded successfully.
01-02 04:19:16.553   895   895 E iardb   : [iar_db_get_iar_state] failed to open file /mnt/vendor/spunvm/iar_db/iar_state.bin [2] [No such file or directory]
01-02 04:19:16.553   895   895 D iarlib  : [iar_get_state] Can't get iar_state, return DISABLED
01-02 04:19:16.553   895   895 D spcomlib: [spcom_sp_sysparam_read_ext] Issue SP_CMD_ID_SYSPARAM_READ (0).
01-02 04:19:16.553   895   895 D spcomlib: [spcom_send_message] SPCom send message cmd: ch_name [cryptoapp], buffer_size [16], timeout_ms [9000]
01-02 04:19:16.553   895   895 D spcomlib: [spcom_ioctl] spcom_ioctl: command ID [1076384749]
01-02 04:19:16.553   895   895 D spcomlib: [spcom_send_message] SPCom send message cmd done: ch_name[cryptoapp], ret[16]
01-02 04:19:16.553   895   895 D spcomlib: [spcom_get_message] SPCom get message cmd: ch_name [cryptoapp], buffer_size [8], timeout_ms [9000]
01-02 04:19:16.553   895   895 D spcomlib: [spcom_ioctl] spcom_ioctl: command ID [3223868400]
01-02 04:19:17.117   716   716 W qcom_q6v5_pas 3000000.remoteproc-adsp: Direct firmware load for adsp.b48 failed with error -2
01-02 04:19:17.117   716   716 W qcom_q6v5_pas 3000000.remoteproc-adsp: Falling back to sysfs fallback for: adsp.b48
01-02 04:19:16.565   895   895 D spcomlib: [spcom_get_message] SPCom get message cmd done: ch_name[cryptoapp], message size[8]
01-02 04:19:16.565   895   895 D spcomlib: [spcom_sp_sysparam_read_ext] SP_CMD_ID_SYSPARAM_READ returned value (0x00490000).
01-02 04:19:16.565   895   895 D spcomlib: [spcom_sp_sysparam_read_ext] Issue SP_CMD_ID_SYSPARAM_READ (1).
01-02 04:19:16.565   895   895 D spcomlib: [spcom_send_message] SPCom send message cmd: ch_name [cryptoapp], buffer_size [16], timeout_ms [9000]
01-02 04:19:16.565   895   895 D spcomlib: [spcom_ioctl] spcom_ioctl: command ID [1076384749]
01-02 04:19:16.565   895   895 D spcomlib: [spcom_send_message] SPCom send message cmd done: ch_name[cryptoapp], ret[16]
01-02 04:19:16.565   895   895 D spcomlib: [spcom_get_message] SPCom get message cmd: ch_name [cryptoapp], buffer_size [8], timeout_ms [9000]
01-02 04:19:16.565   895   895 D spcomlib: [spcom_ioctl] spcom_ioctl: command ID [3223868400]
01-02 04:19:17.122   656   656 I msm_vidc: fw: <VFW_E:HostDr:unkn:--------:--> VenusHostDriver_ParseC2SysPacket(907): QC_IMAGE_VERSION_STRING=vfw-0:rel000-226074a0230c8eef1506e05afa9d33f7733c263f
01-02 04:19:17.122   656   656 I msm_vidc: fw: <VFW_E:HostDr:unkn:--------:--> VenusHostDriver_ParseC2SysPacket(908): IMAGE_VARIANT_STRING=16MB
01-02 04:19:17.122   656   656 I msm_vidc: fw: <VFW_E:HostDr:unkn:--------:--> VenusHostDriver_ParseC2SysPacket(909): OEM_IMAGE_VERSION_STRING=hyd-lablnx446
01-02 04:19:17.122   656   656 I msm_vidc: fw: <VFW_E:HostDr:unkn:--------:--> VenusHostDriver_ParseC2SysPacket(910): BUILD_TIME: Aug 20 2024 14:57:38
01-02 04:19:17.122   656   656 I msm_vidc: fw: <VFW_E:HostDr:unkn:--------:--> VenusHostDriver_ParseC2SysPacket(1073): licence unique code is not matched
01-02 04:19:17.126   716   716 W qcom_q6v5_pas 3000000.remoteproc-adsp: Direct firmware load for adsp.b49 failed with error -2
01-02 04:19:17.126   716   716 W qcom_q6v5_pas 3000000.remoteproc-adsp: Falling back to sysfs fallback for: adsp.b49
01-02 04:19:17.126  1277  1277 I CAM_INFO: CAM-SMMU: cam_smmu_need_force_alloc_cached: 453: force_cache_allocs=1
01-02 04:19:17.126  1277  1277 I CAM_INFO: CAM-MEM: cam_mem_mgr_get_dma_heaps: 667: Heaps : system=ffffff8027a38600, system_uncached=0000000000000000, camera=0000000000000000, camera-uncached=0000000000000000, secure_display=ffffff8027a3bc00, ubwc_p_heap=0000000000000000
01-02 04:19:16.577   895   895 D spcomlib: [spcom_get_message] SPCom get message cmd done: ch_name[cryptoapp], message size[8]
01-02 04:19:16.577   895   895 D spcomlib: [spcom_sp_sysparam_read_ext] SP_CMD_ID_SYSPARAM_READ returned value (0xA9A3F7D8).
01-02 04:19:16.577   895   895 D spcomlib: [spcom_sp_sysparam_read_ext] Issue SP_CMD_ID_SYSPARAM_READ (5).
01-02 04:19:16.578   895   895 D spcomlib: [spcom_send_message] SPCom send message cmd: ch_name [cryptoapp], buffer_size [16], timeout_ms [9000]
01-02 04:19:16.578   895   895 D spcomlib: [spcom_ioctl] spcom_ioctl: command ID [1076384749]
01-02 04:19:16.578   895   895 D spcomlib: [spcom_send_message] SPCom send message cmd done: ch_name[cryptoapp], ret[16]
01-02 04:19:16.578   895   895 D spcomlib: [spcom_get_message] SPCom get message cmd: ch_name [cryptoapp], buffer_size [8], timeout_ms [9000]
01-02 04:19:16.578   895   895 D spcomlib: [spcom_ioctl] spcom_ioctl: command ID [3223868400]
01-02 04:19:17.130  1277  1277 I CAM_INFO: CAM-ICP: cam_icp_v2_download_fw: 798: Loading Secure PIL : Y
01-02 04:19:17.136   716   716 W qcom_q6v5_pas 3000000.remoteproc-adsp: Direct firmware load for adsp.b50 failed with error -2
01-02 04:19:17.136   716   716 W qcom_q6v5_pas 3000000.remoteproc-adsp: Falling back to sysfs fallback for: adsp.b50
01-02 04:19:17.144   716   716 W qcom_q6v5_pas 3000000.remoteproc-adsp: Direct firmware load for adsp.b51 failed with error -2
01-02 04:19:17.144   716   716 W qcom_q6v5_pas 3000000.remoteproc-adsp: Falling back to sysfs fallback for: adsp.b51
01-02 04:19:16.590   895   895 D spcomlib: [spcom_get_message] SPCom get message cmd done: ch_name[cryptoapp], message size[8]
01-02 04:19:16.590   895   895 D spcomlib: [spcom_sp_sysparam_read_ext] SP_CMD_ID_SYSPARAM_READ returned value (0x06010000).
01-02 04:19:16.590   895   895 I spdaemon: SP Build v73.0.A9A3F7D8, HW v06010000
01-02 04:19:16.590   895   895 D spcomlib: [spcom_send_message] SPCom send message cmd: ch_name [cryptoapp], buffer_size [8], timeout_ms [9000]
01-02 04:19:16.590   895   895 D spcomlib: [spcom_ioctl] spcom_ioctl: command ID [1076384749]
01-02 04:19:16.590   895   895 D spcomlib: [spcom_send_message] SPCom send message cmd done: ch_name[cryptoapp], ret[8]
01-02 04:19:16.590   895   895 D spcomlib: [spcom_get_message] SPCom get message cmd: ch_name [cryptoapp], buffer_size [60], timeout_ms [9000]
01-02 04:19:16.590   895   895 D spcomlib: [spcom_ioctl] spcom_ioctl: command ID [3223868400]
01-02 04:19:17.153   103   103 I CAM_INFO: CAM-ICP: cam_icp_mgr_process_dbg_buf: 2917: FW_DBG:CICP_FW_E : HFI  :QC_IMAGE_VERSION_STRING=CICP.FW.6.0-00010,OEM_IMAGE_VERSION_STRING=CRM,BUILD_TIME: Jan 22 2024 04:20:17,CACHE_ENABLED at icphostinterface.c:810 QC_IMAGE_VERSION_STRING=CICP.FW.6.0-00010 OEM_IMAGE_VERSION_STRING=CRM
01-02 04:19:17.153   103   103 I CAM_INFO: CAM-ICP: cam_icp_mgr_process_dbg_buf: 2917: FW_DBG:CICP_FW_E : HFI  :ELF variant: CACHE-ENABLED:T480:API_V2:USE_CDM_1_1:T780:TCM_ENABLED: , API version: 0x23c0005 at icphostinterface.c:811 QC_IMAGE_VERSION_STRING=CICP.FW.6.0-00010 OEM_IMAGE_VERSION_STRING=CRM
01-02 04:19:17.153   103   103 I CAM_INFO: CAM-ICP: cam_icp_mgr_process_dbg_buf: 2917: FW_DBG:CICP_FW_E : HWDRV_:DMI_STATUS polling timed out at hardwaredriver_ipebps.c:448 QC_IMAGE_VERSION_STRING=CICP.FW.6.0-00010 OEM_IMAGE_VERSION_STRING=CRM
01-02 04:19:17.153  1277  1277 I CAM_INFO: CAM-ICP: cam_icp_mgr_hw_open: 4586: FW download done successfully
01-02 04:19:17.164   716   716 W qcom_q6v5_pas 3000000.remoteproc-adsp: Direct firmware load for adsp.b52 failed with error -2
01-02 04:19:17.164   716   716 W qcom_q6v5_pas 3000000.remoteproc-adsp: Falling back to sysfs fallback for: adsp.b52
01-02 04:19:17.171   656   656 I msm_vidc: fw: <VFW_E:HostDr:unkn:--------:--> VenusHostDriver_ParseC2SysPacket(907): QC_IMAGE_VERSION_STRING=vfw-0:rel000-226074a0230c8eef1506e05afa9d33f7733c263f
01-02 04:19:17.171   656   656 I msm_vidc: fw: <VFW_E:HostDr:unkn:--------:--> VenusHostDriver_ParseC2SysPacket(908): IMAGE_VARIANT_STRING=16MB
01-02 04:19:17.171   656   656 I msm_vidc: fw: <VFW_E:HostDr:unkn:--------:--> VenusHostDriver_ParseC2SysPacket(909): OEM_IMAGE_VERSION_STRING=hyd-lablnx446
01-02 04:19:17.171   656   656 I msm_vidc: fw: <VFW_E:HostDr:unkn:--------:--> VenusHostDriver_ParseC2SysPacket(910): BUILD_TIME: Aug 20 2024 14:57:38
01-02 04:19:17.171   656   656 I msm_vidc: fw: <VFW_E:HostDr:unkn:--------:--> VenusHostDriver_ParseC2SysPacket(1073): licence unique code is not matched
01-02 04:19:17.176   716   716 W qcom_q6v5_pas 3000000.remoteproc-adsp: Direct firmware load for adsp.b53 failed with error -2
01-02 04:19:17.176   716   716 W qcom_q6v5_pas 3000000.remoteproc-adsp: Falling back to sysfs fallback for: adsp.b53
01-02 04:19:17.180   716   716 W qcom_q6v5_pas 3000000.remoteproc-adsp: Direct firmware load for adsp.b54 failed with error -2
01-02 04:19:17.180   716   716 W qcom_q6v5_pas 3000000.remoteproc-adsp: Falling back to sysfs fallback for: adsp.b54
01-02 04:19:16.632   895   895 D spcomlib: [spcom_get_message] SPCom get message cmd done: ch_name[cryptoapp], message size[60]
01-02 04:19:16.632   895   895 I spdaemon: Sensors Calibration: Ok, ARI lifecycle: 0, ARI Gauge: 100%
01-02 04:19:16.632   895   895 I spdaemon: NVM result: 000014D8
01-02 04:19:16.632   895   895 D spcomlib: [spcom_sp_sysparam_read_ext] Issue SP_CMD_ID_SYSPARAM_READ (6).
01-02 04:19:16.632   895   895 D spcomlib: [spcom_send_message] SPCom send message cmd: ch_name [cryptoapp], buffer_size [16], timeout_ms [9000]
01-02 04:19:16.632   895   895 D spcomlib: [spcom_ioctl] spcom_ioctl: command ID [1076384749]
01-02 04:19:16.632   895   895 D spcomlib: [spcom_send_message] SPCom send message cmd done: ch_name[cryptoapp], ret[16]
01-02 04:19:16.632   895   895 D spcomlib: [spcom_get_message] SPCom get message cmd: ch_name [cryptoapp], buffer_size [8], timeout_ms [9000]
01-02 04:19:16.632   895   895 D spcomlib: [spcom_ioctl] spcom_ioctl: command ID [3223868400]
01-02 04:19:16.649   895   895 D spcomlib: [spcom_get_message] SPCom get message cmd done: ch_name[cryptoapp], message size[8]
01-02 04:19:16.649   895   895 D spcomlib: [spcom_sp_sysparam_read_ext] SP_CMD_ID_SYSPARAM_READ returned value (0x00000000).
01-02 04:19:16.649   895   895 I spdaemon: FIPS: off, FIPS override: off
01-02 04:19:16.649   895   895 D spcomlib: [spcom_unregister_client] SPCom unregister client
01-02 04:19:16.649   895   895 D spcomlib: [spcom_unregister] SPCom unregister cmd: ch_name[cryptoapp], PID[0x5f4194f8]
01-02 04:19:16.649   895   895 D spcomlib: [spcom_ioctl] spcom_ioctl: command ID [1075860459]
01-02 04:19:16.649   895   895 D spcomlib: [spcom_unregister] SPCom unregister: remove SSR cb[0x735deb0648]
01-02 04:19:16.649   895   895 D spcomlib: [del_ssr_cb] ssr cb deleted from entry 1!
01-02 04:19:16.649   895   895 D spcomlib: [del_ch] del ch [cryptoapp].
01-02 04:19:16.649   895   895 D spcomlib: [stop_ssr_thread] ssr_cb_num = 1 > 0 , don't kill yet
01-02 04:19:16.649   895   895 D spcomlib: [spcom_unregister] SPCom unregister cmd done: ch_name[cryptoapp], ret[0]
01-02 04:19:16.649   895   895 D spcomlib: [spcom_signal_event] event [2] [spu_ready] EVENT_STATUS_SIGNALED
01-02 04:19:16.649   895   895 D spdaemon: Go to sleep , nothing to do now , wake up upon SP reset event.
01-02 04:19:16.649  1240  1240 D spcomlib: [spcom_wait_for_event] event [2] [spu_ready] EVENT_STATUS_SIGNALED
01-02 04:19:17.214   656   656 I msm_vidc: fw: <VFW_E:HostDr:unkn:--------:--> VenusHostDriver_ParseC2SysPacket(907): QC_IMAGE_VERSION_STRING=vfw-0:rel000-226074a0230c8eef1506e05afa9d33f7733c263f
01-02 04:19:17.214   656   656 I msm_vidc: fw: <VFW_E:HostDr:unkn:--------:--> VenusHostDriver_ParseC2SysPacket(908): IMAGE_VARIANT_STRING=16MB
01-02 04:19:17.214   656   656 I msm_vidc: fw: <VFW_E:HostDr:unkn:--------:--> VenusHostDriver_ParseC2SysPacket(909): OEM_IMAGE_VERSION_STRING=hyd-lablnx446
01-02 04:19:17.214   656   656 I msm_vidc: fw: <VFW_E:HostDr:unkn:--------:--> VenusHostDriver_ParseC2SysPacket(910): BUILD_TIME: Aug 20 2024 14:57:38
01-02 04:19:17.214   656   656 I msm_vidc: fw: <VFW_E:HostDr:unkn:--------:--> VenusHostDriver_ParseC2SysPacket(1073): licence unique code is not matched
01-02 04:19:16.670  1240  1240 D spcomlib: [spcom_register_client] SPCom register client: ch_name[spu_hal_ssr], PID[0x2568a4f8]
01-02 04:19:16.670  1240  1240 D spcomlib: [spcom_ch_register] SPCom channel register cmd: ch_name[spu_hal_ssr], PID [0x2568a4f8]
01-02 04:19:16.670  1240  1240 D spcomlib: [open_control_ch] Control channel opened successfully
01-02 04:19:16.670  1240  1240 D spcomlib: [spcom_ioctl] spcom_ioctl: command ID [1075860458]
01-02 04:19:16.670  1240  1240 D spcomlib: [spcom_ch_register] SPCom register cmd done: ch_name[spu_hal_ssr]
01-02 04:19:16.671  1240  1240 D spcomlib: [spcom_add_ssr_cb] SPCom add SSR callback: ch_name[spu_hal_ssr], cb[0x5897d08308]
01-02 04:19:16.671  1240  1240 D spcomlib: [add_ssr_cb] ssr cb added at entry 0!
01-02 04:19:16.671  1240  1240 D spcomlib: [start_ssr_thread] main thread pid[0x2568a4f8]
01-02 04:19:16.671  1240  1240 D spcomlib: [start_ssr_thread] Wait for SSR thread to run
01-02 04:19:16.688  1240  1641 D spcomlib: [notify_ssr_thread] notify SSR thread started
01-02 04:19:16.688  1240  1641 D spcomlib: [spcom_check_link_up_state] SPCom check for link up: wait[1], event_id[100]
01-02 04:19:16.688  1240  1240 D spcomlib: [start_ssr_thread] pthread_cond_wait ret [0]
01-02 04:19:16.688  1240  1641 D spcomlib: [spcom_ioctl] spcom_ioctl: command ID [3222295528]
01-02 04:19:16.688  1240  1240 D spcomlib: [start_ssr_thread] start ssr thread done
01-02 04:19:16.688  1240  1240 D spcomlib: [spcom_add_ssr_cb] SPCom add SSR callback done: ch_name[spu_hal_ssr], cb[0x5897d08308]
01-02 04:19:16.688  1240  1240 D spcomlib: [add_ch] add ch [spu_hal_ssr].
01-02 04:19:16.688  1240  1240 D spcomlib: [spcom_register_client] SPCom register done: ch_name[spu_hal_ssr]
01-02 04:19:17.254   656   656 I msm_vidc: fw: <VFW_E:HostDr:unkn:--------:--> VenusHostDriver_ParseC2SysPacket(907): QC_IMAGE_VERSION_STRING=vfw-0:rel000-226074a0230c8eef1506e05afa9d33f7733c263f
01-02 04:19:17.254   656   656 I msm_vidc: fw: <VFW_E:HostDr:unkn:--------:--> VenusHostDriver_ParseC2SysPacket(908): IMAGE_VARIANT_STRING=16MB
01-02 04:19:17.254   656   656 I msm_vidc: fw: <VFW_E:HostDr:unkn:--------:--> VenusHostDriver_ParseC2SysPacket(909): OEM_IMAGE_VERSION_STRING=hyd-lablnx446
01-02 04:19:17.254   656   656 I msm_vidc: fw: <VFW_E:HostDr:unkn:--------:--> VenusHostDriver_ParseC2SysPacket(910): BUILD_TIME: Aug 20 2024 14:57:38
01-02 04:19:17.254   656   656 I msm_vidc: fw: <VFW_E:HostDr:unkn:--------:--> VenusHostDriver_ParseC2SysPacket(1073): licence unique code is not matched
01-02 04:19:17.305   656   656 I msm_vidc: fw: <VFW_E:HostDr:unkn:--------:--> VenusHostDriver_ParseC2SysPacket(907): QC_IMAGE_VERSION_STRING=vfw-0:rel000-226074a0230c8eef1506e05afa9d33f7733c263f
01-02 04:19:17.305   656   656 I msm_vidc: fw: <VFW_E:HostDr:unkn:--------:--> VenusHostDriver_ParseC2SysPacket(908): IMAGE_VARIANT_STRING=16MB
01-02 04:19:17.305   656   656 I msm_vidc: fw: <VFW_E:HostDr:unkn:--------:--> VenusHostDriver_ParseC2SysPacket(909): OEM_IMAGE_VERSION_STRING=hyd-lablnx446
01-02 04:19:17.305   656   656 I msm_vidc: fw: <VFW_E:HostDr:unkn:--------:--> VenusHostDriver_ParseC2SysPacket(910): BUILD_TIME: Aug 20 2024 14:57:38
01-02 04:19:17.305   656   656 I msm_vidc: fw: <VFW_E:HostDr:unkn:--------:--> VenusHostDriver_ParseC2SysPacket(1073): licence unique code is not matched
01-02 04:19:17.347  1406  1406 I remoteproc3: powering up 4080000.remoteproc-mss
01-02 04:19:17.347  1406  1406 W remoteproc3: Direct firmware load for modem.mdt failed with error -2
01-02 04:19:17.347  1406  1406 W remoteproc3: Falling back to sysfs fallback for: modem.mdt
01-02 04:19:17.360   656   656 I msm_vidc: fw: <VFW_E:HostDr:unkn:--------:--> VenusHostDriver_ParseC2SysPacket(907): QC_IMAGE_VERSION_STRING=vfw-0:rel000-226074a0230c8eef1506e05afa9d33f7733c263f
01-02 04:19:17.360   656   656 I msm_vidc: fw: <VFW_E:HostDr:unkn:--------:--> VenusHostDriver_ParseC2SysPacket(908): IMAGE_VARIANT_STRING=16MB
01-02 04:19:17.360   656   656 I msm_vidc: fw: <VFW_E:HostDr:unkn:--------:--> VenusHostDriver_ParseC2SysPacket(909): OEM_IMAGE_VERSION_STRING=hyd-lablnx446
01-02 04:19:17.360   656   656 I msm_vidc: fw: <VFW_E:HostDr:unkn:--------:--> VenusHostDriver_ParseC2SysPacket(910): BUILD_TIME: Aug 20 2024 14:57:38
01-02 04:19:17.360   656   656 I msm_vidc: fw: <VFW_E:HostDr:unkn:--------:--> VenusHostDriver_ParseC2SysPacket(1073): licence unique code is not matched
01-02 04:19:17.360  1406  1406 E remoteproc3: request_firmware failed: -2
01-02 04:19:17.400   656   656 I msm_vidc: fw: <VFW_E:HostDr:unkn:--------:--> VenusHostDriver_ParseC2SysPacket(907): QC_IMAGE_VERSION_STRING=vfw-0:rel000-226074a0230c8eef1506e05afa9d33f7733c263f
01-02 04:19:17.400   656   656 I msm_vidc: fw: <VFW_E:HostDr:unkn:--------:--> VenusHostDriver_ParseC2SysPacket(908): IMAGE_VARIANT_STRING=16MB
01-02 04:19:17.400   656   656 I msm_vidc: fw: <VFW_E:HostDr:unkn:--------:--> VenusHostDriver_ParseC2SysPacket(909): OEM_IMAGE_VERSION_STRING=hyd-lablnx446
01-02 04:19:17.400   656   656 I msm_vidc: fw: <VFW_E:HostDr:unkn:--------:--> VenusHostDriver_ParseC2SysPacket(910): BUILD_TIME: Aug 20 2024 14:57:38
01-02 04:19:17.400   656   656 I msm_vidc: fw: <VFW_E:HostDr:unkn:--------:--> VenusHostDriver_ParseC2SysPacket(1073): licence unique code is not matched
01-02 04:19:17.463   716   716 I adsprpc : fastrpc_restart_notifier_cb: lpass subsystem is up
01-02 04:19:17.463   716   716 I remoteproc1: remote processor 3000000.remoteproc-adsp is now up
01-02 04:19:17.467   713   713 E         : [E][mhi_sat_connect_worker][adsp][11070010] Could not get controller base address
01-02 04:19:17.478   580   580 I qcom_smd_qrtr_probe: SMD QRTR driver probed
01-02 04:19:17.482   580   580 I         : Info: adsprpc (101): kworker/0:1H: fastrpc_rpmsg_probe: opened rpmsg channel for lpass
01-02 04:19:17.487   580   580 I qcom,gpr 3000000.remoteproc-adsp: glink-edge.adsp_apps.-1.-1: Adding GPR dev: gprsvc:spf_core:2:3
01-02 04:19:17.487   580   580 E         : spf_core_probe
01-02 04:19:17.487   580   580 I qcom,gpr 3000000.remoteproc-adsp: glink-edge.adsp_apps.-1.-1: Adding GPR dev: gprsvc:audio-pkt:2:17
01-02 04:19:17.492   656   656 I msm_vidc: fw: <VFW_E:HostDr:unkn:--------:--> VenusHostDriver_ParseC2SysPacket(907): QC_IMAGE_VERSION_STRING=vfw-0:rel000-226074a0230c8eef1506e05afa9d33f7733c263f
01-02 04:19:17.492   656   656 I msm_vidc: fw: <VFW_E:HostDr:unkn:--------:--> VenusHostDriver_ParseC2SysPacket(908): IMAGE_VARIANT_STRING=16MB
01-02 04:19:17.492   656   656 I msm_vidc: fw: <VFW_E:HostDr:unkn:--------:--> VenusHostDriver_ParseC2SysPacket(909): OEM_IMAGE_VERSION_STRING=hyd-lablnx446
01-02 04:19:17.492   656   656 I msm_vidc: fw: <VFW_E:HostDr:unkn:--------:--> VenusHostDriver_ParseC2SysPacket(910): BUILD_TIME: Aug 20 2024 14:57:38
01-02 04:19:17.492   656   656 I msm_vidc: fw: <VFW_E:HostDr:unkn:--------:--> VenusHostDriver_ParseC2SysPacket(1073): licence unique code is not matched
01-02 04:19:17.492   105   105 I coresight-remote-etm soc: audio_etm0: Connection established between QMI handle and 5 service
01-02 04:19:17.493   580   580 I qcom,gpr 3000000.remoteproc-adsp: glink-edge.adsp_apps.-1.-1: Adding GPR dev: gprsvc:q6prm:2:7
01-02 04:19:17.494   713   713 E spf_core_add_child_devices: enumarate machine driver
01-02 04:19:17.501   188   188 I adsprpc : fastrpc_pdr_cb: msm/adsp/audio_pd (audio_pdr_adsprpc) is up for PDR on lpass
01-02 04:19:17.502   580   580 I audio_notifier_reg_service: service PDR_ADSP is in use
01-02 04:19:17.502   580   580 I audio_prm_service_cb: Service opcode 0x0
01-02 04:19:17.502   580   580 E audio_prm_probe: prm probe success
01-02 04:19:17.508   580   580 I qcom,gpr 3000000.remoteproc-adsp: glink-edge.adsp_apps.-1.-1: gpr_probe: gpr-lite probe success
01-02 04:19:16.958  1791  1791 I installd: installd firing up
01-02 04:19:17.510     0     0 I [    C0] adsp_sleepmon: Received ADSP version 0x2
01-02 04:19:17.511   713   713 E spf-core-platform soc: spf_core_platform: __spf_core_is_apm_ready: send_command ret
01-02 04:19:17.521  1809  1809 I PDR     : Indication received from msm/adsp/charger_pd, state: 0x1fffffff, trans-id: 1
01-02 04:19:17.521   191   191 I PDR     : Indication ack sent to msm/adsp/charger_pd, state: 0x1fffffff, trans-id: 1
01-02 04:19:17.522   713   713 E gpr_send_pkt: q6 state is down
01-02 04:19:17.528  1809  1809 I PDR     : Indication received from msm/adsp/sensor_pd, state: 0x1fffffff, trans-id: 1
01-02 04:19:17.528  1809  1809 I adsprpc : fastrpc_pdr_cb: msm/adsp/sensor_pd (sensors_pdr_adsprpc) is up for PDR on lpass
01-02 04:19:17.528  1809  1809 I PDR     : Indication ack sent to msm/adsp/sensor_pd, state: 0x1fffffff, trans-id: 1
01-02 04:19:17.529   575   575 I qcom,gpr 3000000.remoteproc-adsp: glink-edge.adsp_apps.-1.-1: gpr_notifier_register: registered via subsys_notif_register for domain id(2)
01-02 04:19:17.534   186   186 I audio_notifier_service_cb: service PDR_ADSP, opcode 0x1
01-02 04:19:17.534   186   186 I qcom,gpr 3000000.remoteproc-adsp: glink-edge.adsp_apps.-1.-1: gpr_adsp_up: Q6 is Up
01-02 04:19:17.534   186   186 I audio_prm_service_cb: Service opcode 0x1
01-02 04:19:17.551   150   150 E PMIC_GLINK: pmic_glink_rx_callback: No client present for 32778
01-02 04:19:17.561   150   150 E PMIC_GLINK: pmic_glink_rx_callback: No client present for 32778
01-02 04:19:17.575   656   656 I msm_vidc: fw: <VFW_E:HostDr:unkn:--------:--> VenusHostDriver_ParseC2SysPacket(907): QC_IMAGE_VERSION_STRING=vfw-0:rel000-226074a0230c8eef1506e05afa9d33f7733c263f
01-02 04:19:17.575   656   656 I msm_vidc: fw: <VFW_E:HostDr:unkn:--------:--> VenusHostDriver_ParseC2SysPacket(908): IMAGE_VARIANT_STRING=16MB
01-02 04:19:17.575   656   656 I msm_vidc: fw: <VFW_E:HostDr:unkn:--------:--> VenusHostDriver_ParseC2SysPacket(909): OEM_IMAGE_VERSION_STRING=hyd-lablnx446
01-02 04:19:17.575   656   656 I msm_vidc: fw: <VFW_E:HostDr:unkn:--------:--> VenusHostDriver_ParseC2SysPacket(910): BUILD_TIME: Aug 20 2024 14:57:38
01-02 04:19:17.575   656   656 I msm_vidc: fw: <VFW_E:HostDr:unkn:--------:--> VenusHostDriver_ParseC2SysPacket(1073): licence unique code is not matched
01-02 04:19:17.028  1829  1829 I wificond: wificond is starting up...
01-02 04:19:17.578   713   713 E spf-core-platform soc: spf_core_platform: __spf_core_is_apm_ready: send_command ret
01-02 04:19:17.581   150   150 E PMIC_GLINK: pmic_glink_rx_callback: No client present for 32778
01-02 04:19:17.041  1829  1829 I HidlServiceManagement: Registered android.system.wifi.keystore@1.0::IKeystore/default
01-02 04:19:17.594     0     0 I         : [    C0] qcom-spf_core gprsvc:spf_core:2:3: spf_core_callback: Payload 2001007
01-02 04:19:17.596     0     0 I         : [    C0] qcom-spf_core gprsvc:spf_core:2:3: spf_core_callback: sucess response received
01-02 04:19:17.597   713   713 E spf-core-platform soc: spf_core_platform: spf_core_add_child_devices: apm is up
01-02 04:19:17.601   150   150 E PMIC_GLINK: pmic_glink_rx_callback: No client present for 32778
01-02 04:19:17.635   713   713 I msm-audio-ion soc: spf_core_platform:qcom,msm-audio-ion: Adding to iommu group 50
01-02 04:19:17.673  1338  1338 I msm_cvp : sess: vendor.qti.medi opening cvp instance: ffffff88447f2000 type 1 cnt 0
01-02 04:19:17.674   689   689 I msm_cvp : fw: <CFW_E:HostDr:--------:-> [58589875]: VenusHostDriver_SetSysProperty(595): QC_IMAGE_VERSION_STRING=EVA.FIRMWARE.3.1-17
01-02 04:19:17.677  1338  1338 I synx    : [sess: 11265] session created cvp-kernel-client
01-02 04:19:17.690  1338  1338 I msm_vidc: err : ea7bafc0:  avcE_0: msm_venc_subscribe_event: invalid type 5 id 0
01-02 04:19:17.690   656   656 I msm_vidc: fw: <VFW_E:HostDr:unkn:--------:--> VenusHostDriver_ParseC2SysPacket(907): QC_IMAGE_VERSION_STRING=vfw-0:rel000-226074a0230c8eef1506e05afa9d33f7733c263f
01-02 04:19:17.690   656   656 I msm_vidc: fw: <VFW_E:HostDr:unkn:--------:--> VenusHostDriver_ParseC2SysPacket(908): IMAGE_VARIANT_STRING=16MB
01-02 04:19:17.690   656   656 I msm_vidc: fw: <VFW_E:HostDr:unkn:--------:--> VenusHostDriver_ParseC2SysPacket(909): OEM_IMAGE_VERSION_STRING=hyd-lablnx446
01-02 04:19:17.690   656   656 I msm_vidc: fw: <VFW_E:HostDr:unkn:--------:--> VenusHostDriver_ParseC2SysPacket(910): BUILD_TIME: Aug 20 2024 14:57:38
01-02 04:19:17.690   656   656 I msm_vidc: fw: <VFW_E:HostDr:unkn:--------:--> VenusHostDriver_ParseC2SysPacket(1073): licence unique code is not matched
01-02 04:19:17.714  1338  1338 I msm_cvp : warn: msm_cvp_cleanup_instance Unexpected pm_qos off vote 0
01-02 04:19:17.715   191   191 I synx    : [sess: 11265] session destroyed cvp-kernel-client, uid: 11265
01-02 04:19:17.715  1338  1338 I msm_cvp : vendor.qti.medi: closed cvp instance: ffffff88447f2000 session_id = 0 type 1 0
01-02 04:19:17.725   713   713 E msm-audio-ion soc: spf_core_platform:qcom,msm-audio-ion: msm_audio_ion_probe: msm_audio_ion_probe
01-02 04:19:17.742   713   713 E msm-audio-ion soc: spf_core_platform:qcom,msm-audio-ion-cma: msm_audio_ion_probe: msm_audio_ion_probe
01-02 04:19:17.767   656   656 I msm_vidc: fw: <VFW_E:HostDr:unkn:--------:--> VenusHostDriver_ParseC2SysPacket(907): QC_IMAGE_VERSION_STRING=vfw-0:rel000-226074a0230c8eef1506e05afa9d33f7733c263f
01-02 04:19:17.767   656   656 I msm_vidc: fw: <VFW_E:HostDr:unkn:--------:--> VenusHostDriver_ParseC2SysPacket(908): IMAGE_VARIANT_STRING=16MB
01-02 04:19:17.767   656   656 I msm_vidc: fw: <VFW_E:HostDr:unkn:--------:--> VenusHostDriver_ParseC2SysPacket(909): OEM_IMAGE_VERSION_STRING=hyd-lablnx446
01-02 04:19:17.767   656   656 I msm_vidc: fw: <VFW_E:HostDr:unkn:--------:--> VenusHostDriver_ParseC2SysPacket(910): BUILD_TIME: Aug 20 2024 14:57:38
01-02 04:19:17.767   656   656 I msm_vidc: fw: <VFW_E:HostDr:unkn:--------:--> VenusHostDriver_ParseC2SysPacket(1073): licence unique code is not matched
01-02 04:19:17.767  1338  1338 I msm_vidc: err : e7a36fc0:  avcE_0: msm_venc_subscribe_event: invalid type 5 id 0
01-02 04:19:17.786  1338  1338 I msm_cvp : sess: vendor.qti.medi opening cvp instance: ffffff881b0ae000 type 1 cnt 0
01-02 04:19:17.787   689   689 I msm_cvp : fw: <CFW_E:HostDr:--------:-> [62497190]: VenusHostDriver_SetSysProperty(595): QC_IMAGE_VERSION_STRING=EVA.FIRMWARE.3.1-17
01-02 04:19:17.789  1338  1338 I synx    : [sess: 18177] session created cvp-kernel-client
01-02 04:19:17.809  1338  1338 I msm_vidc: err : e76c4fc0:  avcE_0: msm_venc_subscribe_event: invalid type 5 id 0
01-02 04:19:17.809   656   656 I msm_vidc: fw: <VFW_E:HostDr:unkn:--------:--> VenusHostDriver_ParseC2SysPacket(907): QC_IMAGE_VERSION_STRING=vfw-0:rel000-226074a0230c8eef1506e05afa9d33f7733c263f
01-02 04:19:17.809   656   656 I msm_vidc: fw: <VFW_E:HostDr:unkn:--------:--> VenusHostDriver_ParseC2SysPacket(908): IMAGE_VARIANT_STRING=16MB
01-02 04:19:17.809   656   656 I msm_vidc: fw: <VFW_E:HostDr:unkn:--------:--> VenusHostDriver_ParseC2SysPacket(909): OEM_IMAGE_VERSION_STRING=hyd-lablnx446
01-02 04:19:17.809   656   656 I msm_vidc: fw: <VFW_E:HostDr:unkn:--------:--> VenusHostDriver_ParseC2SysPacket(910): BUILD_TIME: Aug 20 2024 14:57:38
01-02 04:19:17.809   656   656 I msm_vidc: fw: <VFW_E:HostDr:unkn:--------:--> VenusHostDriver_ParseC2SysPacket(1073): licence unique code is not matched
01-02 04:19:17.825  1338  1338 I msm_cvp : warn: msm_cvp_cleanup_instance Unexpected pm_qos off vote 0
01-02 04:19:17.825  1338  1338 I msm_cvp : vendor.qti.medi: closed cvp instance: ffffff881b0ae000 session_id = 0 type 1 0
01-02 04:19:17.825   191   191 I synx    : [sess: 18177] session destroyed cvp-kernel-client, uid: 18177
01-02 04:19:17.847  1970  1970 I cnss-daemon: interop issues ap: read_iot_ap_file: No such file /data/vendor/wifi/iotap_ps.bin
01-02 04:19:17.847  1970  1970 I cnss-daemon: interop issues ap: read_iot_ap_ps_from_file, read file error
01-02 04:19:17.851  1970  1970 I cnss-daemon: NL group_id 10, cnss_nl.family_id 41
01-02 04:19:17.859   656   656 I msm_vidc: fw: <VFW_E:HostDr:unkn:--------:--> VenusHostDriver_ParseC2SysPacket(907): QC_IMAGE_VERSION_STRING=vfw-0:rel000-226074a0230c8eef1506e05afa9d33f7733c263f
01-02 04:19:17.859   656   656 I msm_vidc: fw: <VFW_E:HostDr:unkn:--------:--> VenusHostDriver_ParseC2SysPacket(908): IMAGE_VARIANT_STRING=16MB
01-02 04:19:17.859   656   656 I msm_vidc: fw: <VFW_E:HostDr:unkn:--------:--> VenusHostDriver_ParseC2SysPacket(909): OEM_IMAGE_VERSION_STRING=hyd-lablnx446
01-02 04:19:17.859   656   656 I msm_vidc: fw: <VFW_E:HostDr:unkn:--------:--> VenusHostDriver_ParseC2SysPacket(910): BUILD_TIME: Aug 20 2024 14:57:38
01-02 04:19:17.859   656   656 I msm_vidc: fw: <VFW_E:HostDr:unkn:--------:--> VenusHostDriver_ParseC2SysPacket(1073): licence unique code is not matched
01-02 04:19:17.860  1338  1338 I msm_vidc: err : e761afc0:  avcE_0: msm_venc_subscribe_event: invalid type 5 id 0
01-02 04:19:17.871   191   191 I cnss_plat: cnss_plat_ipc_qmi_reg_client_req_handler: QMI Client Connected. QMI Socket Node: 1 Port: 16519 ID: 1
01-02 04:19:17.871   191   191 I cnss    : CNSS Daemon connected
01-02 04:19:17.872  1970  1970 I cnss-daemon: ro.baseband : [apq]
01-02 04:19:17.872  1970  1970 I cnss-daemon: Hardware does not support external modem
01-02 04:19:17.872  1970  1970 I cnss-daemon: Target does not have external modem
01-02 04:19:17.872   191   191 D cnss_plat: MAC: 0 HW_TRC: 0 CAL: 0
01-02 04:19:17.875  1970  1970 I cnss-daemon: no interop issues ap currently
01-02 04:19:17.879  1338  1338 I msm_cvp : sess: vendor.qti.medi opening cvp instance: ffffff88447f0000 type 1 cnt 0
01-02 04:19:17.880   689   689 I msm_cvp : fw: <CFW_E:HostDr:--------:-> [65769342]: VenusHostDriver_SetSysProperty(595): QC_IMAGE_VERSION_STRING=EVA.FIRMWARE.3.1-17
01-02 04:19:17.883  1338  1338 I synx    : [sess: 4865] session created cvp-kernel-client
01-02 04:19:17.886   656   656 I msm_vidc: fw: <VFW_E:HostDr:unkn:--------:--> VenusHostDriver_ParseC2SysPacket(907): QC_IMAGE_VERSION_STRING=vfw-0:rel000-226074a0230c8eef1506e05afa9d33f7733c263f
01-02 04:19:17.886   656   656 I msm_vidc: fw: <VFW_E:HostDr:unkn:--------:--> VenusHostDriver_ParseC2SysPacket(908): IMAGE_VARIANT_STRING=16MB
01-02 04:19:17.886   656   656 I msm_vidc: fw: <VFW_E:HostDr:unkn:--------:--> VenusHostDriver_ParseC2SysPacket(909): OEM_IMAGE_VERSION_STRING=hyd-lablnx446
01-02 04:19:17.886   656   656 I msm_vidc: fw: <VFW_E:HostDr:unkn:--------:--> VenusHostDriver_ParseC2SysPacket(910): BUILD_TIME: Aug 20 2024 14:57:38
01-02 04:19:17.886   656   656 I msm_vidc: fw: <VFW_E:HostDr:unkn:--------:--> VenusHostDriver_ParseC2SysPacket(1073): licence unique code is not matched
01-02 04:19:17.886  1338  1338 I msm_vidc: err : e775efc0:  avcE_0: msm_venc_subscribe_event: invalid type 5 id 0
01-02 04:19:17.900  1338  1338 I msm_cvp : warn: msm_cvp_cleanup_instance Unexpected pm_qos off vote 0
01-02 04:19:17.900   689   689 I msm_cvp : vendor.qti.medi: closed cvp instance: ffffff88447f0000 session_id = 0 type 1 0
01-02 04:19:17.900   191   191 I synx    : [sess: 4865] session destroyed cvp-kernel-client, uid: 4865
01-02 04:19:17.930  1338  1338 I msm_cvp : sess: vendor.qti.medi opening cvp instance: ffffff881c811000 type 1 cnt 0
01-02 04:19:17.931   689   689 I msm_cvp : fw: <CFW_E:HostDr:--------:-> [67650282]: VenusHostDriver_SetSysProperty(595): QC_IMAGE_VERSION_STRING=EVA.FIRMWARE.3.1-17
01-02 04:19:17.935  1338  1338 I synx    : [sess: 24065] session created cvp-kernel-client
01-02 04:19:17.949  1338  1338 I msm_vidc: err : e73d2fc0:  avcE_0: msm_venc_subscribe_event: invalid type 5 id 0
01-02 04:19:17.949   656   656 I msm_vidc: fw: <VFW_E:HostDr:unkn:--------:--> VenusHostDriver_ParseC2SysPacket(907): QC_IMAGE_VERSION_STRING=vfw-0:rel000-226074a0230c8eef1506e05afa9d33f7733c263f
01-02 04:19:17.949   656   656 I msm_vidc: fw: <VFW_E:HostDr:unkn:--------:--> VenusHostDriver_ParseC2SysPacket(908): IMAGE_VARIANT_STRING=16MB
01-02 04:19:17.949   656   656 I msm_vidc: fw: <VFW_E:HostDr:unkn:--------:--> VenusHostDriver_ParseC2SysPacket(909): OEM_IMAGE_VERSION_STRING=hyd-lablnx446
01-02 04:19:17.949   656   656 I msm_vidc: fw: <VFW_E:HostDr:unkn:--------:--> VenusHostDriver_ParseC2SysPacket(910): BUILD_TIME: Aug 20 2024 14:57:38
01-02 04:19:17.950   656   656 I msm_vidc: fw: <VFW_E:HostDr:unkn:--------:--> VenusHostDriver_ParseC2SysPacket(1073): licence unique code is not matched
01-02 04:19:17.965  1338  1338 I msm_cvp : warn: msm_cvp_cleanup_instance Unexpected pm_qos off vote 0
01-02 04:19:17.966   689   689 I msm_cvp : vendor.qti.medi: closed cvp instance: ffffff881c811000 session_id = 0 type 1 0
01-02 04:19:17.966   191   191 I synx    : [sess: 24065] session destroyed cvp-kernel-client, uid: 24065
01-02 04:19:17.445  1073  1073 V Zygote64Timing: PreloadClasses took to complete: 922ms
01-02 04:19:17.471  1073  1073 V Zygote64Timing: CacheNonBootClasspathClassLoaders took to complete: 26ms
01-02 04:19:17.493  1073  1073 V Zygote64Timing: PreloadResources took to complete: 23ms
01-02 04:19:18.053  1338  1338 I msm_vidc: err : e7212fc0:  avcE_0: msm_venc_subscribe_event: invalid type 5 id 0
01-02 04:19:18.053   656   656 I msm_vidc: fw: <VFW_E:HostDr:unkn:--------:--> VenusHostDriver_ParseC2SysPacket(907): QC_IMAGE_VERSION_STRING=vfw-0:rel000-226074a0230c8eef1506e05afa9d33f7733c263f
01-02 04:19:18.053   656   656 I msm_vidc: fw: <VFW_E:HostDr:unkn:--------:--> VenusHostDriver_ParseC2SysPacket(908): IMAGE_VARIANT_STRING=16MB
01-02 04:19:18.053   656   656 I msm_vidc: fw: <VFW_E:HostDr:unkn:--------:--> VenusHostDriver_ParseC2SysPacket(909): OEM_IMAGE_VERSION_STRING=hyd-lablnx446
01-02 04:19:18.053   656   656 I msm_vidc: fw: <VFW_E:HostDr:unkn:--------:--> VenusHostDriver_ParseC2SysPacket(910): BUILD_TIME: Aug 20 2024 14:57:38
01-02 04:19:18.053   656   656 I msm_vidc: fw: <VFW_E:HostDr:unkn:--------:--> VenusHostDriver_ParseC2SysPacket(1073): licence unique code is not matched
01-02 04:19:18.096  2105  2105 E smcinvoke: process_tzcb_req: server is defunct, state= 1 tzhandle = -2147418083
01-02 04:19:18.105  2105  2105 E smcinvoke: process_tzcb_req: server invalid, res: -90
01-02 04:19:17.588  1073  1073 V Zygote64Timing: ZygotePreload took to complete: 1155ms
01-02 04:19:18.143  2147  2147 W process_accept_req: 46 callbacks suppressed
01-02 04:19:18.143  2147  2147 E smcinvoke: process_accept_req: Setting pid:2147, server id : 42 state to defunct
01-02 04:19:17.620  2105  2167 F libc    : FORTIFY: pthread_mutex_lock called on a destroyed mutex (0x5b5e68b968)
01-02 04:19:17.620  2105  2167 F libc    : Fatal signal 6 (SIGABRT), code -1 (SI_QUEUE) in tid 2167 (qwes exp), pid 2105 (ssgtzd)
01-02 04:19:17.645  2105  2165 F libc    : FORTIFY: pthread_mutex_lock called on a destroyed mutex (0x5b5e68b968)
01-02 04:19:18.211   186   186 E PMIC_GLINK: pmic_glink_rx_callback: No client present for 32778
01-02 04:19:18.236   575   575 E msm_cdc_pinctrl_get_gpiodata: platform device not found!
01-02 04:19:18.244   575   575 E lpass_cdc_va_macro va-macro: lpass_cdc_va_macro_probe: failed to get swr pin state
01-02 04:19:17.701  1073  1073 V Zygote64Timing: PostZygoteInitGC took to complete: 112ms
01-02 04:19:17.701  1073  1073 V Zygote64Timing: ZygoteInit took to complete: 1277ms
01-02 04:19:18.290  2123  2123 W process_accept_req: 3 callbacks suppressed
01-02 04:19:18.290  2123  2123 E smcinvoke: process_accept_req: process_accept_req txn 2 either invalid or removed from Q
01-02 04:19:18.291  2207  2207 I         : read descriptors
01-02 04:19:18.306  2207  2207 I         : read strings
01-02 04:19:18.311   575   575 E lpass_cdc_tx_macro tx-macro: lpass_cdc_tx_macro_probe: va-macro not registered yet, defer
01-02 04:19:18.311   188   188 E msm_cdc_pinctrl_get_gpiodata: platform device not found!
01-02 04:19:18.327   679   679 I logd    : logdr: UID=1000 GID=1000 PID=2195 n tail=0 logMask=8 pid=2105 start=0ns deadline=0ns
01-02 04:19:18.328   188   188 E lpass_cdc_va_macro va-macro: lpass_cdc_va_macro_probe: failed to get swr pin state
01-02 04:19:18.330     0     0 I [    C0] CAM_INFO: CAM-CCI: cam_cci_irq: 310: Base:ffffffc00dcb5000,cci: 0, M0_Q1 NACK ERROR: 0x10000000
01-02 04:19:18.338  1277  1277 I CAM_INFO: CAM-CCI: cam_cci_read: 1449: CCI0_I2C_M0_Q1 ERROR with Slave 0x20
01-02 04:19:18.338  1277  1277 I CAM_INFO: CAM-CCI: cam_cci_read_bytes: 1820: CCI0_I2C_M0 Failed to read rc:-22
01-02 04:19:18.338  1277  1277 I CAM_INFO: CAM-SENSOR: cam_cci_i2c_read: 39: rc = -22
01-02 04:19:18.338  1277  1277 I CAM_WARN: CAM-SENSOR: cam_sensor_match_id: 1145: imx586 read id: 0x0 expected id 0x586:
01-02 04:19:18.338  1277  1277 I CAM_INFO: CAM-SENSOR: cam_sensor_driver_cmd: 1311: Probe failed for imx586 slot:0, slave_addr:0x20, sensor_id:0x586
01-02 04:19:18.339   679   679 I logd    : logdr: UID=1000 GID=1000 PID=2195 n tail=0 logMask=1 pid=2105 start=0ns deadline=0ns
01-02 04:19:17.789  2195  2195 F DEBUG   : *** *** *** *** *** *** *** *** *** *** *** *** *** *** *** ***
01-02 04:19:17.789  2195  2195 F DEBUG   : Build fingerprint: 'qti/kalama/kalama:13/TKQ1.240913.001/eng.bsp.20241126.112927:userdebug/test-keys'
01-02 04:19:17.789  2195  2195 F DEBUG   : Revision: '0'
01-02 04:19:17.789  2195  2195 F DEBUG   : ABI: 'arm64'
01-02 04:19:17.789  2195  2195 F DEBUG   : Timestamp: 1970-01-02 04:19:17.737148071+0000
01-02 04:19:17.789  2195  2195 F DEBUG   : Process uptime: 1s
01-02 04:19:17.789  2195  2195 F DEBUG   : Cmdline: /vendor/bin/ssgtzd
01-02 04:19:17.789  2195  2195 F DEBUG   : pid: 2105, tid: 2167, name: qwes exp  >>> /vendor/bin/ssgtzd <<<
01-02 04:19:17.789  2195  2195 F DEBUG   : uid: 1000
01-02 04:19:17.789  2195  2195 F DEBUG   : tagged_addr_ctrl: 0000000000000001 (PR_TAGGED_ADDR_ENABLE)
01-02 04:19:17.789  2195  2195 F DEBUG   : pac_enabled_keys: 000000000000000f (PR_PAC_APIAKEY, PR_PAC_APIBKEY, PR_PAC_APDAKEY, PR_PAC_APDBKEY)
01-02 04:19:17.789  2195  2195 F DEBUG   : signal 6 (SIGABRT), code -1 (SI_QUEUE), fault addr --------
01-02 04:19:17.789  2195  2195 F DEBUG   : Abort message: 'FORTIFY: pthread_mutex_lock called on a destroyed mutex (0x5b5e68b968)'
01-02 04:19:17.789  2195  2195 F DEBUG   :     x0  0000000000000000  x1  0000000000000877  x2  0000000000000006  x3  000000780c332340
01-02 04:19:17.789  2195  2195 F DEBUG   :     x4  0000000000008080  x5  0000000000008080  x6  0000000000008080  x7  8080000000000000
01-02 04:19:17.789  2195  2195 F DEBUG   :     x8  00000000000000f0  x9  0000007b0b04bb28  x10 0000000000000001  x11 0000007b0b08b84c
01-02 04:19:17.789  2195  2195 F DEBUG   :     x12 0101010101010101  x13 000000007fffffff  x14 000000000000128c  x15 0000000000000078
01-02 04:19:17.789  2195  2195 F DEBUG   :     x16 0000007b0b0f3d68  x17 0000007b0b0cf4e0  x18 0000007807c0a000  x19 0000000000000839
01-02 04:19:17.789  2195  2195 F DEBUG   :     x20 0000000000000877  x21 00000000ffffffff  x22 0000007b122103a0  x23 0000005b5e68b000
01-02 04:19:17.789  2195  2195 F DEBUG   :     x24 0000005b5e68b000  x25 000000780c333000  x26 00000003f6771134  x27 0000007b122103a0
01-02 04:19:17.789  2195  2195 F DEBUG   :     x28 b400007834229060  x29 000000780c3323c0
01-02 04:19:17.789  2195  2195 F DEBUG   :     lr  0000007b0b07c788  sp  000000780c332320  pc  0000007b0b07c7b4  pst 0000000000001000
01-02 04:19:17.789  2195  2195 F DEBUG   : backtrace:
01-02 04:19:17.789  2195  2195 F DEBUG   :       #00 pc 00000000000527b4  /apex/com.android.runtime/lib64/bionic/libc.so (abort+168) (BuildId: bf5f1ce73f89cca7d6a062eb7877e86a)
01-02 04:19:17.789  2195  2195 F DEBUG   :       #01 pc 0000000000054614  /apex/com.android.runtime/lib64/bionic/libc.so (__fortify_fatal(char const*, ...)+128) (BuildId: bf5f1ce73f89cca7d6a062eb7877e86a)
