01-02 04:19:14.245   580   580 I spcom   : spcom_rpdev_probe: Signal link up
01-02 04:19:14.225   898   916 D spcomlib: [spcom_check_link_up_state] SPCom check for link up: wait[0], event_id[100]
01-02 04:19:14.225   898   916 D spcomlib: [spcom_ioctl] spcom_ioctl: command ID [3222295528]
01-02 04:19:14.225   898   916 D spcomlib: [spcom_check_link_up_state] SPCom check for link up done - ret[1]
01-02 04:19:14.225   898   919 D spcomlib: [spcom_check_link_up_state] SPCom check for link up: wait[0], event_id[100]
01-02 04:19:14.225   898   919 D spcomlib: [spcom_ioctl] spcom_ioctl: command ID [3222295528]
01-02 04:19:14.225   898   919 D spcomlib: [spcom_check_link_up_state] SPCom check for link up done - ret[1]
01-02 04:19:14.225   898   914 D spcomlib: [spcom_check_link_up_state] SPCom check for link up: wait[0], event_id[100]
01-02 04:19:14.225   898   914 D spcomlib: [spcom_ioctl] spcom_ioctl: command ID [3222295528]
01-02 04:19:14.225   898   914 D spcomlib: [spcom_check_link_up_state] SPCom check for link up done - ret[1]
01-02 04:19:14.226   898   915 D spcomlib: [spcom_check_link_up_state] SPCom check for link up: wait[0], event_id[100]
01-02 04:19:14.226   898   915 D spcomlib: [spcom_ioctl] spcom_ioctl: command ID [3222295528]
01-02 04:19:14.226   898   915 D spcomlib: [spcom_check_link_up_state] SPCom check for link up done - ret[1]
01-02 04:19:14.236   898   917 D spcomlib: [spcom_check_link_up_state] SPCom check for link up: wait[0], event_id[100]
01-02 04:19:14.236   898   917 D spcomlib: [spcom_ioctl] spcom_ioctl: command ID [3222295528]
01-02 04:19:14.236   898   917 D spcomlib: [spcom_check_link_up_state] SPCom check for link up done - ret[1]
01-02 04:19:14.236   898   918 D spcomlib: [spcom_check_link_up_state] SPCom check for link up: wait[0], event_id[100]
01-02 04:19:14.236   898   918 D spcomlib: [spcom_ioctl] spcom_ioctl: command ID [3222295528]
01-02 04:19:14.236   898   918 D spcomlib: [spcom_check_link_up_state] SPCom check for link up done - ret[1]
01-02 04:19:14.251   922   922 E         : Error: adsprpc (4513): sscrpcd: fastrpc_get_info_from_dsp: could not obtain dsp information, err val -19
01-02 04:19:14.254   186   186 F tc956x_pci-eth 0001: 05:00.0: TC956X: [1] Phy detected C22 at ID/ADDR 0
01-02 04:19:14.243   907   907 I keystore2: keystore2_main: Keystore2 is starting.
01-02 04:19:14.243   907   907 I keystore2: keystore2_main: Setting up sqlite logging for keystore2
01-02 04:19:14.243   907   907 W keystore2: keystore2::metrics_store: In update_keystore_crash_sysprop: Failed to read the existing system property due to: In read_keystore_crash_count: Property not set..Therefore, keystore crashes will not be logged.
01-02 04:19:14.243   907   907 I keystore2: keystore2_main: Starting thread pool now.
01-02 04:19:14.255   898   916 D secnvm  : ch [sec_nvm_sampleapp] SP LINK is UP
01-02 04:19:14.255   898   916 D secnvm  : ch [sec_nvm_sampleapp] register spcom service, channel:sec_nvm_sampleapp
01-02 04:19:14.255   898   916 D spcomlib: [spcom_ch_register] SPCom channel register cmd: ch_name[sec_nvm_sampleapp], PID [0x2e555cb0]
01-02 04:19:14.255   898   916 D spcomlib: [spcom_ioctl] spcom_ioctl: command ID [1075860458]
01-02 04:19:14.255   898   916 D spcomlib: [spcom_ch_register] SPCom register cmd done: ch_name[sec_nvm_sampleapp]
01-02 04:19:14.255   898   916 D spcomlib: [spcom_add_ssr_cb] SPCom add SSR callback: ch_name[sec_nvm_sampleapp], cb[0x5ab10029e0]
01-02 04:19:14.255   898   916 D spcomlib: [add_ssr_cb] ssr cb added at entry 0!
01-02 04:19:14.255   898   916 D spcomlib: [start_ssr_thread] main thread pid[0x2e555cb0]
01-02 04:19:14.255   898   916 D spcomlib: [start_ssr_thread] Wait for SSR thread to run
01-02 04:19:14.255   898   919 D secnvm  : ch [sec_nvm_iuicc1] SP LINK is UP
01-02 04:19:14.255   898   919 D secnvm  : ch [sec_nvm_iuicc1] register spcom service, channel:sec_nvm_iuicc1
01-02 04:19:14.255   898   914 D secnvm  : ch [sec_nvm_sp_nvm] SP LINK is UP
01-02 04:19:14.255   898   914 D secnvm  : ch [sec_nvm_sp_nvm] register spcom service, channel:sec_nvm_sp_nvm
01-02 04:19:14.272   186   186 F tc956x_pci-eth 0001: 05:00.0: TC956X: [1] Phy detected C22 at ID/ADDR 1
01-02 04:19:14.255   907   907 I keystore2: keystore2::globals: KeyMint device is current version (Some(200)) for security level: SecurityLevel(1)
01-02 04:19:14.257   898   915 D secnvm  : ch [sec_nvm_sp_keymaster] SP LINK is UP
01-02 04:19:14.257   898   915 D secnvm  : ch [sec_nvm_sp_keymaster] register spcom service, channel:sec_nvm_sp_keymaster
01-02 04:19:14.258   898   916 D spcomlib: [start_ssr_thread] pthread_cond_wait ret [0]
01-02 04:19:14.258   898   916 D spcomlib: [start_ssr_thread] start ssr thread done
01-02 04:19:14.258   898   916 D spcomlib: [spcom_add_ssr_cb] SPCom add SSR callback done: ch_name[sec_nvm_sampleapp], cb[0x5ab10029e0]
01-02 04:19:14.258   898   916 D spcomlib: [add_ch] add ch [sec_nvm_sampleapp].
01-02 04:19:14.258   898   916 D spcomlib: [spcom_register_service] SPCom register service: Channel name [sec_nvm_sampleapp], pid [0x2e555cb0] - done
01-02 04:19:14.258   898   916 D spcomlib: [spcom_server_get_next_request_size] SPCom server get next request cmd: ch_name[sec_nvm_sampleapp], next_req_size[0]
01-02 04:19:14.258   898   919 D spcomlib: [spcom_ch_register] SPCom channel register cmd: ch_name[sec_nvm_iuicc1], PID [0x2d25bcb0]
01-02 04:19:14.258   898   916 D spcomlib: [spcom_ioctl] spcom_ioctl: command ID [3223868399]
01-02 04:19:14.258   898   919 D spcomlib: [spcom_ioctl] spcom_ioctl: command ID [1075860458]
01-02 04:19:14.258   898   934 D spcomlib: [notify_ssr_thread] notify SSR thread started
01-02 04:19:14.258   898   934 D spcomlib: [spcom_check_link_up_state] SPCom check for link up: wait[1], event_id[100]
01-02 04:19:14.258   898   934 D spcomlib: [spcom_ioctl] spcom_ioctl: command ID [3222295528]
01-02 04:19:14.259   898   919 D spcomlib: [spcom_ch_register] SPCom register cmd done: ch_name[sec_nvm_iuicc1]
01-02 04:19:14.259   898   919 D spcomlib: [spcom_add_ssr_cb] SPCom add SSR callback: ch_name[sec_nvm_iuicc1], cb[0x5ab10029e0]
01-02 04:19:14.259   898   919 D spcomlib: [add_ssr_cb] ssr cb already exist!
01-02 04:19:14.259   898   919 D spcomlib: [spcom_add_ssr_cb] SPCom add SSR callback done: ch_name[sec_nvm_iuicc1], cb[0x5ab10029e0]
01-02 04:19:14.259   898   919 D spcomlib: [add_ch] add ch [sec_nvm_iuicc1].
01-02 04:19:14.259   898   919 D spcomlib: [spcom_register_service] SPCom register service: Channel name [sec_nvm_iuicc1], pid [0x2d25bcb0] - done
01-02 04:19:14.259   898   919 D spcomlib: [spcom_server_get_next_request_size] SPCom server get next request cmd: ch_name[sec_nvm_iuicc1], next_req_size[0]
01-02 04:19:14.259   898   919 D spcomlib: [spcom_ioctl] spcom_ioctl: command ID [3223868399]
01-02 04:19:14.259   898   914 D spcomlib: [spcom_ch_register] SPCom channel register cmd: ch_name[sec_nvm_sp_nvm], PID [0x2e751cb0]
01-02 04:19:14.259   898   914 D spcomlib: [spcom_ioctl] spcom_ioctl: command ID [1075860458]
01-02 04:19:14.266   898   917 D secnvm  : ch [sec_nvm_iuicc] SP LINK is UP
01-02 04:19:14.266   898   917 D secnvm  : ch [sec_nvm_iuicc] register spcom service, channel:sec_nvm_iuicc
01-02 04:19:14.266   898   918 D secnvm  : ch [sec_nvm_iuicc0] SP LINK is UP
01-02 04:19:14.266   898   918 D secnvm  : ch [sec_nvm_iuicc0] register spcom service, channel:sec_nvm_iuicc0
01-02 04:19:14.267   907   907 I keystore2: keystore2::globals: Add emulation wrapper around Keymaster device for security level: SecurityLevel(2)
01-02 04:19:14.268   907   931 I keystore2: keystore2::shared_secret_negotiation: Shared secret negotiation concluded successfully.
01-02 04:19:14.268   907   931 I keystore2: keystore2::shared_secret_negotiation: StrongBox does not provide a challenge, so no RoT transfer: Status(-8, EX_SERVICE_SPECIFIC): '-100: '
01-02 04:19:14.270   907   907 I keystore2: keystore2_main: Successfully registered Keystore 2.0 service.
01-02 04:19:14.270   907   907 I keystore2: keystore2_main: Joining thread pool now.
01-02 04:19:14.270   898   914 D spcomlib: [spcom_ch_register] SPCom register cmd done: ch_name[sec_nvm_sp_nvm]
01-02 04:19:14.270   898   914 D spcomlib: [spcom_add_ssr_cb] SPCom add SSR callback: ch_name[sec_nvm_sp_nvm], cb[0x5ab10029e0]
01-02 04:19:14.270   898   914 D spcomlib: [add_ssr_cb] ssr cb already exist!
01-02 04:19:14.270   898   914 D spcomlib: [spcom_add_ssr_cb] SPCom add SSR callback done: ch_name[sec_nvm_sp_nvm], cb[0x5ab10029e0]
01-02 04:19:14.270   898   914 D spcomlib: [add_ch] add ch [sec_nvm_sp_nvm].
01-02 04:19:14.270   898   914 D spcomlib: [spcom_register_service] SPCom register service: Channel name [sec_nvm_sp_nvm], pid [0x2e751cb0] - done
01-02 04:19:14.270   898   914 D spcomlib: [spcom_server_get_next_request_size] SPCom server get next request cmd: ch_name[sec_nvm_sp_nvm], next_req_size[0]
01-02 04:19:14.270   898   914 D spcomlib: [spcom_ioctl] spcom_ioctl: command ID [3223868399]
01-02 04:19:14.270   898   915 D spcomlib: [spcom_ch_register] SPCom channel register cmd: ch_name[sec_nvm_sp_keymaster], PID [0x2e653cb0]
01-02 04:19:14.270   898   915 D spcomlib: [spcom_ioctl] spcom_ioctl: command ID [1075860458]
01-02 04:19:14.270   898   915 D spcomlib: [spcom_ch_register] SPCom register cmd done: ch_name[sec_nvm_sp_keymaster]
01-02 04:19:14.270   898   915 D spcomlib: [spcom_add_ssr_cb] SPCom add SSR callback: ch_name[sec_nvm_sp_keymaster], cb[0x5ab10029e0]
01-02 04:19:14.270   898   915 D spcomlib: [add_ssr_cb] ssr cb already exist!
01-02 04:19:14.270   898   915 D spcomlib: [spcom_add_ssr_cb] SPCom add SSR callback done: ch_name[sec_nvm_sp_keymaster], cb[0x5ab10029e0]
01-02 04:19:14.270   898   915 D spcomlib: [add_ch] add ch [sec_nvm_sp_keymaster].
01-02 04:19:14.270   898   915 D spcomlib: [spcom_register_service] SPCom register service: Channel name [sec_nvm_sp_keymaster], pid [0x2e653cb0] - done
01-02 04:19:14.271   898   915 D spcomlib: [spcom_server_get_next_request_size] SPCom server get next request cmd: ch_name[sec_nvm_sp_keymaster], next_req_size[0]
01-02 04:19:14.271   898   915 D spcomlib: [spcom_ioctl] spcom_ioctl: command ID [3223868399]
01-02 04:19:14.271   898   917 D spcomlib: [spcom_ch_register] SPCom channel register cmd: ch_name[sec_nvm_iuicc], PID [0x2e457cb0]
01-02 04:19:14.271   898   917 D spcomlib: [spcom_ioctl] spcom_ioctl: command ID [1075860458]
01-02 04:19:14.271   898   917 D spcomlib: [spcom_ch_register] SPCom register cmd done: ch_name[sec_nvm_iuicc]
01-02 04:19:14.271   898   917 D spcomlib: [spcom_add_ssr_cb] SPCom add SSR callback: ch_name[sec_nvm_iuicc], cb[0x5ab10029e0]
01-02 04:19:14.289   186   186 I         : Half duplex not supported in Port0
01-02 04:19:14.271   898   917 D spcomlib: [add_ssr_cb] ssr cb already exist!
01-02 04:19:14.271   898   917 D spcomlib: [spcom_add_ssr_cb] SPCom add SSR callback done: ch_name[sec_nvm_iuicc], cb[0x5ab10029e0]
01-02 04:19:14.271   898   917 D spcomlib: [add_ch] add ch [sec_nvm_iuicc].
01-02 04:19:14.271   898   917 D spcomlib: [spcom_register_service] SPCom register service: Channel name [sec_nvm_iuicc], pid [0x2e457cb0] - done
01-02 04:19:14.271   898   917 D spcomlib: [spcom_server_get_next_request_size] SPCom server get next request cmd: ch_name[sec_nvm_iuicc], next_req_size[0]
01-02 04:19:14.271   898   917 D spcomlib: [spcom_ioctl] spcom_ioctl: command ID [3223868399]
01-02 04:19:14.271   898   918 D spcomlib: [spcom_ch_register] SPCom channel register cmd: ch_name[sec_nvm_iuicc0], PID [0x2e359cb0]
01-02 04:19:14.271   898   918 D spcomlib: [spcom_ioctl] spcom_ioctl: command ID [1075860458]
01-02 04:19:14.271   898   918 D spcomlib: [spcom_ch_register] SPCom register cmd done: ch_name[sec_nvm_iuicc0]
01-02 04:19:14.271   898   918 D spcomlib: [spcom_add_ssr_cb] SPCom add SSR callback: ch_name[sec_nvm_iuicc0], cb[0x5ab10029e0]
01-02 04:19:14.271   898   918 D spcomlib: [add_ssr_cb] ssr cb already exist!
01-02 04:19:14.271   898   918 D spcomlib: [spcom_add_ssr_cb] SPCom add SSR callback done: ch_name[sec_nvm_iuicc0], cb[0x5ab10029e0]
01-02 04:19:14.271   898   918 D spcomlib: [add_ch] add ch [sec_nvm_iuicc0].
01-02 04:19:14.271   898   918 D spcomlib: [spcom_register_service] SPCom register service: Channel name [sec_nvm_iuicc0], pid [0x2e359cb0] - done
01-02 04:19:14.271   898   918 D spcomlib: [spcom_server_get_next_request_size] SPCom server get next request cmd: ch_name[sec_nvm_iuicc0], next_req_size[0]
01-02 04:19:14.271   898   918 D spcomlib: [spcom_ioctl] spcom_ioctl: command ID [3223868399]
01-02 04:19:14.291   186   186 F tc956x_pci-eth 0001: 05:00.0: <--tc956xmac_pci_probe : Adding DSP Cut Through Settings
01-02 04:19:14.291   901   901 W gh_secure_vm_loader soc: gh-secure-vm-loader@2: Direct firmware load for cpusys_vm.mdt failed with error -2
01-02 04:19:14.293   930   930 D vdc     : Waited 0ms for vold
01-02 04:19:14.301   901   901 W gh_secure_vm_loader soc: gh-secure-vm-loader@2: Falling back to sysfs fallback for: cpusys_vm.mdt
01-02 04:19:14.301   186   186 F tc956x_pci-eth 0001: 05:00.0: tc956xmac_pci_probe : Setting B : Adding DSP Cut Through Settings for DSP2
01-02 04:19:14.292   898   914 D spcomlib: [spcom_server_get_next_request_size] SPCom get next request size done: Channel name [sec_nvm_sp_nvm], next_req_size [2]
01-02 04:19:14.292   898   914 D spcomlib: [spcom_get_message] SPCom get message cmd: ch_name [sec_nvm_sp_nvm], buffer_size [2], timeout_ms [0]
01-02 04:19:14.292   898   914 D spcomlib: [spcom_ioctl] spcom_ioctl: command ID [3223868400]
01-02 04:19:14.292   898   914 D spcomlib: [spcom_get_message] SPCom get message cmd done: ch_name[sec_nvm_sp_nvm], message size[2]
01-02 04:19:14.292   898   914 D spcomlib: [spcom_server_wait_for_request] SPCom server wait for request: Channel name: [sec_nvm_sp_nvm], actual request size:[2]
01-02 04:19:14.292   898   914 D secnvm  : ch [sec_nvm_sp_nvm] create new request: reqId = 5
01-02 04:19:14.292   898   914 D secnvm  : ch [sec_nvm_sp_nvm] Invalid m_ionHandle.fd [-1] for reqId [5]
01-02 04:19:14.292   898   914 D secnvm  : IsCommitOp
01-02 04:19:14.292   898   914 D secnvm  : NVM version is supported: 5
01-02 04:19:14.292   898   914 D spcomlib: [spcom_send_message] SPCom send message cmd: ch_name [sec_nvm_sp_nvm], buffer_size [53], timeout_ms [0]
01-02 04:19:14.292   898   914 D spcomlib: [spcom_ioctl] spcom_ioctl: command ID [1076384749]
01-02 04:19:14.292   898   914 D spcomlib: [spcom_send_message] SPCom send message cmd done: ch_name[sec_nvm_sp_nvm], ret[53]
01-02 04:19:14.292   898   914 D secnvm  : setNvmManagerState: is_skp:0, reqId:5, m_state=0
01-02 04:19:14.292   898   914 D spcomlib: [spcom_server_get_next_request_size] SPCom server get next request cmd: ch_name[sec_nvm_sp_nvm], next_req_size[2]
01-02 04:19:14.292   898   914 D spcomlib: [spcom_ioctl] spcom_ioctl: command ID [3223868399]
01-02 04:19:14.294   898   914 D spcomlib: [spcom_server_get_next_request_size] SPCom get next request size done: Channel name [sec_nvm_sp_nvm], next_req_size [150]
01-02 04:19:14.294   898   914 D spcomlib: [spcom_get_message] SPCom get message cmd: ch_name [sec_nvm_sp_nvm], buffer_size [150], timeout_ms [0]
01-02 04:19:14.294   898   914 D spcomlib: [spcom_ioctl] spcom_ioctl: command ID [3223868400]
01-02 04:19:14.294   898   914 D spcomlib: [spcom_get_message] SPCom get message cmd done: ch_name[sec_nvm_sp_nvm], message size[150]
01-02 04:19:14.294   898   914 D spcomlib: [spcom_server_wait_for_request] SPCom server wait for request: Channel name: [sec_nvm_sp_nvm], actual request size:[150]
01-02 04:19:14.294   898   914 D secnvm  : ch [sec_nvm_sp_nvm] create new request: reqId = 12
01-02 04:19:14.294   898   914 D secnvm  : ch [sec_nvm_sp_nvm] Invalid m_ionHandle.fd [-1] for reqId [12]
01-02 04:19:14.294   898   914 D secnvm  : OpenPartitionOp
01-02 04:19:14.294   898   914 D secnvm  : ch [sec_nvm_sp_nvm] allocate segment#0 out of 1
01-02 04:19:14.294   898   914 D secnvm  : Log file exists, dump to memory buffer
01-02 04:19:14.294   898   914 E secnvm  : !@ sec_nvm error log content (474 bytes of 474):1970-01-02 00:02:55@!@ 552412310573718226167662182032189844128
01-02 04:19:14.294   898   914 E secnvm  : !@  failed to open files ; -2
01-02 04:19:14.294   898   914 E secnvm  : !@ marker b5340d3c291fc2dc5cbe1382766cc4f92b4de64b09acdd4f30fb974de71a0aba
01-02 04:19:14.294   898   914 E secnvm  : 1970-01-02 00:02:55@!@ NvmSegment::createSegment() for uuid=552412310573718226167662182032189844128
01-02 04:19:14.294   898   914 E secnvm  : 2024-11-30 03:47:37@!@ NvmSegment::createSegment() for uuid=471480361391619214618258156162147168243172
01-02 04:19:14.294   898   914 E secnvm  : 2024-11-27 03:27:03@!@ NvmSegment::createSegment() for uuid=471480361391619214618258156162147168243172
01-02 04:19:14.312   186   186 F tc956x_pci-eth 0001: 05:00.0: tc956xmac_pci_probe : (Device Usage Count = [1])
01-02 04:19:14.322   186   186 I tc956x_pci-eth 0001: 05:00.1: Adding to iommu group 49
01-02 04:19:14.309   898   914 D spcomlib: [spcom_ion_alloc_ex] Allocated dma_buf: fd [7] size [0x9000] OK.
01-02 04:19:14.309   898   914 D spcomlib: [spcom_ion_alloc_ex] call hyp_assign() for fd [7].
01-02 04:19:14.309   898   914 D spcomlib: [spcom_ion_alloc_ex] FindVmByName() ret vm_sp [9].
01-02 04:19:14.309   898   914 D spcomlib: [spcom_ion_alloc_ex] FindVmByName() ret vm_hlos [10].
01-02 04:19:14.309   898   914 D secnvm  : ch [sec_nvm_sp_nvm] openPartition() m_ionHandle.fd [7]
01-02 04:19:14.309   898   914 D secnvm  : ch [sec_nvm_sp_nvm] ari, skp: marker points to req ARC
01-02 04:19:14.309   898   914 D secnvm  : found marker for file
01-02 04:19:14.310   898   914 D secnvm  : found marker for file
01-02 04:19:14.310   898   914 D secnvm  : m_is_ari: 1, m_is_ari_bypass: 1
01-02 04:19:14.310   898   914 D secnvm  : ari bypass: check counters
01-02 04:19:14.310   898   914 D secnvm  : counters: cnt0: 56, cnt1: 57
01-02 04:19:14.310   898   914 D secnvm  : match counter 57 of /mnt/vendor/persist/secnvm/552412310573718226167662182032189844128_0_1
01-02 04:19:14.310   898   914 D secnvm  : load 32 blocks starting from 0
01-02 04:19:14.310   898   914 D secnvm  : load 32 hash blocks starting from 32768
01-02 04:19:14.310   898   914 D secnvm  : actual transaction counter: 57
01-02 04:19:14.310   898   914 D secnvm  : successfully uploaded segment to DDR
01-02 04:19:14.310   898   914 D spcomlib: [spcom_manage_dma_buffer_lock] SPCom manage DMA buffer lock cmd: ch_name[sec_nvm_sp_nvm], fd[7], PID[0x2e751cb0]
01-02 04:19:14.310   898   914 D spcomlib: [spcom_ioctl] spcom_ioctl: command ID [1076384753]
01-02 04:19:14.310   898   914 D spcomlib: [spcom_manage_dma_buffer_lock] SPCom manage DMA buffer lock cmd done: ch_name[sec_nvm_sp_nvm], ret[0]
01-02 04:19:14.310   898   914 E secnvm  : !@1970-01-02 00:02:55@!@ 552412310573718226167662182032189844128
01-02 04:19:14.310   898   914 E secnvm  : !@!@  failed to open files ; -2
01-02 04:19:14.310   898   914 E secnvm  : !@!@ marker b5340d3c291fc2dc5cbe1382766cc4f92b4de64b09acdd4f30fb974de71a0aba
01-02 04:19:14.310   898   914 E secnvm  : !@1970-01-02 00:02:55@!@ NvmSegment::createSegment() for uuid=552412310573718226167662182032189844128
01-02 04:19:14.310   898   914 E secnvm  : !@2024-11-30 03:47:37@!@ NvmSegment::createSegment() for uuid=471480361391619214618258156162147168243172
01-02 04:19:14.310   898   914 E secnvm  : !@2024-11-27 03:27:03@!@ NvmSegment::createSegment() for uuid=471480361391619214618258156162147168243172
01-02 04:19:14.310   898   914 D spcomlib: [spcom_send_modified_message] SPCom send modified message cmd: ch_name [sec_nvm_sp_nvm], buffer_size [47], timeout_ms [0]
01-02 04:19:14.310   898   914 D spcomlib: [spcom_send_modified_message] DMA info table [7]: fd[18] - offset[2139062143]
01-02 04:19:14.310   898   914 D spcomlib: [spcom_send_modified_message] DMA info table [-1]: fd[0] - offset[2139062143]
01-02 04:19:14.310   898   914 D spcomlib: [spcom_send_modified_message] DMA info table [-1]: fd[0] - offset[2139062143]
01-02 04:19:14.310   898   914 D spcomlib: [spcom_send_modified_message] DMA info table [-1]: fd[0] - offset[2139062143]
01-02 04:19:14.310   898   914 D spcomlib: [spcom_ioctl] spcom_ioctl: command ID [1078481902]
01-02 04:19:14.310   898   914 D spcomlib: [spcom_send_modified_message] SPCom send modified message cmd done: ch_name[sec_nvm_sp_nvm], ret[47]
01-02 04:19:14.310   898   914 D spcomlib: [spcom_server_get_next_request_size] SPCom server get next request cmd: ch_name[sec_nvm_sp_nvm], next_req_size[150]
01-02 04:19:14.310   898   914 D spcomlib: [spcom_ioctl] spcom_ioctl: command ID [3223868399]
01-02 04:19:14.322   186   186 E tc956x_pci-eth 0001: 05:00.1: of_irq_parse_pci: failed with rc=-22
01-02 04:19:14.330   186   186 I         : tc956xmac_pci_probe  >
01-02 04:19:14.330   186   186 I tc956x_pci-eth 0001: 05:00.1: Host Driver Version 04-00-01
01-02 04:19:14.330   186   186 I tc956x_pci-eth 0001: 05:00.1: enabling device (0000 -> 0002)
01-02 04:19:14.331   186   186 I tc956x_pci-eth 0001: 05:00.1: AER Capability Enabled
01-02 04:19:14.331   186   186 I tc956x_pci-eth 0001: 05:00.1: BAR0 length = 16384 bytes
01-02 04:19:14.331   186   186 I tc956x_pci-eth 0001: 05:00.1: BAR2 length = 524288 bytes
01-02 04:19:14.331   186   186 I tc956x_pci-eth 0001: 05:00.1: BAR4 length = 2097152 bytes
01-02 04:19:14.331   186   186 I tc956x_pci-eth 0001: 05:00.1: BAR0 physical address = 0x41610000
01-02 04:19:14.331   186   186 I tc956x_pci-eth 0001: 05:00.1: BAR2 physical address = 0x41400000
01-02 04:19:14.331   186   186 I tc956x_pci-eth 0001: 05:00.1: BAR4 physical address = 0x40a00000
01-02 04:19:14.331   186   186 I tc956x_pci-eth 0001: 05:00.1: User Configured/Default Module parameters of TC956x of Port-1 bus number-5
01-02 04:19:14.331   186   186 I tc956x_pci-eth 0001: 05:00.1: mac1_force_speed_mode = 0
01-02 04:19:14.331   186   186 I tc956x_pci-eth 0001: 05:00.1: mac1_force_config_speed = 3
01-02 04:19:14.331   186   186 I tc956x_pci-eth 0001: 05:00.1: mac1_interface = 2
01-02 04:19:14.331   186   186 I tc956x_pci-eth 0001: 05:00.1: mac1_eee_enable = 0
01-02 04:19:14.331   186   186 I tc956x_pci-eth 0001: 05:00.1: mac1_filter_phy_pause = 0
01-02 04:19:14.331   186   186 I tc956x_pci-eth 0001: 05:00.1: mac1_lpi_timer = 600
01-02 04:19:14.331   186   186 I tc956x_pci-eth 0001: 05:00.1: mac1_rxq0_size = 18432
01-02 04:19:14.331   186   186 I tc956x_pci-eth 0001: 05:00.1: mac1_rxq1_size = 4096
01-02 04:19:14.331   186   186 I tc956x_pci-eth 0001: 05:00.1: mac1_rxq0_rfd  = 14
01-02 04:19:14.331   186   186 I tc956x_pci-eth 0001: 05:00.1: mac1_rxq0_rfa  = 3
01-02 04:19:14.331   186   186 I tc956x_pci-eth 0001: 05:00.1: mac1_rxq1_rfd  = 5
01-02 04:19:14.331   186   186 I tc956x_pci-eth 0001: 05:00.1: mac1_rxq1_rfa  = 5
01-02 04:19:14.331   186   186 I tc956x_pci-eth 0001: 05:00.1: mac1_txq0_size = 18432
01-02 04:19:14.331   186   186 I tc956x_pci-eth 0001: 05:00.1: mac1_txq1_size = 14336
01-02 04:19:14.331   186   186 I tc956x_pci-eth 0001: 05:00.1: mac1_en_lp_pause_frame_cnt = 0
01-02 04:19:14.331   186   186 I tc956x_pci-eth 0001: 05:00.1: mac1_link_down_macrst = 0
01-02 04:19:14.331   186   186 E tc956x_pci-eth 0001: 05:00.1: Failed to get phy port interface
01-02 04:19:14.338   186   186 I tc956x_pci-eth 0001: 05:00.1: Initialising eMAC Port 1 bus number-5
01-02 04:19:14.339   186   186 F tc956x_pci-eth 0001: 05:00.1: tc956xmac_pci_probe : Allocated MSI Vectors : 1
01-02 04:19:14.348   186   186 F tc956x_pci-eth 0001: 05:00.1: Enabling all eMAC clocks for Port 1 Bus number-5
01-02 04:19:14.357   186   186 I tc956x_pci-eth 0001: 05:00.1: Existing shared memory offset 0 found
01-02 04:19:14.357   186   186 I         : HFR0 Val = 0xcafd79f3
01-02 04:19:14.357   186   186 I         : HFR1 Val = 0x01857a69
01-02 04:19:14.357   186   186 I         : HFR2 Val = 0x131c71c7
01-02 04:19:14.357   186   186 I         : HFR3 Val = 0x3dac099b
01-02 04:19:14.357   186   186 I         : -->tc956x_get_tx_channel_count
01-02 04:19:14.357   186   186 I         : <-- tc956x_get_tx_channel_count
01-02 04:19:14.357   186   186 I         : --> tc956x_get_rx_channel_count
01-02 04:19:14.357   186   186 I         : <-- tc956x_get_rx_channel_count
01-02 04:19:14.357   186   186 I tc956x_pci-eth 0001: 05:00.1: is_built_in_wol 1
01-02 04:19:14.357   186   186 W tc956x_pci-eth 0001: 05:00.1: supply phy not found, using dummy regulator
01-02 04:19:14.337   898   914 D spcomlib: [spcom_server_get_next_request_size] SPCom get next request size done: Channel name [sec_nvm_sp_nvm], next_req_size [135]
01-02 04:19:14.337   898   914 D spcomlib: [spcom_get_message] SPCom get message cmd: ch_name [sec_nvm_sp_nvm], buffer_size [135], timeout_ms [0]
01-02 04:19:14.337   898   914 D spcomlib: [spcom_ioctl] spcom_ioctl: command ID [3223868400]
01-02 04:19:14.337   898   914 D spcomlib: [spcom_get_message] SPCom get message cmd done: ch_name[sec_nvm_sp_nvm], message size[135]
01-02 04:19:14.337   898   914 D spcomlib: [spcom_server_wait_for_request] SPCom server wait for request: Channel name: [sec_nvm_sp_nvm], actual request size:[135]
01-02 04:19:14.337   898   914 D secnvm  : ch [sec_nvm_sp_nvm] create new request: reqId = 8
01-02 04:19:14.337   898   914 D secnvm  : CommitOp::execute() start, m_is_skp [1]
01-02 04:19:14.337   898   914 D secnvm  : ch [sec_nvm_sp_nvm] update segment#0 out of 1
01-02 04:19:14.337   898   914 D secnvm  : ch [sec_nvm_sp_nvm] ari, skp: marker points to req ARC
01-02 04:19:14.337   898   914 D secnvm  : found marker for file
01-02 04:19:14.337   898   914 D secnvm  : found marker for file
01-02 04:19:14.337   898   914 D secnvm  : m_is_ari: 1, m_is_ari_bypass: 1
01-02 04:19:14.337   898   914 D secnvm  : ari bypass: check counters
01-02 04:19:14.337   898   914 D secnvm  : counters: cnt0: 56, cnt1: 57
01-02 04:19:14.337   898   914 D secnvm  : match counter 57 of /mnt/vendor/persist/secnvm/552412310573718226167662182032189844128_0_1
01-02 04:19:14.338   898   914 D secnvm  : commit 1 blocks starting from 0
01-02 04:19:14.357   186   186 I tc956x_pci-eth 0001: 05:00.1: phy reverse rst 0
01-02 04:19:14.357   186   186 I tc956x_pci-eth 0001: 05:00.1: QPS615 PHY out of reset delay 20000
01-02 04:19:14.338   898   914 D secnvm  : commit 1 hash blocks starting from 32768
01-02 04:19:14.338   898   914 D secnvm  : commit 1 blocks starting from 18432
01-02 04:19:14.339   898   914 D secnvm  : commit 1 hash blocks starting from 33632
01-02 04:19:14.339   898   914 D secnvm  : updated active file with transaction counter: 58, m_is_ari_bypass: 1
01-02 04:19:14.339   898   914 D secnvm  : successfully updated DDR->flash (transaction counter: 58)
01-02 04:19:14.339   898   914 D secnvm  : successfully commited to the backup file, save bytemap for the next time
01-02 04:19:14.339   898   914 D secnvm  : CommitOp::execute: m_is_skp [1] t_avg usec [2291] t_min [2291] t_max [2291] count [1]
01-02 04:19:14.339   898   914 D secnvm  : CommitOp::execute: sync [2] write [0] read [0]
01-02 04:19:14.339   898   914 D spcomlib: [spcom_send_message] SPCom send message cmd: ch_name [sec_nvm_sp_nvm], buffer_size [50], timeout_ms [0]
01-02 04:19:14.339   898   914 D spcomlib: [spcom_ioctl] spcom_ioctl: command ID [1076384749]
01-02 04:19:14.339   898   914 D spcomlib: [spcom_send_message] SPCom send message cmd done: ch_name[sec_nvm_sp_nvm], ret[50]
01-02 04:19:14.339   898   914 D secnvm  : SKP's segment opened/create success
01-02 04:19:14.339   898   914 D spcomlib: [spcom_signal_event] event [1] [nvm_ready] EVENT_STATUS_SIGNALED
01-02 04:19:14.339   898   914 D spcomlib: [spcom_server_get_next_request_size] SPCom server get next request cmd: ch_name[sec_nvm_sp_nvm], next_req_size[135]
01-02 04:19:14.339   895   895 D spcomlib: [spcom_wait_for_event] event [1] [nvm_ready] EVENT_STATUS_SIGNALED
01-02 04:19:14.339   898   914 D spcomlib: [spcom_ioctl] spcom_ioctl: command ID [3223868399]
01-02 04:19:14.339   895   895 D spcomlib: [spcom_register_client] SPCom register client: ch_name[spdaemon_ssr], PID[0x5f4194f8]
01-02 04:19:14.339   895   895 D spcomlib: [spcom_ch_register] SPCom channel register cmd: ch_name[spdaemon_ssr], PID [0x5f4194f8]
01-02 04:19:14.339   895   895 D spcomlib: [spcom_ioctl] spcom_ioctl: command ID [1075860458]
01-02 04:19:14.339   895   895 D spcomlib: [spcom_ch_register] SPCom register cmd done: ch_name[spdaemon_ssr]
01-02 04:19:14.339   895   895 D spcomlib: [spcom_add_ssr_cb] SPCom add SSR callback: ch_name[spdaemon_ssr], cb[0x5882e7f070]
01-02 04:19:14.339   895   895 D spcomlib: [add_ssr_cb] ssr cb added at entry 0!
01-02 04:19:14.339   895   895 D spcomlib: [start_ssr_thread] main thread pid[0x5f4194f8]
01-02 04:19:14.340   895   895 D spcomlib: [start_ssr_thread] Wait for SSR thread to run
01-02 04:19:14.340   895   941 D spcomlib: [notify_ssr_thread] notify SSR thread started
01-02 04:19:14.340   895   895 D spcomlib: [start_ssr_thread] pthread_cond_wait ret [0]
01-02 04:19:14.340   895   895 D spcomlib: [start_ssr_thread] start ssr thread done
01-02 04:19:14.340   895   895 D spcomlib: [spcom_add_ssr_cb] SPCom add SSR callback done: ch_name[spdaemon_ssr], cb[0x5882e7f070]
01-02 04:19:14.340   895   895 D spcomlib: [add_ch] add ch [spdaemon_ssr].
01-02 04:19:14.340   895   895 D spcomlib: [spcom_register_client] SPCom register done: ch_name[spdaemon_ssr]
01-02 04:19:14.340   895   895 D spdaemon: SSR callback registered ok.
01-02 04:19:14.340   895   895 E iardb   : [iar_db_get_iar_state] failed to open file /mnt/vendor/spunvm/iar_db/iar_state.bin [2] [No such file or directory]
01-02 04:19:14.340   895   895 D iarlib  : [iar_get_state] Can't get iar_state, return DISABLED
01-02 04:19:14.340   895   895 D spdaemon: Wait for sp link up.
01-02 04:19:14.340   895   895 D spcomlib: [spcom_check_link_up_state] SPCom check for link up: wait[0], event_id[100]
01-02 04:19:14.340   895   895 D spcomlib: [spcom_ioctl] spcom_ioctl: command ID [3222295528]
01-02 04:19:14.340   895   895 D spcomlib: [spcom_check_link_up_state] SPCom check for link up done - ret[1]
01-02 04:19:14.340   895   941 D spcomlib: [spcom_check_link_up_state] SPCom check for link up: wait[1], event_id[100]
01-02 04:19:14.340   895   941 D spcomlib: [spcom_ioctl] spcom_ioctl: command ID [3222295528]
01-02 04:19:14.341   898   914 D spcomlib: [spcom_server_get_next_request_size] SPCom get next request size done: Channel name [sec_nvm_sp_nvm], next_req_size [32]
01-02 04:19:14.341   898   914 D spcomlib: [spcom_get_message] SPCom get message cmd: ch_name [sec_nvm_sp_nvm], buffer_size [32], timeout_ms [0]
01-02 04:19:14.341   898   914 D spcomlib: [spcom_ioctl] spcom_ioctl: command ID [3223868400]
01-02 04:19:14.341   898   914 D spcomlib: [spcom_get_message] SPCom get message cmd done: ch_name[sec_nvm_sp_nvm], message size[32]
01-02 04:19:14.341   898   914 D spcomlib: [spcom_server_wait_for_request] SPCom server wait for request: Channel name: [sec_nvm_sp_nvm], actual request size:[32]
01-02 04:19:14.341   898   914 D secnvm  : ch [sec_nvm_sp_nvm] create new request: reqId = 13
01-02 04:19:14.341   898   914 D spcomlib: [spcom_ion_alloc_ex] Allocated dma_buf: fd [8] size [0x1000] OK.
01-02 04:19:14.341   898   914 D spcomlib: [spcom_ion_alloc_ex] call hyp_assign() for fd [8].
01-02 04:19:14.341   898   914 D spcomlib: [spcom_ion_alloc_ex] FindVmByName() ret vm_sp [10].
01-02 04:19:14.341   898   914 D spcomlib: [spcom_ion_alloc_ex] FindVmByName() ret vm_hlos [11].
01-02 04:19:14.342   898   914 D secnvm  : allocateScratchDb_ion() m_ionScratchHandle.fd [8]
01-02 04:19:14.342   898   914 D spcomlib: [spcom_manage_dma_buffer_lock] SPCom manage DMA buffer lock cmd: ch_name[sec_nvm_sp_nvm], fd[8], PID[0x2e751cb0]
01-02 04:19:14.342   898   914 D spcomlib: [spcom_ioctl] spcom_ioctl: command ID [1076384753]
01-02 04:19:14.342   898   914 D spcomlib: [spcom_manage_dma_buffer_lock] SPCom manage DMA buffer lock cmd done: ch_name[sec_nvm_sp_nvm], ret[0]
01-02 04:19:14.342   898   914 D spcomlib: [spcom_send_modified_message] SPCom send modified message cmd: ch_name [sec_nvm_sp_nvm], buffer_size [32], timeout_ms [0]
01-02 04:19:14.342   898   914 D spcomlib: [spcom_send_modified_message] DMA info table [8]: fd[2] - offset[2139062143]
01-02 04:19:14.342   898   914 D spcomlib: [spcom_send_modified_message] DMA info table [-1]: fd[0] - offset[2139062143]
01-02 04:19:14.342   898   914 D spcomlib: [spcom_send_modified_message] DMA info table [-1]: fd[0] - offset[2139062143]
01-02 04:19:14.342   898   914 D spcomlib: [spcom_send_modified_message] DMA info table [-1]: fd[0] - offset[2139062143]
01-02 04:19:14.342   898   914 D spcomlib: [spcom_ioctl] spcom_ioctl: command ID [1078481902]
01-02 04:19:14.342   898   914 D spcomlib: [spcom_send_modified_message] SPCom send modified message cmd done: ch_name[sec_nvm_sp_nvm], ret[32]
01-02 04:19:14.342   898   914 D secnvm  : setNvmManagerState: is_skp:0, reqId:13, m_state=4
01-02 04:19:14.342   898   914 D spcomlib: [spcom_server_get_next_request_size] SPCom server get next request cmd: ch_name[sec_nvm_sp_nvm], next_req_size[32]
01-02 04:19:14.342   898   914 D spcomlib: [spcom_ioctl] spcom_ioctl: command ID [3223868399]
01-02 04:19:14.346   827   827 D vold    : fscrypt_mount_metadata_encrypted: /data encrypt: 0 format: 0 with null
01-02 04:19:14.346   827   827 D vold    : metadata_key_dir/key: /metadata/vold/metadata_encryption/key
01-02 04:19:14.368   939   939 D vdc     : Waited 0ms for vold
01-02 04:19:14.346   827   827 D vold    : Key exists, using: /metadata/vold/metadata_encryption/key
01-02 04:19:14.350   895   895 D spdaemon: SP LINK is UP in [10] msec.
01-02 04:19:14.350   895   895 D spcomlib: [spcom_check_link_up_state] SPCom check for link up: wait[0], event_id[100]
01-02 04:19:14.350   895   895 D spcomlib: [spcom_ioctl] spcom_ioctl: command ID [3222295528]
01-02 04:19:14.350   895   895 D spcomlib: [spcom_check_link_up_state] SPCom check for link up done - ret[1]
01-02 04:19:14.350   895   895 D spcomlib: [spcom_register_client] SPCom register client: ch_name[cryptoapp], PID[0x5f4194f8]
01-02 04:19:14.350   895   895 D spcomlib: [spcom_ch_register] SPCom channel register cmd: ch_name[cryptoapp], PID [0x5f4194f8]
01-02 04:19:14.350   895   895 D spcomlib: [spcom_ioctl] spcom_ioctl: command ID [1075860458]
01-02 04:19:14.351   895   895 D spcomlib: [spcom_ch_register] SPCom register cmd done: ch_name[cryptoapp]
01-02 04:19:14.351   895   895 D spcomlib: [spcom_add_ssr_cb] SPCom add SSR callback: ch_name[cryptoapp], cb[0x735deb0648]
01-02 04:19:14.351   895   895 D spcomlib: [add_ssr_cb] ssr cb added at entry 1!
01-02 04:19:14.351   895   895 D spcomlib: [spcom_add_ssr_cb] SPCom add SSR callback done: ch_name[cryptoapp], cb[0x735deb0648]
01-02 04:19:14.351   895   895 D spcomlib: [add_ch] add ch [cryptoapp].
01-02 04:19:14.351   895   895 D spcomlib: [spcom_register_client] SPCom register done: ch_name[cryptoapp]
01-02 04:19:14.351   895   895 D spcomlib: [spcom_client_is_server_connected] SPCom client is sever connected cmd: ch_name[cryptoapp]
01-02 04:19:14.351   895   895 D spcomlib: [spcom_ioctl] spcom_ioctl: command ID [1075860460]
01-02 04:19:14.351   895   895 D spcomlib: [spcom_sp_sysparam_read_ext] Issue SP_CMD_ID_SYSPARAM_READ (3).
01-02 04:19:14.351   895   895 D spcomlib: [spcom_send_message] SPCom send message cmd: ch_name [cryptoapp], buffer_size [16], timeout_ms [9000]
01-02 04:19:14.351   895   895 D spcomlib: [spcom_ioctl] spcom_ioctl: command ID [1076384749]
01-02 04:19:14.351   895   895 D spcomlib: [spcom_send_message] SPCom send message cmd done: ch_name[cryptoapp], ret[16]
01-02 04:19:14.351   895   895 D spcomlib: [spcom_get_message] SPCom get message cmd: ch_name [cryptoapp], buffer_size [8], timeout_ms [9000]
01-02 04:19:14.351   895   895 D spcomlib: [spcom_ioctl] spcom_ioctl: command ID [3223868400]
01-02 04:19:14.353   898   914 D spcomlib: [spcom_server_get_next_request_size] SPCom get next request size done: Channel name [sec_nvm_sp_nvm], next_req_size [135]
01-02 04:19:14.353   898   914 D spcomlib: [spcom_get_message] SPCom get message cmd: ch_name [sec_nvm_sp_nvm], buffer_size [135], timeout_ms [0]
01-02 04:19:14.353   898   914 D spcomlib: [spcom_ioctl] spcom_ioctl: command ID [3223868400]
01-02 04:19:14.353   898   914 D spcomlib: [spcom_get_message] SPCom get message cmd done: ch_name[sec_nvm_sp_nvm], message size[135]
01-02 04:19:14.353   898   914 D spcomlib: [spcom_server_wait_for_request] SPCom server wait for request: Channel name: [sec_nvm_sp_nvm], actual request size:[135]
01-02 04:19:14.353   898   914 D secnvm  : ch [sec_nvm_sp_nvm] create new request: reqId = 8
01-02 04:19:14.353   898   914 D secnvm  : CommitOp::execute() start, m_is_skp [1]
01-02 04:19:14.353   898   914 D secnvm  : ch [sec_nvm_sp_nvm] update segment#0 out of 1
01-02 04:19:14.353   898   914 D secnvm  : ch [sec_nvm_sp_nvm] ari, skp: marker points to req ARC
01-02 04:19:14.353   898   914 D secnvm  : found marker for file
01-02 04:19:14.353   898   914 D secnvm  : found marker for file
01-02 04:19:14.353   898   914 D secnvm  : m_is_ari: 1, m_is_ari_bypass: 1
01-02 04:19:14.353   898   914 D secnvm  : ari bypass: check counters
01-02 04:19:14.353   898   914 D secnvm  : counters: cnt0: 58, cnt1: 57
01-02 04:19:14.353   898   914 D secnvm  : match counter 58 of /mnt/vendor/persist/secnvm/552412310573718226167662182032189844128_0_0
01-02 04:19:14.354   898   914 D secnvm  : commit 1 blocks starting from 0
01-02 04:19:14.354   898   914 D secnvm  : commit 1 hash blocks starting from 32768
01-02 04:19:14.354   898   914 D secnvm  : commit 1 blocks starting from 18432
01-02 04:19:14.354   898   914 D secnvm  : commit 1 hash blocks starting from 33632
01-02 04:19:14.354   898   914 D secnvm  : updated active file with transaction counter: 59, m_is_ari_bypass: 1
01-02 04:19:14.355   898   914 D secnvm  : successfully updated DDR->flash (transaction counter: 59)
01-02 04:19:14.355   898   914 D secnvm  : successfully commited to the backup file, save bytemap for the next time
01-02 04:19:14.355   898   914 D secnvm  : CommitOp::execute: m_is_skp [1] t_avg usec [1748] t_min [1205] t_max [2291] count [2]
01-02 04:19:14.355   898   914 D secnvm  : CommitOp::execute: sync [2] write [0] read [0]
01-02 04:19:14.355   898   914 D spcomlib: [spcom_send_message] SPCom send message cmd: ch_name [sec_nvm_sp_nvm], buffer_size [50], timeout_ms [0]
01-02 04:19:14.355   898   914 D spcomlib: [spcom_ioctl] spcom_ioctl: command ID [1076384749]
01-02 04:19:14.355   898   914 D spcomlib: [spcom_send_message] SPCom send message cmd done: ch_name[sec_nvm_sp_nvm], ret[50]
01-02 04:19:14.355   898   914 D secnvm  : setNvmManagerState: is_skp:1, reqId:8, m_state=4
01-02 04:19:14.355   898   914 D spcomlib: [spcom_server_get_next_request_size] SPCom server get next request cmd: ch_name[sec_nvm_sp_nvm], next_req_size[135]
01-02 04:19:14.355   898   914 D spcomlib: [spcom_ioctl] spcom_ioctl: command ID [3223868399]
01-02 04:19:14.360   895   895 D spcomlib: [spcom_get_message] SPCom get message cmd done: ch_name[cryptoapp], message size[8]
01-02 04:19:14.360   895   895 D spcomlib: [spcom_sp_sysparam_read_ext] SP_CMD_ID_SYSPARAM_READ returned value (0x00490000).
01-02 04:19:14.360   895   895 D spcomlib: [spcom_sp_sysparam_read_ext] Issue SP_CMD_ID_SYSPARAM_READ (4).
01-02 04:19:14.377   186   186 I tc956x_pci-eth 0001: 05:00.1: wol_irq IRQ is set as 437 res->irq is 437
01-02 04:19:14.377   186   186 I tc956x_pci-eth 0001: 05:00.1: QPS615 platform probing has finished successfully
01-02 04:19:14.377   186   186 I tc956x_pci-eth 0001: 05:00.1: Locks enabled for shared resources
01-02 04:19:14.377   186   186 E         : Mac configuration file not found
01-02 04:19:14.383   186   186 I         : Using random MAC Address
01-02 04:19:14.383   186   186 I tc956x_pci-eth 0001: 05:00.1: MAC Address: b2:42:1f:8e:d4:10
01-02 04:19:14.360   895   895 D spcomlib: [spcom_send_message] SPCom send message cmd: ch_name [cryptoapp], buffer_size [16], timeout_ms [9000]
01-02 04:19:14.360   895   895 D spcomlib: [spcom_ioctl] spcom_ioctl: command ID [1076384749]
01-02 04:19:14.360   895   895 D spcomlib: [spcom_send_message] SPCom send message cmd done: ch_name[cryptoapp], ret[16]
01-02 04:19:14.360   895   895 D spcomlib: [spcom_get_message] SPCom get message cmd: ch_name [cryptoapp], buffer_size [8], timeout_ms [9000]
01-02 04:19:14.360   895   895 D spcomlib: [spcom_ioctl] spcom_ioctl: command ID [3223868400]
01-02 04:19:14.383   186   186 I tc956x_pci-eth 0001: 05:00.1: User ID: 0x76, Synopsys ID: 0x30
01-02 04:19:14.383   186   186 I tc956x_pci-eth 0001: 05:00.1: 	XGMAC2
01-02 04:19:14.383   186   186 I tc956x_pci-eth 0001: 05:00.1: 64 bit platform
01-02 04:19:14.383   186   186 I tc956x_pci-eth 0001: 05:00.1: DMA HW capability register supported
01-02 04:19:14.383   186   186 I tc956x_pci-eth 0001: 05:00.1: RX Checksum Offload Engine supported
01-02 04:19:14.383   186   186 I tc956x_pci-eth 0001: 05:00.1: COE Type 1
01-02 04:19:14.383   186   186 I tc956x_pci-eth 0001: 05:00.1: TX Checksum insertion supported
01-02 04:19:14.383   186   186 I tc956x_pci-eth 0001: 05:00.1: Wake-Up On Lan supported
01-02 04:19:14.383   186   186 I tc956x_pci-eth 0001: 05:00.1: TSO supported
01-02 04:19:14.383   186   186 I tc956x_pci-eth 0001: 05:00.1: Enable RX Mitigation via HW Watchdog Timer
01-02 04:19:14.383   186   186 I tc956x_pci-eth 0001: 05:00.1: Enabled RFS Flow TC (entries=10)
01-02 04:19:14.383   186   186 I tc956x_pci-eth 0001: 05:00.1: Enabling HW TC (entries=128, max_off=64)
01-02 04:19:14.383   186   186 I tc956x_pci-eth 0001: 05:00.1: TSO feature enabled
01-02 04:19:14.383   186   186 I tc956x_pci-eth 0001: 05:00.1: Using 40 bits DMA width
01-02 04:19:14.362   895   895 D spcomlib: [spcom_get_message] SPCom get message cmd done: ch_name[cryptoapp], message size[8]
01-02 04:19:14.362   895   895 D spcomlib: [spcom_sp_sysparam_read_ext] SP_CMD_ID_SYSPARAM_READ returned value (0xA9A3F7D8).
01-02 04:19:14.362   895   895 I spdaemon: asym_cryptoapp, v73.0.A9A3F7D8
01-02 04:19:14.363   895   895 D spcomlib: [spcom_sp_sysparam_read_ext] Issue SP_CMD_ID_SYSPARAM_READ (3).
01-02 04:19:14.363   895   895 D spcomlib: [spcom_send_message] SPCom send message cmd: ch_name [cryptoapp], buffer_size [16], timeout_ms [9000]
01-02 04:19:14.363   895   895 D spcomlib: [spcom_ioctl] spcom_ioctl: command ID [1076384749]
01-02 04:19:14.363   895   895 D spcomlib: [spcom_send_message] SPCom send message cmd done: ch_name[cryptoapp], ret[16]
01-02 04:19:14.363   895   895 D spcomlib: [spcom_get_message] SPCom get message cmd: ch_name [cryptoapp], buffer_size [8], timeout_ms [9000]
01-02 04:19:14.363   895   895 D spcomlib: [spcom_ioctl] spcom_ioctl: command ID [3223868400]
01-02 04:19:14.372   895   895 D spcomlib: [spcom_get_message] SPCom get message cmd done: ch_name[cryptoapp], message size[8]
01-02 04:19:14.372   895   895 D spcomlib: [spcom_sp_sysparam_read_ext] SP_CMD_ID_SYSPARAM_READ returned value (0x00490000).
01-02 04:19:14.372   895   895 D spcomlib: [spcom_sp_sysparam_read_ext] Issue SP_CMD_ID_SYSPARAM_READ (4).
01-02 04:19:14.372   895   895 D spcomlib: [spcom_send_message] SPCom send message cmd: ch_name [cryptoapp], buffer_size [16], timeout_ms [9000]
01-02 04:19:14.372   895   895 D spcomlib: [spcom_ioctl] spcom_ioctl: command ID [1076384749]
01-02 04:19:14.372   895   895 D spcomlib: [spcom_send_message] SPCom send message cmd done: ch_name[cryptoapp], ret[16]
01-02 04:19:14.372   895   895 D spcomlib: [spcom_get_message] SPCom get message cmd: ch_name [cryptoapp], buffer_size [8], timeout_ms [9000]
01-02 04:19:14.372   895   895 D spcomlib: [spcom_ioctl] spcom_ioctl: command ID [3223868400]
01-02 04:19:14.375   895   895 D spcomlib: [spcom_get_message] SPCom get message cmd done: ch_name[cryptoapp], message size[8]
01-02 04:19:14.375   895   895 D spcomlib: [spcom_sp_sysparam_read_ext] SP_CMD_ID_SYSPARAM_READ returned value (0xA9A3F7D8).
01-02 04:19:14.375   895   895 I spdaemon: cryptoapp, v73.0.A9A3F7D8
01-02 04:19:14.376   895   895 D spcomlib: [spcom_sp_sysparam_read_ext] Issue SP_CMD_ID_SYSPARAM_READ (3).
01-02 04:19:14.376   895   895 D spcomlib: [spcom_send_message] SPCom send message cmd: ch_name [cryptoapp], buffer_size [16], timeout_ms [9000]
01-02 04:19:14.376   895   895 D spcomlib: [spcom_ioctl] spcom_ioctl: command ID [1076384749]
01-02 04:19:14.376   895   895 D spcomlib: [spcom_send_message] SPCom send message cmd done: ch_name[cryptoapp], ret[16]
01-02 04:19:14.376   895   895 D spcomlib: [spcom_get_message] SPCom get message cmd: ch_name [cryptoapp], buffer_size [8], timeout_ms [9000]
01-02 04:19:14.376   895   895 D spcomlib: [spcom_ioctl] spcom_ioctl: command ID [3223868400]
01-02 04:19:14.382   895   895 D spcomlib: [spcom_get_message] SPCom get message cmd done: ch_name[cryptoapp], message size[8]
01-02 04:19:14.382   895   895 D spcomlib: [spcom_sp_sysparam_read_ext] SP_CMD_ID_SYSPARAM_READ returned value (0x00490000).
01-02 04:19:14.382   895   895 D spcomlib: [spcom_sp_sysparam_read_ext] Issue SP_CMD_ID_SYSPARAM_READ (4).
01-02 04:19:14.382   895   895 D spcomlib: [spcom_send_message] SPCom send message cmd: ch_name [cryptoapp], buffer_size [16], timeout_ms [9000]
01-02 04:19:14.382   895   895 D spcomlib: [spcom_ioctl] spcom_ioctl: command ID [1076384749]
01-02 04:19:14.382   895   895 D spcomlib: [spcom_send_message] SPCom send message cmd done: ch_name[cryptoapp], ret[16]
01-02 04:19:14.382   895   895 D spcomlib: [spcom_get_message] SPCom get message cmd: ch_name [cryptoapp], buffer_size [8], timeout_ms [9000]
01-02 04:19:14.382   895   895 D spcomlib: [spcom_ioctl] spcom_ioctl: command ID [3223868400]
01-02 04:19:14.392   827   827 D vold    : Mounting metadata-encrypted filesystem:/data
01-02 04:19:14.416   150   150 W ipa 3e00000.qcom,ipa: Direct firmware load for ipa_fws.b01 failed with error -2
01-02 04:19:14.416   150   150 W ipa 3e00000.qcom,ipa: Falling back to sysfs fallback for: ipa_fws.b01
01-02 04:19:14.416   827   827 I tmecom-qmp-client soc: qcom,tmecom-qmp-client: response received
01-02 04:19:14.420   901   901 W gh_secure_vm_loader soc: gh-secure-vm-loader@2: Direct firmware load for cpusys_vm.b03 failed with error -2
01-02 04:19:14.420   901   901 W gh_secure_vm_loader soc: gh-secure-vm-loader@2: Falling back to sysfs fallback for: cpusys_vm.b03
01-02 04:19:14.424   150   150 W ipa 3e00000.qcom,ipa: Direct firmware load for ipa_fws.b02 failed with error -2
01-02 04:19:14.425   150   150 W ipa 3e00000.qcom,ipa: Falling back to sysfs fallback for: ipa_fws.b02
01-02 04:19:14.432   901   901 W gh_secure_vm_loader soc: gh-secure-vm-loader@2: Direct firmware load for cpusys_vm.b01 failed with error -2
01-02 04:19:14.432   901   901 W gh_secure_vm_loader soc: gh-secure-vm-loader@2: Falling back to sysfs fallback for: cpusys_vm.b01
01-02 04:19:14.433   150   150 W ipa 3e00000.qcom,ipa: Direct firmware load for ipa_fws.b03 failed with error -2
01-02 04:19:14.433   150   150 W ipa 3e00000.qcom,ipa: Falling back to sysfs fallback for: ipa_fws.b03
01-02 04:19:14.412   827   827 I vold    : [libfs_mgr]Running /system/bin/fsck.f2fs -a -c 10000 --debug-cache /dev/block/dm-8
01-02 04:19:14.438   901   901 W gh_secure_vm_loader soc: gh-secure-vm-loader@2: Direct firmware load for cpusys_vm.b02 failed with error -2
01-02 04:19:14.438   901   901 W gh_secure_vm_loader soc: gh-secure-vm-loader@2: Falling back to sysfs fallback for: cpusys_vm.b02
01-02 04:19:14.440   150   150 I         : IPA FW loaded successfully
01-02 04:19:14.441   150   150 E gsi soc : qcom,msm_gsi: gsi_register_device:1548 GSI irq is wake enabled 290
01-02 04:19:14.470   827   827 I fsck.f2fs: Info: Fix the reported corruption.
01-02 04:19:14.470   827   827 I fsck.f2fs: Info: not exist /proc/version!
01-02 04:19:14.470   827   827 I fsck.f2fs: Info: Segments per section = 1
01-02 04:19:14.470   827   827 I fsck.f2fs: Info: Sections per zone = 1
01-02 04:19:14.470   827   827 I fsck.f2fs: Info: sector size = 4096
01-02 04:19:14.470   827   827 I fsck.f2fs: Info: total sectors = 54498771 (212885 MB)
01-02 04:19:14.471   827   827 I fsck.f2fs: Info: MKFS version
01-02 04:19:14.471   827   827 I fsck.f2fs: "6.8.0-49-generic"
01-02 04:19:14.471   827   827 I fsck.f2fs: Info: FSCK version
01-02 04:19:14.471   827   827 I fsck.f2fs: from "5.15.151-qki-consolidate-android13-8-g8df56b14d1e7"
01-02 04:19:14.474   643   643 I gunyah  : VM: 50 status 2 complete
01-02 04:19:14.474   901   901 I gh_proxy_sched: Skip populating VCPU affinity info for VM=50
01-02 04:19:14.474   901   901 I gh_proxy_sched: Skip populating VCPU affinity info for VM=50
01-02 04:19:14.474   901   901 I gh_proxy_sched: Skip populating VCPU affinity info for VM=50
01-02 04:19:14.474   901   901 I gh_proxy_sched: Skip populating VCPU affinity info for VM=50
01-02 04:19:14.474   901   901 I gh_proxy_sched: Skip populating VCPU affinity info for VM=50
01-02 04:19:14.474   901   901 I gh_proxy_sched: Skip populating VCPU affinity info for VM=50
01-02 04:19:14.474   901   901 I gh_proxy_sched: Skip populating VCPU affinity info for VM=50
01-02 04:19:14.474   901   901 I gh_proxy_sched: Skip populating VCPU affinity info for VM=50
01-02 04:19:14.474   901   901 I gh_proxy_sched: Proxy Scheduling isn't supported for VM=50
01-02 04:19:14.479   959   959 I gunyah  : VM:50 started running
01-02 04:19:14.482   150   150 E ipa_init_teth_stats: 894 prod 1 doesn't have cons
01-02 04:19:14.483   827   827 I F2FS-fs (dm-8): Using encoding defined by superblock: utf8-12.1.0 with flags 0x0
01-02 04:19:14.489   150   150 E ipa_hw_stats_init: 434 init teth stats fails
01-02 04:19:14.489   150   150 E ipa3_post_init: 8239 fail to init stats -22
01-02 04:19:14.503   150   150 E ipa3_register_rmnet_ctl_cb: 137 low lat pipes are not supported
01-02 04:19:14.503   150   150 E rmnet_ctl_ipa_ready: -6
01-02 04:19:14.511   827   827 I F2FS-fs (dm-8): Mounted with checkpoint version = 4f63fa34
